Archive member included to satisfy reference by file (symbol)

c:/st/stm32cubeide_1.3.0/stm32cubeide/plugins/com.st.stm32cube.ide.mcu.externaltools.gnu-tools-for-stm32.7-2018-q2-update.win32_1.0.0.201904181610/tools/bin/../lib/gcc/arm-none-eabi/7.3.1/../../../../arm-none-eabi/lib/thumb/v7-m\libstdc++_nano.a(del_ops.o)
                              Core/Src/nmea_parser.o (operator delete(void*, unsigned int))
c:/st/stm32cubeide_1.3.0/stm32cubeide/plugins/com.st.stm32cube.ide.mcu.externaltools.gnu-tools-for-stm32.7-2018-q2-update.win32_1.0.0.201904181610/tools/bin/../lib/gcc/arm-none-eabi/7.3.1/../../../../arm-none-eabi/lib/thumb/v7-m\libstdc++_nano.a(del_op.o)
                              c:/st/stm32cubeide_1.3.0/stm32cubeide/plugins/com.st.stm32cube.ide.mcu.externaltools.gnu-tools-for-stm32.7-2018-q2-update.win32_1.0.0.201904181610/tools/bin/../lib/gcc/arm-none-eabi/7.3.1/../../../../arm-none-eabi/lib/thumb/v7-m\libstdc++_nano.a(del_ops.o) (operator delete(void*))
c:/st/stm32cubeide_1.3.0/stm32cubeide/plugins/com.st.stm32cube.ide.mcu.externaltools.gnu-tools-for-stm32.7-2018-q2-update.win32_1.0.0.201904181610/tools/bin/../lib/gcc/arm-none-eabi/7.3.1/../../../../arm-none-eabi/lib/thumb/v7-m\libc_nano.a(lib_a-errno.o)
                              Core/Src/syscalls.o (__errno)
c:/st/stm32cubeide_1.3.0/stm32cubeide/plugins/com.st.stm32cube.ide.mcu.externaltools.gnu-tools-for-stm32.7-2018-q2-update.win32_1.0.0.201904181610/tools/bin/../lib/gcc/arm-none-eabi/7.3.1/../../../../arm-none-eabi/lib/thumb/v7-m\libc_nano.a(lib_a-exit.o)
                              c:/st/stm32cubeide_1.3.0/stm32cubeide/plugins/com.st.stm32cube.ide.mcu.externaltools.gnu-tools-for-stm32.7-2018-q2-update.win32_1.0.0.201904181610/tools/bin/../lib/gcc/arm-none-eabi/7.3.1/../../../../arm-none-eabi/lib/thumb/v7-m/crt0.o (exit)
c:/st/stm32cubeide_1.3.0/stm32cubeide/plugins/com.st.stm32cube.ide.mcu.externaltools.gnu-tools-for-stm32.7-2018-q2-update.win32_1.0.0.201904181610/tools/bin/../lib/gcc/arm-none-eabi/7.3.1/../../../../arm-none-eabi/lib/thumb/v7-m\libc_nano.a(lib_a-impure.o)
                              c:/st/stm32cubeide_1.3.0/stm32cubeide/plugins/com.st.stm32cube.ide.mcu.externaltools.gnu-tools-for-stm32.7-2018-q2-update.win32_1.0.0.201904181610/tools/bin/../lib/gcc/arm-none-eabi/7.3.1/../../../../arm-none-eabi/lib/thumb/v7-m\libc_nano.a(lib_a-exit.o) (_global_impure_ptr)
c:/st/stm32cubeide_1.3.0/stm32cubeide/plugins/com.st.stm32cube.ide.mcu.externaltools.gnu-tools-for-stm32.7-2018-q2-update.win32_1.0.0.201904181610/tools/bin/../lib/gcc/arm-none-eabi/7.3.1/../../../../arm-none-eabi/lib/thumb/v7-m\libc_nano.a(lib_a-init.o)
                              c:/st/stm32cubeide_1.3.0/stm32cubeide/plugins/com.st.stm32cube.ide.mcu.externaltools.gnu-tools-for-stm32.7-2018-q2-update.win32_1.0.0.201904181610/tools/bin/../lib/gcc/arm-none-eabi/7.3.1/../../../../arm-none-eabi/lib/thumb/v7-m/crt0.o (__libc_init_array)
c:/st/stm32cubeide_1.3.0/stm32cubeide/plugins/com.st.stm32cube.ide.mcu.externaltools.gnu-tools-for-stm32.7-2018-q2-update.win32_1.0.0.201904181610/tools/bin/../lib/gcc/arm-none-eabi/7.3.1/../../../../arm-none-eabi/lib/thumb/v7-m\libc_nano.a(lib_a-malloc.o)
                              c:/st/stm32cubeide_1.3.0/stm32cubeide/plugins/com.st.stm32cube.ide.mcu.externaltools.gnu-tools-for-stm32.7-2018-q2-update.win32_1.0.0.201904181610/tools/bin/../lib/gcc/arm-none-eabi/7.3.1/../../../../arm-none-eabi/lib/thumb/v7-m\libstdc++_nano.a(del_op.o) (free)
c:/st/stm32cubeide_1.3.0/stm32cubeide/plugins/com.st.stm32cube.ide.mcu.externaltools.gnu-tools-for-stm32.7-2018-q2-update.win32_1.0.0.201904181610/tools/bin/../lib/gcc/arm-none-eabi/7.3.1/../../../../arm-none-eabi/lib/thumb/v7-m\libc_nano.a(lib_a-memcpy-stub.o)
                              Middlewares/Third_Party/FreeRTOS/Source/CMSIS_RTOS_V2/cmsis_os2.o (memcpy)
c:/st/stm32cubeide_1.3.0/stm32cubeide/plugins/com.st.stm32cube.ide.mcu.externaltools.gnu-tools-for-stm32.7-2018-q2-update.win32_1.0.0.201904181610/tools/bin/../lib/gcc/arm-none-eabi/7.3.1/../../../../arm-none-eabi/lib/thumb/v7-m\libc_nano.a(lib_a-memset.o)
                              c:/st/stm32cubeide_1.3.0/stm32cubeide/plugins/com.st.stm32cube.ide.mcu.externaltools.gnu-tools-for-stm32.7-2018-q2-update.win32_1.0.0.201904181610/tools/bin/../lib/gcc/arm-none-eabi/7.3.1/../../../../arm-none-eabi/lib/thumb/v7-m/crt0.o (memset)
c:/st/stm32cubeide_1.3.0/stm32cubeide/plugins/com.st.stm32cube.ide.mcu.externaltools.gnu-tools-for-stm32.7-2018-q2-update.win32_1.0.0.201904181610/tools/bin/../lib/gcc/arm-none-eabi/7.3.1/../../../../arm-none-eabi/lib/thumb/v7-m\libc_nano.a(lib_a-nano-freer.o)
                              c:/st/stm32cubeide_1.3.0/stm32cubeide/plugins/com.st.stm32cube.ide.mcu.externaltools.gnu-tools-for-stm32.7-2018-q2-update.win32_1.0.0.201904181610/tools/bin/../lib/gcc/arm-none-eabi/7.3.1/../../../../arm-none-eabi/lib/thumb/v7-m\libc_nano.a(lib_a-malloc.o) (_free_r)
[...]
Memory Configuration

Name             Origin             Length             Attributes
RAM              0x0000000020000000 0x0000000000005000 xrw
FLASH            0x0000000008000000 0x0000000000010000 xr
*default*        0x0000000000000000 0xffffffffffffffff

Linker script and memory map

LOAD c:/st/stm32cubeide_1.3.0/stm32cubeide/plugins/com.st.stm32cube.ide.mcu.externaltools.gnu-tools-for-stm32.7-2018-q2-update.win32_1.0.0.201904181610/tools/bin/../lib/gcc/arm-none-eabi/7.3.1/thumb/v7-m/crti.o
LOAD c:/st/stm32cubeide_1.3.0/stm32cubeide/plugins/com.st.stm32cube.ide.mcu.externaltools.gnu-tools-for-stm32.7-2018-q2-update.win32_1.0.0.201904181610/tools/bin/../lib/gcc/arm-none-eabi/7.3.1/thumb/v7-m/crtbegin.o
LOAD c:/st/stm32cubeide_1.3.0/stm32cubeide/plugins/com.st.stm32cube.ide.mcu.externaltools.gnu-tools-for-stm32.7-2018-q2-update.win32_1.0.0.201904181610/tools/bin/../lib/gcc/arm-none-eabi/7.3.1/../../../../arm-none-eabi/lib/thumb/v7-m/crt0.o
LOAD Core/Src/Buzzer.o
LOAD Core/Src/accelerometer.o
LOAD Core/Src/fonts.o
LOAD Core/Src/freertos.o
LOAD Core/Src/keyboard.o
LOAD Core/Src/main.o
LOAD Core/Src/nmea_parser.o
LOAD Core/Src/ssd1306.o
LOAD Core/Src/stm32f1xx_hal_msp.o
LOAD Core/Src/stm32f1xx_it.o
LOAD Core/Src/syscalls.o
LOAD Core/Src/sysmem.o
LOAD Core/Src/system_stm32f1xx.o
LOAD Core/Startup/startup_stm32f103c8tx.o
LOAD Drivers/STM32F1xx_HAL_Driver/Src/stm32f1xx_hal.o
LOAD Drivers/STM32F1xx_HAL_Driver/Src/stm32f1xx_hal_cortex.o
LOAD Drivers/STM32F1xx_HAL_Driver/Src/stm32f1xx_hal_dma.o
LOAD Drivers/STM32F1xx_HAL_Driver/Src/stm32f1xx_hal_exti.o
LOAD Drivers/STM32F1xx_HAL_Driver/Src/stm32f1xx_hal_flash.o
LOAD Drivers/STM32F1xx_HAL_Driver/Src/stm32f1xx_hal_flash_ex.o
LOAD Drivers/STM32F1xx_HAL_Driver/Src/stm32f1xx_hal_gpio.o
LOAD Drivers/STM32F1xx_HAL_Driver/Src/stm32f1xx_hal_gpio_ex.o
LOAD Drivers/STM32F1xx_HAL_Driver/Src/stm32f1xx_hal_i2c.o
LOAD Drivers/STM32F1xx_HAL_Driver/Src/stm32f1xx_hal_pcd.o
LOAD Drivers/STM32F1xx_HAL_Driver/Src/stm32f1xx_hal_pcd_ex.o
LOAD Drivers/STM32F1xx_HAL_Driver/Src/stm32f1xx_hal_pwr.o
LOAD Drivers/STM32F1xx_HAL_Driver/Src/stm32f1xx_hal_rcc.o
LOAD Drivers/STM32F1xx_HAL_Driver/Src/stm32f1xx_hal_rcc_ex.o
LOAD Drivers/STM32F1xx_HAL_Driver/Src/stm32f1xx_hal_spi.o
LOAD Drivers/STM32F1xx_HAL_Driver/Src/stm32f1xx_hal_tim.o
LOAD Drivers/STM32F1xx_HAL_Driver/Src/stm32f1xx_hal_tim_ex.o
LOAD Drivers/STM32F1xx_HAL_Driver/Src/stm32f1xx_hal_uart.o
LOAD Drivers/STM32F1xx_HAL_Driver/Src/stm32f1xx_ll_usb.o
LOAD FATFS/App/fatfs.o
LOAD FATFS/Target/user_diskio.o
LOAD Middlewares/ST/STM32_USB_Device_Library/Class/CDC/Src/usbd_cdc.o
LOAD Middlewares/ST/STM32_USB_Device_Library/Core/Src/usbd_core.o
LOAD Middlewares/ST/STM32_USB_Device_Library/Core/Src/usbd_ctlreq.o
LOAD Middlewares/ST/STM32_USB_Device_Library/Core/Src/usbd_ioreq.o
LOAD Middlewares/Third_Party/FatFs/src/diskio.o
LOAD Middlewares/Third_Party/FatFs/src/ff.o
LOAD Middlewares/Third_Party/FatFs/src/ff_gen_drv.o
LOAD Middlewares/Third_Party/FatFs/src/option/syscall.o
LOAD Middlewares/Third_Party/FreeRTOS/Source/CMSIS_RTOS_V2/cmsis_os2.o
LOAD Middlewares/Third_Party/FreeRTOS/Source/croutine.o
LOAD Middlewares/Third_Party/FreeRTOS/Source/event_groups.o
LOAD Middlewares/Third_Party/FreeRTOS/Source/list.o
LOAD Middlewares/Third_Party/FreeRTOS/Source/queue.o
LOAD Middlewares/Third_Party/FreeRTOS/Source/stream_buffer.o
LOAD Middlewares/Third_Party/FreeRTOS/Source/tasks.o
LOAD Middlewares/Third_Party/FreeRTOS/Source/timers.o
LOAD Middlewares/Third_Party/FreeRTOS/Source/portable/GCC/ARM_CM3/port.o
LOAD Middlewares/Third_Party/FreeRTOS/Source/portable/MemMang/heap_4.o
LOAD USB_DEVICE/App/usb_device.o
LOAD USB_DEVICE/App/usbd_cdc_if.o
LOAD USB_DEVICE/App/usbd_desc.o
LOAD USB_DEVICE/Target/usbd_conf.o
START GROUP
LOAD c:/st/stm32cubeide_1.3.0/stm32cubeide/plugins/com.st.stm32cube.ide.mcu.externaltools.gnu-tools-for-stm32.7-2018-q2-update.win32_1.0.0.201904181610/tools/bin/../lib/gcc/arm-none-eabi/7.3.1/../../../../arm-none-eabi/lib/thumb/v7-m\libstdc++_nano.a
LOAD c:/st/stm32cubeide_1.3.0/stm32cubeide/plugins/com.st.stm32cube.ide.mcu.externaltools.gnu-tools-for-stm32.7-2018-q2-update.win32_1.0.0.201904181610/tools/bin/../lib/gcc/arm-none-eabi/7.3.1/../../../../arm-none-eabi/lib/thumb/v7-m\libsupc++_nano.a
END GROUP
LOAD c:/st/stm32cubeide_1.3.0/stm32cubeide/plugins/com.st.stm32cube.ide.mcu.externaltools.gnu-tools-for-stm32.7-2018-q2-update.win32_1.0.0.201904181610/tools/bin/../lib/gcc/arm-none-eabi/7.3.1/../../../../arm-none-eabi/lib/thumb/v7-m\libstdc++_nano.a
LOAD c:/st/stm32cubeide_1.3.0/stm32cubeide/plugins/com.st.stm32cube.ide.mcu.externaltools.gnu-tools-for-stm32.7-2018-q2-update.win32_1.0.0.201904181610/tools/bin/../lib/gcc/arm-none-eabi/7.3.1/../../../../arm-none-eabi/lib/thumb/v7-m\libm.a
LOAD c:/st/stm32cubeide_1.3.0/stm32cubeide/plugins/com.st.stm32cube.ide.mcu.externaltools.gnu-tools-for-stm32.7-2018-q2-update.win32_1.0.0.201904181610/tools/bin/../lib/gcc/arm-none-eabi/7.3.1/../../../../arm-none-eabi/lib/thumb/v7-m\libc_nano.a
START GROUP
LOAD c:/st/stm32cubeide_1.3.0/stm32cubeide/plugins/com.st.stm32cube.ide.mcu.externaltools.gnu-tools-for-stm32.7-2018-q2-update.win32_1.0.0.201904181610/tools/bin/../lib/gcc/arm-none-eabi/7.3.1/thumb/v7-m\libgcc.a
LOAD c:/st/stm32cubeide_1.3.0/stm32cubeide/plugins/com.st.stm32cube.ide.mcu.externaltools.gnu-tools-for-stm32.7-2018-q2-update.win32_1.0.0.201904181610/tools/bin/../lib/gcc/arm-none-eabi/7.3.1/../../../../arm-none-eabi/lib/thumb/v7-m\libc_nano.a
END GROUP
START GROUP
LOAD c:/st/stm32cubeide_1.3.0/stm32cubeide/plugins/com.st.stm32cube.ide.mcu.externaltools.gnu-tools-for-stm32.7-2018-q2-update.win32_1.0.0.201904181610/tools/bin/../lib/gcc/arm-none-eabi/7.3.1/thumb/v7-m\libgcc.a
LOAD c:/st/stm32cubeide_1.3.0/stm32cubeide/plugins/com.st.stm32cube.ide.mcu.externaltools.gnu-tools-for-stm32.7-2018-q2-update.win32_1.0.0.201904181610/tools/bin/../lib/gcc/arm-none-eabi/7.3.1/../../../../arm-none-eabi/lib/thumb/v7-m\libc_nano.a
LOAD c:/st/stm32cubeide_1.3.0/stm32cubeide/plugins/com.st.stm32cube.ide.mcu.externaltools.gnu-tools-for-stm32.7-2018-q2-update.win32_1.0.0.201904181610/tools/bin/../lib/gcc/arm-none-eabi/7.3.1/../../../../arm-none-eabi/lib/thumb/v7-m\libnosys.a
END GROUP
START GROUP
LOAD c:/st/stm32cubeide_1.3.0/stm32cubeide/plugins/com.st.stm32cube.ide.mcu.externaltools.gnu-tools-for-stm32.7-2018-q2-update.win32_1.0.0.201904181610/tools/bin/../lib/gcc/arm-none-eabi/7.3.1/thumb/v7-m\libgcc.a
LOAD c:/st/stm32cubeide_1.3.0/stm32cubeide/plugins/com.st.stm32cube.ide.mcu.externaltools.gnu-tools-for-stm32.7-2018-q2-update.win32_1.0.0.201904181610/tools/bin/../lib/gcc/arm-none-eabi/7.3.1/../../../../arm-none-eabi/lib/thumb/v7-m\libc_nano.a
LOAD c:/st/stm32cubeide_1.3.0/stm32cubeide/plugins/com.st.stm32cube.ide.mcu.externaltools.gnu-tools-for-stm32.7-2018-q2-update.win32_1.0.0.201904181610/tools/bin/../lib/gcc/arm-none-eabi/7.3.1/../../../../arm-none-eabi/lib/thumb/v7-m\libnosys.a
END GROUP
LOAD c:/st/stm32cubeide_1.3.0/stm32cubeide/plugins/com.st.stm32cube.ide.mcu.externaltools.gnu-tools-for-stm32.7-2018-q2-update.win32_1.0.0.201904181610/tools/bin/../lib/gcc/arm-none-eabi/7.3.1/thumb/v7-m/crtend.o
LOAD c:/st/stm32cubeide_1.3.0/stm32cubeide/plugins/com.st.stm32cube.ide.mcu.externaltools.gnu-tools-for-stm32.7-2018-q2-update.win32_1.0.0.201904181610/tools/bin/../lib/gcc/arm-none-eabi/7.3.1/thumb/v7-m/crtn.o
                0x0000000020005000                _estack = (ORIGIN (RAM) + LENGTH (RAM))
                0x0000000000000200                _Min_Heap_Size = 0x200
                0x0000000000000400                _Min_Stack_Size = 0x400

.isr_vector     0x0000000008000000      0x10c
                0x0000000008000000                . = ALIGN (0x4)
 *(.isr_vector)
 .isr_vector    0x0000000008000000      0x10c Core/Startup/startup_stm32f103c8tx.o
                0x0000000008000000                g_pfnVectors
                0x000000000800010c                . = ALIGN (0x4)

.text           0x0000000008000110     0x5928
                0x0000000008000110                . = ALIGN (0x4)
 *(.text)
 .text          0x0000000008000110       0x40 c:/st/stm32cubeide_1.3.0/stm32cubeide/plugins/com.st.stm32cube.ide.mcu.externaltools.gnu-tools-for-stm32.7-2018-q2-update.win32_1.0.0.201904181610/tools/bin/../lib/gcc/arm-none-eabi/7.3.1/thumb/v7-m/crtbegin.o
 *(.text*)
 .text.BuzzerSetFreq
                0x0000000008000150       0x18 Core/Src/Buzzer.o
                0x0000000008000150                BuzzerSetFreq
 .text.BuzzerSetVolume
                0x0000000008000168        0xe Core/Src/Buzzer.o
                0x0000000008000168                BuzzerSetVolume
 *fill*         0x0000000008000176        0x2 
 .text.StartDefaultTask
                0x0000000008000178      0x104 Core/Src/main.o
                0x0000000008000178                StartDefaultTask
 .text.StartDysplayTask
                0x000000000800027c        0xa Core/Src/main.o
                0x000000000800027c                StartDysplayTask
 *fill*         0x0000000008000286        0x2 
 .text.StartBuzzerTask
                0x0000000008000288       0x3c Core/Src/main.o
                0x0000000008000288                StartBuzzerTask
 .text.StartKeyboardTask
                0x00000000080002c4      0x1d4 Core/Src/main.o
                0x00000000080002c4                StartKeyboardTask
 .text.SystemClock_Config
                0x0000000008000498       0x72 Core/Src/main.o
                0x0000000008000498                SystemClock_Config
 *fill*         0x000000000800050a        0x2 
 .text.startup.main
                0x000000000800050c      0x2b0 Core/Src/main.o
                0x000000000800050c                main
 .text.Error_Handler
                0x00000000080007bc        0x2 Core/Src/main.o
                0x00000000080007bc                Error_Handler
 *fill*         0x00000000080007be        0x2 
 .text.ssd1306_WriteCommand
                0x00000000080007c0       0x28 Core/Src/ssd1306.o
 .text.ssd1306_Fill
                0x00000000080007e8       0x1c Core/Src/ssd1306.o
                0x00000000080007e8                ssd1306_Fill
 .text.ssd1306_UpdateScreen
                0x0000000008000804       0x4c Core/Src/ssd1306.o
                0x0000000008000804                ssd1306_UpdateScreen
 .text.ssd1306_Init
                0x0000000008000850       0xcc Core/Src/ssd1306.o
                0x0000000008000850                ssd1306_Init
 .text.ssd1306_DrawPixel
                0x000000000800091c       0x40 Core/Src/ssd1306.o
                0x000000000800091c                ssd1306_DrawPixel
 .text.ssd1306_WriteChar
                0x000000000800095c       0x9c Core/Src/ssd1306.o
                0x000000000800095c                ssd1306_WriteChar
 .text.ssd1306_WriteString
                0x00000000080009f8       0x2a Core/Src/ssd1306.o
                0x00000000080009f8                ssd1306_WriteString
 *fill*         0x0000000008000a22        0x2 
 .text.ssd1306_SetCursor
                0x0000000008000a24        0xc Core/Src/ssd1306.o
                0x0000000008000a24                ssd1306_SetCursor
 .text.HAL_MspInit
                0x0000000008000a30       0x50 Core/Src/stm32f1xx_hal_msp.o
                0x0000000008000a30                HAL_MspInit
 .text.HAL_I2C_MspInit
                0x0000000008000a80       0x78 Core/Src/stm32f1xx_hal_msp.o
                0x0000000008000a80                HAL_I2C_MspInit
 .text.HAL_SPI_MspInit
                0x0000000008000af8       0x78 Core/Src/stm32f1xx_hal_msp.o
                0x0000000008000af8                HAL_SPI_MspInit
 .text.HAL_TIM_PWM_MspInit
                0x0000000008000b70       0x24 Core/Src/stm32f1xx_hal_msp.o
                0x0000000008000b70                HAL_TIM_PWM_MspInit
 .text.HAL_TIM_MspPostInit
                0x0000000008000b94       0x48 Core/Src/stm32f1xx_hal_msp.o
                0x0000000008000b94                HAL_TIM_MspPostInit
 .text.HAL_UART_MspInit
                0x0000000008000bdc       0xd8 Core/Src/stm32f1xx_hal_msp.o
                0x0000000008000bdc                HAL_UART_MspInit
 .text.NMI_Handler
                0x0000000008000cb4        0x2 Core/Src/stm32f1xx_it.o
                0x0000000008000cb4                NMI_Handler
 .text.HardFault_Handler
                0x0000000008000cb6        0x2 Core/Src/stm32f1xx_it.o
                0x0000000008000cb6                HardFault_Handler
 .text.MemManage_Handler
                0x0000000008000cb8        0x2 Core/Src/stm32f1xx_it.o
                0x0000000008000cb8                MemManage_Handler
 .text.BusFault_Handler
                0x0000000008000cba        0x2 Core/Src/stm32f1xx_it.o
                0x0000000008000cba                BusFault_Handler
 .text.UsageFault_Handler
                0x0000000008000cbc        0x2 Core/Src/stm32f1xx_it.o
                0x0000000008000cbc                UsageFault_Handler
 .text.DebugMon_Handler
                0x0000000008000cbe        0x2 Core/Src/stm32f1xx_it.o
                0x0000000008000cbe                DebugMon_Handler
 .text.SysTick_Handler
                0x0000000008000cc0       0x18 Core/Src/stm32f1xx_it.o
                0x0000000008000cc0                SysTick_Handler
 .text.USB_LP_CAN1_RX0_IRQHandler
                0x0000000008000cd8        0xc Core/Src/stm32f1xx_it.o
                0x0000000008000cd8                USB_LP_CAN1_RX0_IRQHandler
 .text.SystemInit
                0x0000000008000ce4       0x4c Core/Src/system_stm32f1xx.o
                0x0000000008000ce4                SystemInit
 .text.Reset_Handler
                0x0000000008000d30       0x48 Core/Startup/startup_stm32f103c8tx.o
                0x0000000008000d30                Reset_Handler
 .text.Default_Handler
                0x0000000008000d78        0x2 Core/Startup/startup_stm32f103c8tx.o
                0x0000000008000d78                RTC_Alarm_IRQHandler
                0x0000000008000d78                EXTI2_IRQHandler
                0x0000000008000d78                TIM1_CC_IRQHandler
                0x0000000008000d78                PVD_IRQHandler
                0x0000000008000d78                EXTI3_IRQHandler
                0x0000000008000d78                EXTI0_IRQHandler
                0x0000000008000d78                I2C2_EV_IRQHandler
                0x0000000008000d78                ADC1_2_IRQHandler
                0x0000000008000d78                SPI1_IRQHandler
                0x0000000008000d78                TAMPER_IRQHandler
                0x0000000008000d78                DMA1_Channel4_IRQHandler
                0x0000000008000d78                USART3_IRQHandler
                0x0000000008000d78                RTC_IRQHandler
                0x0000000008000d78                DMA1_Channel7_IRQHandler
                0x0000000008000d78                CAN1_RX1_IRQHandler
                0x0000000008000d78                TIM4_IRQHandler
                0x0000000008000d78                I2C1_EV_IRQHandler
                0x0000000008000d78                DMA1_Channel6_IRQHandler
                0x0000000008000d78                TIM3_IRQHandler
                0x0000000008000d78                RCC_IRQHandler
                0x0000000008000d78                TIM1_TRG_COM_IRQHandler
                0x0000000008000d78                DMA1_Channel1_IRQHandler
                0x0000000008000d78                Default_Handler
                0x0000000008000d78                EXTI15_10_IRQHandler
                0x0000000008000d78                EXTI9_5_IRQHandler
                0x0000000008000d78                SPI2_IRQHandler
                0x0000000008000d78                DMA1_Channel5_IRQHandler
                0x0000000008000d78                EXTI4_IRQHandler
                0x0000000008000d78                USB_HP_CAN1_TX_IRQHandler
                0x0000000008000d78                DMA1_Channel3_IRQHandler
                0x0000000008000d78                TIM1_UP_IRQHandler
                0x0000000008000d78                WWDG_IRQHandler
                0x0000000008000d78                TIM2_IRQHandler
                0x0000000008000d78                TIM1_BRK_IRQHandler
                0x0000000008000d78                EXTI1_IRQHandler
                0x0000000008000d78                USART2_IRQHandler
                0x0000000008000d78                I2C2_ER_IRQHandler
                0x0000000008000d78                DMA1_Channel2_IRQHandler
                0x0000000008000d78                CAN1_SCE_IRQHandler
                0x0000000008000d78                FLASH_IRQHandler
                0x0000000008000d78                USART1_IRQHandler
                0x0000000008000d78                I2C1_ER_IRQHandler
                0x0000000008000d78                USBWakeUp_IRQHandler
 *fill*         0x0000000008000d7a        0x2 
 .text.HAL_InitTick
                0x0000000008000d7c       0x48 Drivers/STM32F1xx_HAL_Driver/Src/stm32f1xx_hal.o
                0x0000000008000d7c                HAL_InitTick
 .text.HAL_Init
                0x0000000008000dc4       0x24 Drivers/STM32F1xx_HAL_Driver/Src/stm32f1xx_hal.o
                0x0000000008000dc4                HAL_Init
 .text.HAL_IncTick
                0x0000000008000de8       0x18 Drivers/STM32F1xx_HAL_Driver/Src/stm32f1xx_hal.o
                0x0000000008000de8                HAL_IncTick
 .text.HAL_GetTick
                0x0000000008000e00        0xc Drivers/STM32F1xx_HAL_Driver/Src/stm32f1xx_hal.o
                0x0000000008000e00                HAL_GetTick
 .text.HAL_Delay
                0x0000000008000e0c       0x24 Drivers/STM32F1xx_HAL_Driver/Src/stm32f1xx_hal.o
                0x0000000008000e0c                HAL_Delay
 .text.HAL_NVIC_SetPriorityGrouping
                0x0000000008000e30       0x24 Drivers/STM32F1xx_HAL_Driver/Src/stm32f1xx_hal_cortex.o
                0x0000000008000e30                HAL_NVIC_SetPriorityGrouping
 .text.HAL_NVIC_SetPriority
                0x0000000008000e54       0x68 Drivers/STM32F1xx_HAL_Driver/Src/stm32f1xx_hal_cortex.o
                0x0000000008000e54                HAL_NVIC_SetPriority
 .text.HAL_NVIC_EnableIRQ
                0x0000000008000ebc       0x1c Drivers/STM32F1xx_HAL_Driver/Src/stm32f1xx_hal_cortex.o
                0x0000000008000ebc                HAL_NVIC_EnableIRQ
 .text.HAL_SYSTICK_Config
                0x0000000008000ed8       0x2c Drivers/STM32F1xx_HAL_Driver/Src/stm32f1xx_hal_cortex.o
                0x0000000008000ed8                HAL_SYSTICK_Config
 .text.HAL_GPIO_Init
                0x0000000008000f04      0x1c0 Drivers/STM32F1xx_HAL_Driver/Src/stm32f1xx_hal_gpio.o
                0x0000000008000f04                HAL_GPIO_Init
 .text.HAL_GPIO_ReadPin
                0x00000000080010c4        0xc Drivers/STM32F1xx_HAL_Driver/Src/stm32f1xx_hal_gpio.o
                0x00000000080010c4                HAL_GPIO_ReadPin
 .text.HAL_GPIO_WritePin
                0x00000000080010d0        0xa Drivers/STM32F1xx_HAL_Driver/Src/stm32f1xx_hal_gpio.o
                0x00000000080010d0                HAL_GPIO_WritePin
 .text.I2C_IsAcknowledgeFailed
                0x00000000080010da       0x32 Drivers/STM32F1xx_HAL_Driver/Src/stm32f1xx_hal_i2c.o
 .text.I2C_WaitOnMasterAddressFlagUntilTimeout
                0x000000000800110c       0x74 Drivers/STM32F1xx_HAL_Driver/Src/stm32f1xx_hal_i2c.o
 .text.I2C_WaitOnBTFFlagUntilTimeout
                0x0000000008001180       0x4c Drivers/STM32F1xx_HAL_Driver/Src/stm32f1xx_hal_i2c.o
 .text.I2C_WaitOnFlagUntilTimeout
                0x00000000080011cc       0x62 Drivers/STM32F1xx_HAL_Driver/Src/stm32f1xx_hal_i2c.o
 .text.I2C_WaitOnTXEFlagUntilTimeout
                0x000000000800122e       0x4c Drivers/STM32F1xx_HAL_Driver/Src/stm32f1xx_hal_i2c.o
 *fill*         0x000000000800127a        0x2 
 .text.I2C_RequestMemoryWrite
                0x000000000800127c       0x9c Drivers/STM32F1xx_HAL_Driver/Src/stm32f1xx_hal_i2c.o
 .text.HAL_I2C_Init
                0x0000000008001318      0x148 Drivers/STM32F1xx_HAL_Driver/Src/stm32f1xx_hal_i2c.o
                0x0000000008001318                HAL_I2C_Init
 .text.HAL_I2C_Mem_Write
                0x0000000008001460      0x120 Drivers/STM32F1xx_HAL_Driver/Src/stm32f1xx_hal_i2c.o
                0x0000000008001460                HAL_I2C_Mem_Write
 .text.HAL_PCD_Init
                0x0000000008001580       0xea Drivers/STM32F1xx_HAL_Driver/Src/stm32f1xx_hal_pcd.o
                0x0000000008001580                HAL_PCD_Init
 .text.HAL_PCD_Start
                0x000000000800166a       0x2e Drivers/STM32F1xx_HAL_Driver/Src/stm32f1xx_hal_pcd.o
                0x000000000800166a                HAL_PCD_Start
 .text.HAL_PCD_SetAddress
                0x0000000008001698       0x28 Drivers/STM32F1xx_HAL_Driver/Src/stm32f1xx_hal_pcd.o
                0x0000000008001698                HAL_PCD_SetAddress
 .text.HAL_PCD_EP_Open
                0x00000000080016c0       0x66 Drivers/STM32F1xx_HAL_Driver/Src/stm32f1xx_hal_pcd.o
                0x00000000080016c0                HAL_PCD_EP_Open
 .text.HAL_PCD_EP_Close
                0x0000000008001726       0x52 Drivers/STM32F1xx_HAL_Driver/Src/stm32f1xx_hal_pcd.o
                0x0000000008001726                HAL_PCD_EP_Close
 .text.HAL_PCD_EP_Receive
                0x0000000008001778       0x30 Drivers/STM32F1xx_HAL_Driver/Src/stm32f1xx_hal_pcd.o
                0x0000000008001778                HAL_PCD_EP_Receive
 .text.HAL_PCD_EP_GetRxCount
                0x00000000080017a8        0xe Drivers/STM32F1xx_HAL_Driver/Src/stm32f1xx_hal_pcd.o
                0x00000000080017a8                HAL_PCD_EP_GetRxCount
 .text.HAL_PCD_EP_Transmit
                0x00000000080017b6       0x2c Drivers/STM32F1xx_HAL_Driver/Src/stm32f1xx_hal_pcd.o
                0x00000000080017b6                HAL_PCD_EP_Transmit
 *fill*         0x00000000080017e2        0x2 
 .text.HAL_PCD_IRQHandler
                0x00000000080017e4      0x42c Drivers/STM32F1xx_HAL_Driver/Src/stm32f1xx_hal_pcd.o
                0x00000000080017e4                HAL_PCD_IRQHandler
 .text.HAL_PCD_EP_SetStall
                0x0000000008001c10       0x68 Drivers/STM32F1xx_HAL_Driver/Src/stm32f1xx_hal_pcd.o
                0x0000000008001c10                HAL_PCD_EP_SetStall
 .text.HAL_PCD_EP_ClrStall
                0x0000000008001c78       0x66 Drivers/STM32F1xx_HAL_Driver/Src/stm32f1xx_hal_pcd.o
                0x0000000008001c78                HAL_PCD_EP_ClrStall
 .text.HAL_PCDEx_PMAConfig
                0x0000000008001cde       0x32 Drivers/STM32F1xx_HAL_Driver/Src/stm32f1xx_hal_pcd_ex.o
                0x0000000008001cde                HAL_PCDEx_PMAConfig
 .text.HAL_RCC_OscConfig
                0x0000000008001d10      0x33c Drivers/STM32F1xx_HAL_Driver/Src/stm32f1xx_hal_rcc.o
                0x0000000008001d10                HAL_RCC_OscConfig
 .text.HAL_RCC_GetSysClockFreq
                0x000000000800204c       0x74 Drivers/STM32F1xx_HAL_Driver/Src/stm32f1xx_hal_rcc.o
                0x000000000800204c                HAL_RCC_GetSysClockFreq
 .text.HAL_RCC_ClockConfig
                0x00000000080020c0      0x138 Drivers/STM32F1xx_HAL_Driver/Src/stm32f1xx_hal_rcc.o
                0x00000000080020c0                HAL_RCC_ClockConfig
 .text.HAL_RCC_GetPCLK1Freq
                0x00000000080021f8       0x20 Drivers/STM32F1xx_HAL_Driver/Src/stm32f1xx_hal_rcc.o
                0x00000000080021f8                HAL_RCC_GetPCLK1Freq
 .text.HAL_RCC_GetPCLK2Freq
                0x0000000008002218       0x20 Drivers/STM32F1xx_HAL_Driver/Src/stm32f1xx_hal_rcc.o
                0x0000000008002218                HAL_RCC_GetPCLK2Freq
 .text.HAL_RCCEx_PeriphCLKConfig
                0x0000000008002238       0xf0 Drivers/STM32F1xx_HAL_Driver/Src/stm32f1xx_hal_rcc_ex.o
                0x0000000008002238                HAL_RCCEx_PeriphCLKConfig
 .text.HAL_SPI_Init
                0x0000000008002328       0x76 Drivers/STM32F1xx_HAL_Driver/Src/stm32f1xx_hal_spi.o
                0x0000000008002328                HAL_SPI_Init
 *fill*         0x000000000800239e        0x2 
 .text.TIM_OC1_SetConfig
                0x00000000080023a0       0x50 Drivers/STM32F1xx_HAL_Driver/Src/stm32f1xx_hal_tim.o
 .text.TIM_OC3_SetConfig
                0x00000000080023f0       0x54 Drivers/STM32F1xx_HAL_Driver/Src/stm32f1xx_hal_tim.o
 .text.TIM_OC4_SetConfig
                0x0000000008002444       0x44 Drivers/STM32F1xx_HAL_Driver/Src/stm32f1xx_hal_tim.o
 .text.TIM_Base_SetConfig
                0x0000000008002488       0x70 Drivers/STM32F1xx_HAL_Driver/Src/stm32f1xx_hal_tim.o
                0x0000000008002488                TIM_Base_SetConfig
 .text.HAL_TIM_PWM_Init
                0x00000000080024f8       0x34 Drivers/STM32F1xx_HAL_Driver/Src/stm32f1xx_hal_tim.o
                0x00000000080024f8                HAL_TIM_PWM_Init
 .text.TIM_OC2_SetConfig
                0x000000000800252c       0x58 Drivers/STM32F1xx_HAL_Driver/Src/stm32f1xx_hal_tim.o
                0x000000000800252c                TIM_OC2_SetConfig
 .text.HAL_TIM_PWM_ConfigChannel
                0x0000000008002584       0xc4 Drivers/STM32F1xx_HAL_Driver/Src/stm32f1xx_hal_tim.o
                0x0000000008002584                HAL_TIM_PWM_ConfigChannel
 .text.TIM_CCxChannelCmd
                0x0000000008002648       0x1c Drivers/STM32F1xx_HAL_Driver/Src/stm32f1xx_hal_tim.o
                0x0000000008002648                TIM_CCxChannelCmd
 .text.HAL_TIM_OC_Start
                0x0000000008002664       0x38 Drivers/STM32F1xx_HAL_Driver/Src/stm32f1xx_hal_tim.o
                0x0000000008002664                HAL_TIM_OC_Start
 .text.HAL_TIMEx_MasterConfigSynchronization
                0x000000000800269c       0x3c Drivers/STM32F1xx_HAL_Driver/Src/stm32f1xx_hal_tim_ex.o
                0x000000000800269c                HAL_TIMEx_MasterConfigSynchronization
 .text.UART_SetConfig
                0x00000000080026d8       0x74 Drivers/STM32F1xx_HAL_Driver/Src/stm32f1xx_hal_uart.o
 .text.HAL_UART_Init
                0x000000000800274c       0x5c Drivers/STM32F1xx_HAL_Driver/Src/stm32f1xx_hal_uart.o
                0x000000000800274c                HAL_UART_Init
 .text.USB_CoreInit
                0x00000000080027a8        0xe Drivers/STM32F1xx_HAL_Driver/Src/stm32f1xx_ll_usb.o
                0x00000000080027a8                USB_CoreInit
 .text.USB_EnableGlobalInt
                0x00000000080027b6       0x10 Drivers/STM32F1xx_HAL_Driver/Src/stm32f1xx_ll_usb.o
                0x00000000080027b6                USB_EnableGlobalInt
 .text.USB_DisableGlobalInt
                0x00000000080027c6       0x14 Drivers/STM32F1xx_HAL_Driver/Src/stm32f1xx_ll_usb.o
                0x00000000080027c6                USB_DisableGlobalInt
 .text.USB_SetCurrentMode
                0x00000000080027da        0x4 Drivers/STM32F1xx_HAL_Driver/Src/stm32f1xx_ll_usb.o
                0x00000000080027da                USB_SetCurrentMode
 .text.USB_DevInit
                0x00000000080027de       0x34 Drivers/STM32F1xx_HAL_Driver/Src/stm32f1xx_ll_usb.o
                0x00000000080027de                USB_DevInit
 *fill*         0x0000000008002812        0x2 
 .text.USB_ActivateEndpoint
                0x0000000008002814      0x2b4 Drivers/STM32F1xx_HAL_Driver/Src/stm32f1xx_ll_usb.o
                0x0000000008002814                USB_ActivateEndpoint
 .text.USB_DeactivateEndpoint
                0x0000000008002ac8      0x18c Drivers/STM32F1xx_HAL_Driver/Src/stm32f1xx_ll_usb.o
                0x0000000008002ac8                USB_DeactivateEndpoint
 .text.USB_EPSetStall
                0x0000000008002c54       0x38 Drivers/STM32F1xx_HAL_Driver/Src/stm32f1xx_ll_usb.o
                0x0000000008002c54                USB_EPSetStall
 .text.USB_EPClearStall
                0x0000000008002c8c       0x86 Drivers/STM32F1xx_HAL_Driver/Src/stm32f1xx_ll_usb.o
                0x0000000008002c8c                USB_EPClearStall
 .text.USB_SetDevAddress
                0x0000000008002d12        0xc Drivers/STM32F1xx_HAL_Driver/Src/stm32f1xx_ll_usb.o
                0x0000000008002d12                USB_SetDevAddress
 .text.USB_DevConnect
                0x0000000008002d1e        0x4 Drivers/STM32F1xx_HAL_Driver/Src/stm32f1xx_ll_usb.o
                0x0000000008002d1e                USB_DevConnect
 .text.USB_DevDisconnect
                0x0000000008002d22        0x4 Drivers/STM32F1xx_HAL_Driver/Src/stm32f1xx_ll_usb.o
                0x0000000008002d22                USB_DevDisconnect
 .text.USB_ReadInterrupts
                0x0000000008002d26        0x6 Drivers/STM32F1xx_HAL_Driver/Src/stm32f1xx_ll_usb.o
                0x0000000008002d26                USB_ReadInterrupts
 .text.USB_EP0_OutStart
                0x0000000008002d2c        0x4 Drivers/STM32F1xx_HAL_Driver/Src/stm32f1xx_ll_usb.o
                0x0000000008002d2c                USB_EP0_OutStart
 .text.USB_WritePMA
                0x0000000008002d30       0x20 Drivers/STM32F1xx_HAL_Driver/Src/stm32f1xx_ll_usb.o
                0x0000000008002d30                USB_WritePMA
 .text.USB_EPStartXfer
                0x0000000008002d50      0x1a8 Drivers/STM32F1xx_HAL_Driver/Src/stm32f1xx_ll_usb.o
                0x0000000008002d50                USB_EPStartXfer
 .text.USB_ReadPMA
                0x0000000008002ef8       0x38 Drivers/STM32F1xx_HAL_Driver/Src/stm32f1xx_ll_usb.o
                0x0000000008002ef8                USB_ReadPMA
 .text.MX_FATFS_Init
                0x0000000008002f30       0x1c FATFS/App/fatfs.o
                0x0000000008002f30                MX_FATFS_Init
 .text.USER_initialize
                0x0000000008002f4c       0x10 FATFS/Target/user_diskio.o
                0x0000000008002f4c                USER_initialize
 .text.USER_read
                0x0000000008002f5c        0x4 FATFS/Target/user_diskio.o
                0x0000000008002f5c                USER_read
 .text.USER_ioctl
                0x0000000008002f60        0x4 FATFS/Target/user_diskio.o
                0x0000000008002f60                USER_ioctl
 .text.USER_write
                0x0000000008002f64        0x4 FATFS/Target/user_diskio.o
                0x0000000008002f64                USER_write
 .text.USER_status
                0x0000000008002f68       0x10 FATFS/Target/user_diskio.o
                0x0000000008002f68                USER_status
 .text.USBD_CDC_EP0_RxReady
                0x0000000008002f78       0x28 Middlewares/ST/STM32_USB_Device_Library/Class/CDC/Src/usbd_cdc.o
 .text.USBD_CDC_GetFSCfgDesc
                0x0000000008002fa0        0xc Middlewares/ST/STM32_USB_Device_Library/Class/CDC/Src/usbd_cdc.o
 .text.USBD_CDC_GetHSCfgDesc
                0x0000000008002fac        0xc Middlewares/ST/STM32_USB_Device_Library/Class/CDC/Src/usbd_cdc.o
 .text.USBD_CDC_GetOtherSpeedCfgDesc
                0x0000000008002fb8        0xc Middlewares/ST/STM32_USB_Device_Library/Class/CDC/Src/usbd_cdc.o
 .text.USBD_CDC_GetDeviceQualifierDescriptor
                0x0000000008002fc4        0xc Middlewares/ST/STM32_USB_Device_Library/Class/CDC/Src/usbd_cdc.o
                0x0000000008002fc4                USBD_CDC_GetDeviceQualifierDescriptor
 .text.USBD_CDC_DataOut
                0x0000000008002fd0       0x2e Middlewares/ST/STM32_USB_Device_Library/Class/CDC/Src/usbd_cdc.o
 .text.USBD_CDC_DataIn
                0x0000000008002ffe       0x40 Middlewares/ST/STM32_USB_Device_Library/Class/CDC/Src/usbd_cdc.o
 .text.USBD_CDC_Setup
                0x000000000800303e       0xbc Middlewares/ST/STM32_USB_Device_Library/Class/CDC/Src/usbd_cdc.o
 .text.USBD_CDC_DeInit
                0x00000000080030fa       0x42 Middlewares/ST/STM32_USB_Device_Library/Class/CDC/Src/usbd_cdc.o
 .text.USBD_CDC_Init
                0x000000000800313c       0xa6 Middlewares/ST/STM32_USB_Device_Library/Class/CDC/Src/usbd_cdc.o
 .text.USBD_CDC_RegisterInterface
                0x00000000080031e2        0xe Middlewares/ST/STM32_USB_Device_Library/Class/CDC/Src/usbd_cdc.o
                0x00000000080031e2                USBD_CDC_RegisterInterface
 .text.USBD_CDC_SetTxBuffer
                0x00000000080031f0       0x10 Middlewares/ST/STM32_USB_Device_Library/Class/CDC/Src/usbd_cdc.o
                0x00000000080031f0                USBD_CDC_SetTxBuffer
 .text.USBD_CDC_SetRxBuffer
                0x0000000008003200        0xc Middlewares/ST/STM32_USB_Device_Library/Class/CDC/Src/usbd_cdc.o
                0x0000000008003200                USBD_CDC_SetRxBuffer
 .text.USBD_CDC_ReceivePacket
                0x000000000800320c       0x26 Middlewares/ST/STM32_USB_Device_Library/Class/CDC/Src/usbd_cdc.o
                0x000000000800320c                USBD_CDC_ReceivePacket
 .text.USBD_Init
                0x0000000008003232       0x2a Middlewares/ST/STM32_USB_Device_Library/Core/Src/usbd_core.o
                0x0000000008003232                USBD_Init
 .text.USBD_RegisterClass
                0x000000000800325c        0xe Middlewares/ST/STM32_USB_Device_Library/Core/Src/usbd_core.o
                0x000000000800325c                USBD_RegisterClass
 .text.USBD_Start
                0x000000000800326a        0xa Middlewares/ST/STM32_USB_Device_Library/Core/Src/usbd_core.o
                0x000000000800326a                USBD_Start
 .text.USBD_SetClassConfig
                0x0000000008003274       0x16 Middlewares/ST/STM32_USB_Device_Library/Core/Src/usbd_core.o
                0x0000000008003274                USBD_SetClassConfig
 .text.USBD_ClrClassConfig
                0x000000000800328a        0xe Middlewares/ST/STM32_USB_Device_Library/Core/Src/usbd_core.o
                0x000000000800328a                USBD_ClrClassConfig
 .text.USBD_LL_SetupStage
                0x0000000008003298       0x5a Middlewares/ST/STM32_USB_Device_Library/Core/Src/usbd_core.o
                0x0000000008003298                USBD_LL_SetupStage
 .text.USBD_LL_DataOutStage
                0x00000000080032f2       0x74 Middlewares/ST/STM32_USB_Device_Library/Core/Src/usbd_core.o
                0x00000000080032f2                USBD_LL_DataOutStage
 .text.USBD_LL_DataInStage
                0x0000000008003366       0xb6 Middlewares/ST/STM32_USB_Device_Library/Core/Src/usbd_core.o
                0x0000000008003366                USBD_LL_DataInStage
 .text.USBD_LL_Reset
                0x000000000800341c       0x4e Middlewares/ST/STM32_USB_Device_Library/Core/Src/usbd_core.o
                0x000000000800341c                USBD_LL_Reset
 .text.USBD_LL_SetSpeed
                0x000000000800346a        0x6 Middlewares/ST/STM32_USB_Device_Library/Core/Src/usbd_core.o
                0x000000000800346a                USBD_LL_SetSpeed
 .text.USBD_LL_Suspend
                0x0000000008003470       0x12 Middlewares/ST/STM32_USB_Device_Library/Core/Src/usbd_core.o
                0x0000000008003470                USBD_LL_Suspend
 .text.USBD_LL_Resume
                0x0000000008003482       0x14 Middlewares/ST/STM32_USB_Device_Library/Core/Src/usbd_core.o
                0x0000000008003482                USBD_LL_Resume
 .text.USBD_LL_SOF
                0x0000000008003496       0x18 Middlewares/ST/STM32_USB_Device_Library/Core/Src/usbd_core.o
                0x0000000008003496                USBD_LL_SOF
 .text.USBD_CtlError.constprop.1
                0x00000000080034ae       0x16 Middlewares/ST/STM32_USB_Device_Library/Core/Src/usbd_ctlreq.o
 .text.USBD_StdDevReq
                0x00000000080034c4      0x248 Middlewares/ST/STM32_USB_Device_Library/Core/Src/usbd_ctlreq.o
                0x00000000080034c4                USBD_StdDevReq
 .text.USBD_StdItfReq
                0x000000000800370c       0x4a Middlewares/ST/STM32_USB_Device_Library/Core/Src/usbd_ctlreq.o
                0x000000000800370c                USBD_StdItfReq
 .text.USBD_StdEPReq
                0x0000000008003756      0x112 Middlewares/ST/STM32_USB_Device_Library/Core/Src/usbd_ctlreq.o
                0x0000000008003756                USBD_StdEPReq
 .text.USBD_ParseSetupRequest
                0x0000000008003868       0x28 Middlewares/ST/STM32_USB_Device_Library/Core/Src/usbd_ctlreq.o
                0x0000000008003868                USBD_ParseSetupRequest
 .text.USBD_CtlError
                0x0000000008003890       0x16 Middlewares/ST/STM32_USB_Device_Library/Core/Src/usbd_ctlreq.o
                0x0000000008003890                USBD_CtlError
 .text.USBD_GetString
                0x00000000080038a6       0x38 Middlewares/ST/STM32_USB_Device_Library/Core/Src/usbd_ctlreq.o
                0x00000000080038a6                USBD_GetString
 .text.USBD_CtlSendData
                0x00000000080038de       0x1a Middlewares/ST/STM32_USB_Device_Library/Core/Src/usbd_ioreq.o
                0x00000000080038de                USBD_CtlSendData
 .text.USBD_CtlContinueSendData
                0x00000000080038f8       0x10 Middlewares/ST/STM32_USB_Device_Library/Core/Src/usbd_ioreq.o
                0x00000000080038f8                USBD_CtlContinueSendData
 .text.USBD_CtlPrepareRx
                0x0000000008003908       0x1e Middlewares/ST/STM32_USB_Device_Library/Core/Src/usbd_ioreq.o
                0x0000000008003908                USBD_CtlPrepareRx
 .text.USBD_CtlContinueRx
                0x0000000008003926       0x10 Middlewares/ST/STM32_USB_Device_Library/Core/Src/usbd_ioreq.o
                0x0000000008003926                USBD_CtlContinueRx
 .text.USBD_CtlSendStatus
                0x0000000008003936       0x16 Middlewares/ST/STM32_USB_Device_Library/Core/Src/usbd_ioreq.o
                0x0000000008003936                USBD_CtlSendStatus
 .text.USBD_CtlReceiveStatus
                0x000000000800394c       0x16 Middlewares/ST/STM32_USB_Device_Library/Core/Src/usbd_ioreq.o
                0x000000000800394c                USBD_CtlReceiveStatus
 *fill*         0x0000000008003962        0x2 
 .text.FATFS_LinkDriverEx
                0x0000000008003964       0x44 Middlewares/Third_Party/FatFs/src/ff_gen_drv.o
                0x0000000008003964                FATFS_LinkDriverEx
 .text.FATFS_LinkDriver
                0x00000000080039a8        0x6 Middlewares/Third_Party/FatFs/src/ff_gen_drv.o
                0x00000000080039a8                FATFS_LinkDriver
 *fill*         0x00000000080039ae        0x2 
 .text.osKernelInitialize
                0x00000000080039b0       0x38 Middlewares/Third_Party/FreeRTOS/Source/CMSIS_RTOS_V2/cmsis_os2.o
                0x00000000080039b0                osKernelInitialize
 .text.osKernelStart
                0x00000000080039e8       0x40 Middlewares/Third_Party/FreeRTOS/Source/CMSIS_RTOS_V2/cmsis_os2.o
                0x00000000080039e8                osKernelStart
 .text.osThreadNew
                0x0000000008003a28       0xb8 Middlewares/Third_Party/FreeRTOS/Source/CMSIS_RTOS_V2/cmsis_os2.o
                0x0000000008003a28                osThreadNew
 .text.osDelay  0x0000000008003ae0       0x38 Middlewares/Third_Party/FreeRTOS/Source/CMSIS_RTOS_V2/cmsis_os2.o
                0x0000000008003ae0                osDelay
 .text.osMessageQueueNew
                0x0000000008003b18       0x90 Middlewares/Third_Party/FreeRTOS/Source/CMSIS_RTOS_V2/cmsis_os2.o
                0x0000000008003b18                osMessageQueueNew
 .text.osMessageQueuePut
                0x0000000008003ba8       0x88 Middlewares/Third_Party/FreeRTOS/Source/CMSIS_RTOS_V2/cmsis_os2.o
                0x0000000008003ba8                osMessageQueuePut
 .text.osMessageQueueGet
                0x0000000008003c30       0x84 Middlewares/Third_Party/FreeRTOS/Source/CMSIS_RTOS_V2/cmsis_os2.o
                0x0000000008003c30                osMessageQueueGet
 .text.vApplicationGetIdleTaskMemory
                0x0000000008003cb4       0x18 Middlewares/Third_Party/FreeRTOS/Source/CMSIS_RTOS_V2/cmsis_os2.o
                0x0000000008003cb4                vApplicationGetIdleTaskMemory
 .text.vApplicationGetTimerTaskMemory
                0x0000000008003ccc       0x18 Middlewares/Third_Party/FreeRTOS/Source/CMSIS_RTOS_V2/cmsis_os2.o
                0x0000000008003ccc                vApplicationGetTimerTaskMemory
 .text.vListInitialise
                0x0000000008003ce4       0x16 Middlewares/Third_Party/FreeRTOS/Source/list.o
                0x0000000008003ce4                vListInitialise
 .text.vListInitialiseItem
                0x0000000008003cfa        0x6 Middlewares/Third_Party/FreeRTOS/Source/list.o
                0x0000000008003cfa                vListInitialiseItem
 .text.vListInsertEnd
                0x0000000008003d00       0x18 Middlewares/Third_Party/FreeRTOS/Source/list.o
                0x0000000008003d00                vListInsertEnd
 .text.vListInsert
                0x0000000008003d18       0x2e Middlewares/Third_Party/FreeRTOS/Source/list.o
                0x0000000008003d18                vListInsert
 .text.uxListRemove
                0x0000000008003d46       0x22 Middlewares/Third_Party/FreeRTOS/Source/list.o
                0x0000000008003d46                uxListRemove
 .text.prvIsQueueEmpty
                0x0000000008003d68       0x16 Middlewares/Third_Party/FreeRTOS/Source/queue.o
 .text.prvCopyDataToQueue
                0x0000000008003d7e       0x66 Middlewares/Third_Party/FreeRTOS/Source/queue.o
 .text.prvCopyDataFromQueue
                0x0000000008003de4       0x28 Middlewares/Third_Party/FreeRTOS/Source/queue.o
 .text.prvUnlockQueue
                0x0000000008003e0c       0x70 Middlewares/Third_Party/FreeRTOS/Source/queue.o
 .text.xQueueGenericReset
                0x0000000008003e7c       0x80 Middlewares/Third_Party/FreeRTOS/Source/queue.o
                0x0000000008003e7c                xQueueGenericReset
 .text.xQueueGenericCreateStatic
                0x0000000008003efc       0x9a Middlewares/Third_Party/FreeRTOS/Source/queue.o
                0x0000000008003efc                xQueueGenericCreateStatic
 .text.xQueueGenericCreate
                0x0000000008003f96       0x4e Middlewares/Third_Party/FreeRTOS/Source/queue.o
                0x0000000008003f96                xQueueGenericCreate
 .text.xQueueGenericSend
                0x0000000008003fe4      0x164 Middlewares/Third_Party/FreeRTOS/Source/queue.o
                0x0000000008003fe4                xQueueGenericSend
 .text.xQueueGenericSendFromISR
                0x0000000008004148       0xc2 Middlewares/Third_Party/FreeRTOS/Source/queue.o
                0x0000000008004148                xQueueGenericSendFromISR
 *fill*         0x000000000800420a        0x2 
 .text.xQueueReceive
                0x000000000800420c      0x140 Middlewares/Third_Party/FreeRTOS/Source/queue.o
                0x000000000800420c                xQueueReceive
 .text.xQueueReceiveFromISR
                0x000000000800434c       0x9e Middlewares/Third_Party/FreeRTOS/Source/queue.o
                0x000000000800434c                xQueueReceiveFromISR
 *fill*         0x00000000080043ea        0x2 
 .text.vQueueAddToRegistry
                0x00000000080043ec       0x24 Middlewares/Third_Party/FreeRTOS/Source/queue.o
                0x00000000080043ec                vQueueAddToRegistry
 .text.vQueueWaitForMessageRestricted
                0x0000000008004410       0x46 Middlewares/Third_Party/FreeRTOS/Source/queue.o
                0x0000000008004410                vQueueWaitForMessageRestricted
 *fill*         0x0000000008004456        0x2 
 .text.prvAddNewTaskToReadyList
                0x0000000008004458      0x100 Middlewares/Third_Party/FreeRTOS/Source/tasks.o
 .text.prvDeleteTCB
                0x0000000008004558       0x36 Middlewares/Third_Party/FreeRTOS/Source/tasks.o
 *fill*         0x000000000800458e        0x2 
 .text.prvIdleTask
                0x0000000008004590       0x64 Middlewares/Third_Party/FreeRTOS/Source/tasks.o
 .text.prvResetNextTaskUnblockTime
                0x00000000080045f4       0x24 Middlewares/Third_Party/FreeRTOS/Source/tasks.o
 .text.prvInitialiseNewTask.isra.2
                0x0000000008004618       0x86 Middlewares/Third_Party/FreeRTOS/Source/tasks.o
 *fill*         0x000000000800469e        0x2 
 .text.prvAddCurrentTaskToDelayedList
                0x00000000080046a0       0x74 Middlewares/Third_Party/FreeRTOS/Source/tasks.o
 .text.xTaskCreateStatic
                0x0000000008004714       0x6e Middlewares/Third_Party/FreeRTOS/Source/tasks.o
                0x0000000008004714                xTaskCreateStatic
 .text.xTaskCreate
                0x0000000008004782       0x5a Middlewares/Third_Party/FreeRTOS/Source/tasks.o
                0x0000000008004782                xTaskCreate
 .text.vTaskStartScheduler
                0x00000000080047dc       0x88 Middlewares/Third_Party/FreeRTOS/Source/tasks.o
                0x00000000080047dc                vTaskStartScheduler
 .text.vTaskSuspendAll
                0x0000000008004864       0x10 Middlewares/Third_Party/FreeRTOS/Source/tasks.o
                0x0000000008004864                vTaskSuspendAll
 .text.xTaskGetTickCount
                0x0000000008004874        0xc Middlewares/Third_Party/FreeRTOS/Source/tasks.o
                0x0000000008004874                xTaskGetTickCount
 .text.xTaskIncrementTick
                0x0000000008004880      0x120 Middlewares/Third_Party/FreeRTOS/Source/tasks.o
                0x0000000008004880                xTaskIncrementTick
 .text.xTaskResumeAll
                0x00000000080049a0       0xe8 Middlewares/Third_Party/FreeRTOS/Source/tasks.o
                0x00000000080049a0                xTaskResumeAll
 .text.vTaskDelay
                0x0000000008004a88       0x48 Middlewares/Third_Party/FreeRTOS/Source/tasks.o
                0x0000000008004a88                vTaskDelay
 .text.vTaskSwitchContext
                0x0000000008004ad0       0x78 Middlewares/Third_Party/FreeRTOS/Source/tasks.o
                0x0000000008004ad0                vTaskSwitchContext
 .text.vTaskPlaceOnEventList
                0x0000000008004b48       0x34 Middlewares/Third_Party/FreeRTOS/Source/tasks.o
                0x0000000008004b48                vTaskPlaceOnEventList
 .text.vTaskPlaceOnEventListRestricted
                0x0000000008004b7c       0x40 Middlewares/Third_Party/FreeRTOS/Source/tasks.o
                0x0000000008004b7c                vTaskPlaceOnEventListRestricted
 .text.xTaskRemoveFromEventList
                0x0000000008004bbc       0x80 Middlewares/Third_Party/FreeRTOS/Source/tasks.o
                0x0000000008004bbc                xTaskRemoveFromEventList
 .text.vTaskInternalSetTimeOutState
                0x0000000008004c3c       0x18 Middlewares/Third_Party/FreeRTOS/Source/tasks.o
                0x0000000008004c3c                vTaskInternalSetTimeOutState
 .text.xTaskCheckForTimeOut
                0x0000000008004c54       0x78 Middlewares/Third_Party/FreeRTOS/Source/tasks.o
                0x0000000008004c54                xTaskCheckForTimeOut
 .text.vTaskMissedYield
                0x0000000008004ccc        0xc Middlewares/Third_Party/FreeRTOS/Source/tasks.o
                0x0000000008004ccc                vTaskMissedYield
 .text.xTaskGetSchedulerState
                0x0000000008004cd8       0x20 Middlewares/Third_Party/FreeRTOS/Source/tasks.o
                0x0000000008004cd8                xTaskGetSchedulerState
 .text.xTaskPriorityDisinherit
                0x0000000008004cf8       0x84 Middlewares/Third_Party/FreeRTOS/Source/tasks.o
                0x0000000008004cf8                xTaskPriorityDisinherit
 .text.prvCheckForValidListAndQueue
                0x0000000008004d7c       0x68 Middlewares/Third_Party/FreeRTOS/Source/timers.o
 .text.prvInsertTimerInActiveList
                0x0000000008004de4       0x3c Middlewares/Third_Party/FreeRTOS/Source/timers.o
 .text.xTimerCreateTimerTask
                0x0000000008004e20       0x64 Middlewares/Third_Party/FreeRTOS/Source/timers.o
                0x0000000008004e20                xTimerCreateTimerTask
 .text.xTimerGenericCommand
                0x0000000008004e84       0x58 Middlewares/Third_Party/FreeRTOS/Source/timers.o
                0x0000000008004e84                xTimerGenericCommand
 .text.prvSwitchTimerLists
                0x0000000008004edc       0x7c Middlewares/Third_Party/FreeRTOS/Source/timers.o
 .text.prvTimerTask
                0x0000000008004f58      0x1d0 Middlewares/Third_Party/FreeRTOS/Source/timers.o
 .text.prvTaskExitError
                0x0000000008005128       0x40 Middlewares/Third_Party/FreeRTOS/Source/portable/GCC/ARM_CM3/port.o
 .text.unlikely.prvPortStartFirstTask
                0x0000000008005168       0x20 Middlewares/Third_Party/FreeRTOS/Source/portable/GCC/ARM_CM3/port.o
 .text.pxPortInitialiseStack
                0x0000000008005188       0x24 Middlewares/Third_Party/FreeRTOS/Source/portable/GCC/ARM_CM3/port.o
                0x0000000008005188                pxPortInitialiseStack
 *fill*         0x00000000080051ac        0x4 
 .text.SVC_Handler
                0x00000000080051b0       0x24 Middlewares/Third_Party/FreeRTOS/Source/portable/GCC/ARM_CM3/port.o
                0x00000000080051b0                SVC_Handler
 .text.vPortEnterCritical
                0x00000000080051d4       0x44 Middlewares/Third_Party/FreeRTOS/Source/portable/GCC/ARM_CM3/port.o
                0x00000000080051d4                vPortEnterCritical
 .text.vPortExitCritical
                0x0000000008005218       0x28 Middlewares/Third_Party/FreeRTOS/Source/portable/GCC/ARM_CM3/port.o
                0x0000000008005218                vPortExitCritical
 .text.PendSV_Handler
                0x0000000008005240       0x44 Middlewares/Third_Party/FreeRTOS/Source/portable/GCC/ARM_CM3/port.o
                0x0000000008005240                PendSV_Handler
 .text.xPortSysTickHandler
                0x0000000008005284       0x2c Middlewares/Third_Party/FreeRTOS/Source/portable/GCC/ARM_CM3/port.o
                0x0000000008005284                xPortSysTickHandler
 .text.vPortSetupTimerInterrupt
                0x00000000080052b0       0x34 Middlewares/Third_Party/FreeRTOS/Source/portable/GCC/ARM_CM3/port.o
                0x00000000080052b0                vPortSetupTimerInterrupt
 .text.xPortStartScheduler
                0x00000000080052e4       0xb4 Middlewares/Third_Party/FreeRTOS/Source/portable/GCC/ARM_CM3/port.o
                0x00000000080052e4                xPortStartScheduler
 .text.vPortValidateInterruptPriority
                0x0000000008005398       0x5c Middlewares/Third_Party/FreeRTOS/Source/portable/GCC/ARM_CM3/port.o
                0x0000000008005398                vPortValidateInterruptPriority
 .text.unlikely.prvInsertBlockIntoFreeList
                0x00000000080053f4       0x48 Middlewares/Third_Party/FreeRTOS/Source/portable/MemMang/heap_4.o
 .text.pvPortMalloc
                0x000000000800543c      0x118 Middlewares/Third_Party/FreeRTOS/Source/portable/MemMang/heap_4.o
                0x000000000800543c                pvPortMalloc
 .text.vPortFree
                0x0000000008005554       0x70 Middlewares/Third_Party/FreeRTOS/Source/portable/MemMang/heap_4.o
                0x0000000008005554                vPortFree
 .text.MX_USB_DEVICE_Init
                0x00000000080055c4       0x50 USB_DEVICE/App/usb_device.o
                0x00000000080055c4                MX_USB_DEVICE_Init
 .text.CDC_DeInit_FS
                0x0000000008005614        0x4 USB_DEVICE/App/usbd_cdc_if.o
 .text.CDC_Control_FS
                0x0000000008005618        0x4 USB_DEVICE/App/usbd_cdc_if.o
 .text.CDC_Receive_FS
                0x000000000800561c       0x1c USB_DEVICE/App/usbd_cdc_if.o
 .text.CDC_Init_FS
                0x0000000008005638       0x28 USB_DEVICE/App/usbd_cdc_if.o
 .text.USBD_FS_DeviceDescriptor
                0x0000000008005660        0xc USB_DEVICE/App/usbd_desc.o
                0x0000000008005660                USBD_FS_DeviceDescriptor
 .text.USBD_FS_LangIDStrDescriptor
                0x000000000800566c        0xc USB_DEVICE/App/usbd_desc.o
                0x000000000800566c                USBD_FS_LangIDStrDescriptor
 .text.IntToUnicode
                0x0000000008005678       0x2a USB_DEVICE/App/usbd_desc.o
 *fill*         0x00000000080056a2        0x2 
 .text.USBD_FS_SerialStrDescriptor
                0x00000000080056a4       0x40 USB_DEVICE/App/usbd_desc.o
                0x00000000080056a4                USBD_FS_SerialStrDescriptor
 .text.USBD_FS_ManufacturerStrDescriptor
                0x00000000080056e4       0x1c USB_DEVICE/App/usbd_desc.o
                0x00000000080056e4                USBD_FS_ManufacturerStrDescriptor
 .text.USBD_FS_ProductStrDescriptor
                0x0000000008005700       0x1c USB_DEVICE/App/usbd_desc.o
                0x0000000008005700                USBD_FS_ProductStrDescriptor
 .text.USBD_FS_ConfigStrDescriptor
                0x000000000800571c       0x1c USB_DEVICE/App/usbd_desc.o
                0x000000000800571c                USBD_FS_ConfigStrDescriptor
 .text.USBD_FS_InterfaceStrDescriptor
                0x0000000008005738       0x1c USB_DEVICE/App/usbd_desc.o
                0x0000000008005738                USBD_FS_InterfaceStrDescriptor
 .text.HAL_PCD_MspInit
                0x0000000008005754       0x40 USB_DEVICE/Target/usbd_conf.o
                0x0000000008005754                HAL_PCD_MspInit
 .text.HAL_PCD_SetupStageCallback
                0x0000000008005794        0xc USB_DEVICE/Target/usbd_conf.o
                0x0000000008005794                HAL_PCD_SetupStageCallback
 .text.HAL_PCD_DataOutStageCallback
                0x00000000080057a0       0x10 USB_DEVICE/Target/usbd_conf.o
                0x00000000080057a0                HAL_PCD_DataOutStageCallback
 .text.HAL_PCD_DataInStageCallback
                0x00000000080057b0        0xe USB_DEVICE/Target/usbd_conf.o
                0x00000000080057b0                HAL_PCD_DataInStageCallback
 .text.HAL_PCD_SOFCallback
                0x00000000080057be        0x8 USB_DEVICE/Target/usbd_conf.o
                0x00000000080057be                HAL_PCD_SOFCallback
 .text.HAL_PCD_ResetCallback
                0x00000000080057c6       0x24 USB_DEVICE/Target/usbd_conf.o
                0x00000000080057c6                HAL_PCD_ResetCallback
 *fill*         0x00000000080057ea        0x2 
 .text.HAL_PCD_SuspendCallback
                0x00000000080057ec       0x20 USB_DEVICE/Target/usbd_conf.o
                0x00000000080057ec                HAL_PCD_SuspendCallback
 .text.HAL_PCD_ResumeCallback
                0x000000000800580c        0x8 USB_DEVICE/Target/usbd_conf.o
                0x000000000800580c                HAL_PCD_ResumeCallback
 .text.USBD_LL_Init
                0x0000000008005814       0x84 USB_DEVICE/Target/usbd_conf.o
                0x0000000008005814                USBD_LL_Init
 .text.USBD_LL_Start
                0x0000000008005898       0x1c USB_DEVICE/Target/usbd_conf.o
                0x0000000008005898                USBD_LL_Start
 .text.USBD_LL_OpenEP
                0x00000000080058b4       0x20 USB_DEVICE/Target/usbd_conf.o
                0x00000000080058b4                USBD_LL_OpenEP
 .text.USBD_LL_CloseEP
                0x00000000080058d4       0x1c USB_DEVICE/Target/usbd_conf.o
                0x00000000080058d4                USBD_LL_CloseEP
 .text.USBD_LL_StallEP
                0x00000000080058f0       0x1c USB_DEVICE/Target/usbd_conf.o
                0x00000000080058f0                USBD_LL_StallEP
 .text.USBD_LL_ClearStallEP
                0x000000000800590c       0x1c USB_DEVICE/Target/usbd_conf.o
                0x000000000800590c                USBD_LL_ClearStallEP
 .text.USBD_LL_IsStallEP
                0x0000000008005928       0x20 USB_DEVICE/Target/usbd_conf.o
                0x0000000008005928                USBD_LL_IsStallEP
 .text.USBD_LL_SetUSBAddress
                0x0000000008005948       0x1c USB_DEVICE/Target/usbd_conf.o
                0x0000000008005948                USBD_LL_SetUSBAddress
 .text.USBD_LL_Transmit
                0x0000000008005964       0x1c USB_DEVICE/Target/usbd_conf.o
                0x0000000008005964                USBD_LL_Transmit
 .text.USBD_LL_PrepareReceive
                0x0000000008005980       0x1c USB_DEVICE/Target/usbd_conf.o
                0x0000000008005980                USBD_LL_PrepareReceive
 .text.USBD_LL_GetRxDataSize
                0x000000000800599c        0x8 USB_DEVICE/Target/usbd_conf.o
                0x000000000800599c                USBD_LL_GetRxDataSize
 .text.USBD_static_malloc
                0x00000000080059a4        0x8 USB_DEVICE/Target/usbd_conf.o
                0x00000000080059a4                USBD_static_malloc
 .text.USBD_static_free
                0x00000000080059ac        0x2 USB_DEVICE/Target/usbd_conf.o
                0x00000000080059ac                USBD_static_free
 .text.HAL_PCDEx_SetConnectionState
                0x00000000080059ae        0x2 USB_DEVICE/Target/usbd_conf.o
                0x00000000080059ae                HAL_PCDEx_SetConnectionState
 .text.__libc_init_array
                0x00000000080059b0       0x48 c:/st/stm32cubeide_1.3.0/stm32cubeide/plugins/com.st.stm32cube.ide.mcu.externaltools.gnu-tools-for-stm32.7-2018-q2-update.win32_1.0.0.201904181610/tools/bin/../lib/gcc/arm-none-eabi/7.3.1/../../../../arm-none-eabi/lib/thumb/v7-m\libc_nano.a(lib_a-init.o)
                0x00000000080059b0                __libc_init_array
 .text.memcpy   0x00000000080059f8       0x16 c:/st/stm32cubeide_1.3.0/stm32cubeide/plugins/com.st.stm32cube.ide.mcu.externaltools.gnu-tools-for-stm32.7-2018-q2-update.win32_1.0.0.201904181610/tools/bin/../lib/gcc/arm-none-eabi/7.3.1/../../../../arm-none-eabi/lib/thumb/v7-m\libc_nano.a(lib_a-memcpy-stub.o)
                0x00000000080059f8                memcpy
 .text.memset   0x0000000008005a0e       0x10 c:/st/stm32cubeide_1.3.0/stm32cubeide/plugins/com.st.stm32cube.ide.mcu.externaltools.gnu-tools-for-stm32.7-2018-q2-update.win32_1.0.0.201904181610/tools/bin/../lib/gcc/arm-none-eabi/7.3.1/../../../../arm-none-eabi/lib/thumb/v7-m\libc_nano.a(lib_a-memset.o)
                0x0000000008005a0e                memset
 *(.glue_7)
 .glue_7        0x0000000008005a1e        0x0 linker stubs
 *(.glue_7t)
 .glue_7t       0x0000000008005a1e        0x0 linker stubs
 *(.eh_frame)
 *fill*         0x0000000008005a1e        0x2 
 .eh_frame      0x0000000008005a20        0x0 c:/st/stm32cubeide_1.3.0/stm32cubeide/plugins/com.st.stm32cube.ide.mcu.externaltools.gnu-tools-for-stm32.7-2018-q2-update.win32_1.0.0.201904181610/tools/bin/../lib/gcc/arm-none-eabi/7.3.1/thumb/v7-m/crtbegin.o
 *(.init)
 .init          0x0000000008005a20        0x4 c:/st/stm32cubeide_1.3.0/stm32cubeide/plugins/com.st.stm32cube.ide.mcu.externaltools.gnu-tools-for-stm32.7-2018-q2-update.win32_1.0.0.201904181610/tools/bin/../lib/gcc/arm-none-eabi/7.3.1/thumb/v7-m/crti.o
                0x0000000008005a20                _init
 .init          0x0000000008005a24        0x8 c:/st/stm32cubeide_1.3.0/stm32cubeide/plugins/com.st.stm32cube.ide.mcu.externaltools.gnu-tools-for-stm32.7-2018-q2-update.win32_1.0.0.201904181610/tools/bin/../lib/gcc/arm-none-eabi/7.3.1/thumb/v7-m/crtn.o
 *(.fini)
 .fini          0x0000000008005a2c        0x4 c:/st/stm32cubeide_1.3.0/stm32cubeide/plugins/com.st.stm32cube.ide.mcu.externaltools.gnu-tools-for-stm32.7-2018-q2-update.win32_1.0.0.201904181610/tools/bin/../lib/gcc/arm-none-eabi/7.3.1/thumb/v7-m/crti.o
                0x0000000008005a2c                _fini
 .fini          0x0000000008005a30        0x8 c:/st/stm32cubeide_1.3.0/stm32cubeide/plugins/com.st.stm32cube.ide.mcu.externaltools.gnu-tools-for-stm32.7-2018-q2-update.win32_1.0.0.201904181610/tools/bin/../lib/gcc/arm-none-eabi/7.3.1/thumb/v7-m/crtn.o
                0x0000000008005a38                . = ALIGN (0x4)
                0x0000000008005a38                _etext = .

.vfp11_veneer   0x0000000008005a38        0x0
 .vfp11_veneer  0x0000000008005a38        0x0 linker stubs

.v4_bx          0x0000000008005a38        0x0
 .v4_bx         0x0000000008005a38        0x0 linker stubs

.iplt           0x0000000008005a38        0x0
 .iplt          0x0000000008005a38        0x0 c:/st/stm32cubeide_1.3.0/stm32cubeide/plugins/com.st.stm32cube.ide.mcu.externaltools.gnu-tools-for-stm32.7-2018-q2-update.win32_1.0.0.201904181610/tools/bin/../lib/gcc/arm-none-eabi/7.3.1/thumb/v7-m/crtbegin.o

.rodata         0x0000000008005a38      0xf2c
                0x0000000008005a38                . = ALIGN (0x4)
 *(.rodata)
 .rodata        0x0000000008005a38       0x10 Drivers/STM32F1xx_HAL_Driver/Src/stm32f1xx_hal_rcc.o
 *(.rodata*)
 .rodata.Font11x18
                0x0000000008005a48      0xd5c Core/Src/fonts.o
 .rodata.StartDefaultTask.str1.1
                0x00000000080067a4       0x20 Core/Src/main.o
 .rodata.buzzerQueue_attributes
                0x00000000080067c4       0x18 Core/Src/main.o
                0x00000000080067c4                buzzerQueue_attributes
 .rodata.buzzerTask_attributes
                0x00000000080067dc       0x24 Core/Src/main.o
                0x00000000080067dc                buzzerTask_attributes
 .rodata.defaultTask_attributes
                0x0000000008006800       0x24 Core/Src/main.o
                0x0000000008006800                defaultTask_attributes
 .rodata.dysplayQueue_attributes
                0x0000000008006824       0x18 Core/Src/main.o
                0x0000000008006824                dysplayQueue_attributes
 .rodata.dysplayTask_attributes
                0x000000000800683c       0x24 Core/Src/main.o
                0x000000000800683c                dysplayTask_attributes
 .rodata.keyboardQueue_attributes
                0x0000000008006860       0x18 Core/Src/main.o
                0x0000000008006860                keyboardQueue_attributes
 .rodata.keyboardTask_attributes
                0x0000000008006878       0x24 Core/Src/main.o
                0x0000000008006878                keyboardTask_attributes
 .rodata.str1.1
                0x000000000800689c       0x57 Core/Src/main.o
 .rodata.AHBPrescTable
                0x00000000080068f3       0x10 Core/Src/system_stm32f1xx.o
                0x00000000080068f3                AHBPrescTable
 .rodata.APBPrescTable
                0x0000000008006903        0x8 Core/Src/system_stm32f1xx.o
                0x0000000008006903                APBPrescTable
 .rodata.vTaskStartScheduler.str1.1
                0x000000000800690b        0x5 Middlewares/Third_Party/FreeRTOS/Source/tasks.o
 .rodata.prvCheckForValidListAndQueue.str1.1
                0x0000000008006910        0x5 Middlewares/Third_Party/FreeRTOS/Source/timers.o
 .rodata.xTimerCreateTimerTask.str1.1
                0x0000000008006915        0x8 Middlewares/Third_Party/FreeRTOS/Source/timers.o
 .rodata.USBD_FS_ConfigStrDescriptor.str1.1
                0x000000000800691d        0xb USB_DEVICE/App/usbd_desc.o
 .rodata.USBD_FS_InterfaceStrDescriptor.str1.1
                0x0000000008006928        0xe USB_DEVICE/App/usbd_desc.o
 .rodata.USBD_FS_ManufacturerStrDescriptor.str1.1
                0x0000000008006936       0x13 USB_DEVICE/App/usbd_desc.o
 .rodata.USBD_FS_ProductStrDescriptor.str1.1
                0x0000000008006949       0x16 USB_DEVICE/App/usbd_desc.o
 .rodata.CSWTCH.3
                0x000000000800695f        0x4 USB_DEVICE/Target/usbd_conf.o
                0x0000000008006964                . = ALIGN (0x4)
 *fill*         0x0000000008006963        0x1 

.rel.dyn        0x0000000008006964        0x0
 .rel.iplt      0x0000000008006964        0x0 c:/st/stm32cubeide_1.3.0/stm32cubeide/plugins/com.st.stm32cube.ide.mcu.externaltools.gnu-tools-for-stm32.7-2018-q2-update.win32_1.0.0.201904181610/tools/bin/../lib/gcc/arm-none-eabi/7.3.1/thumb/v7-m/crtbegin.o

.ARM.extab      0x0000000008006964        0x0
                0x0000000008006964                . = ALIGN (0x4)
 *(.ARM.extab* .gnu.linkonce.armextab.*)
                0x0000000008006964                . = ALIGN (0x4)

.ARM            0x0000000008006964        0x0
                0x0000000008006964                . = ALIGN (0x4)
                0x0000000008006964                __exidx_start = .
 *(.ARM.exidx*)
                0x0000000008006964                __exidx_end = .
                0x0000000008006964                . = ALIGN (0x4)

.preinit_array  0x0000000008006964        0x0
                0x0000000008006964                . = ALIGN (0x4)
                0x0000000008006964                PROVIDE (__preinit_array_start = .)
 *(.preinit_array*)
                0x0000000008006964                PROVIDE (__preinit_array_end = .)
                0x0000000008006964                . = ALIGN (0x4)

.init_array     0x0000000008006964        0x4
                0x0000000008006964                . = ALIGN (0x4)
                0x0000000008006964                PROVIDE (__init_array_start = .)
 *(SORT_BY_NAME(.init_array.*))
 *(.init_array*)
 .init_array    0x0000000008006964        0x4 c:/st/stm32cubeide_1.3.0/stm32cubeide/plugins/com.st.stm32cube.ide.mcu.externaltools.gnu-tools-for-stm32.7-2018-q2-update.win32_1.0.0.201904181610/tools/bin/../lib/gcc/arm-none-eabi/7.3.1/thumb/v7-m/crtbegin.o
                0x0000000008006968                PROVIDE (__init_array_end = .)
                0x0000000008006968                . = ALIGN (0x4)

.fini_array     0x0000000008006968        0x4
                0x0000000008006968                . = ALIGN (0x4)
                [!provide]                        PROVIDE (__fini_array_start = .)
 *(SORT_BY_NAME(.fini_array.*))
 *(.fini_array*)
 .fini_array    0x0000000008006968        0x4 c:/st/stm32cubeide_1.3.0/stm32cubeide/plugins/com.st.stm32cube.ide.mcu.externaltools.gnu-tools-for-stm32.7-2018-q2-update.win32_1.0.0.201904181610/tools/bin/../lib/gcc/arm-none-eabi/7.3.1/thumb/v7-m/crtbegin.o
                [!provide]                        PROVIDE (__fini_array_end = .)
                0x000000000800696c                . = ALIGN (0x4)
                0x000000000800696c                _sidata = LOADADDR (.data)

.data           0x0000000020000000      0x1a0 load address 0x000000000800696c
                0x0000000020000000                . = ALIGN (0x4)
                0x0000000020000000                _sdata = .
 *(.data)
 *(.data*)
 .data.Font_11x18
                0x0000000020000000        0x8 Core/Src/fonts.o
                0x0000000020000000                Font_11x18
 .data.SystemCoreClock
                0x0000000020000008        0x4 Core/Src/system_stm32f1xx.o
                0x0000000020000008                SystemCoreClock
 .data.uwTickFreq
                0x000000002000000c        0x1 Drivers/STM32F1xx_HAL_Driver/Src/stm32f1xx_hal.o
                0x000000002000000c                uwTickFreq
 *fill*         0x000000002000000d        0x3 
 .data.uwTickPrio
                0x0000000020000010        0x4 Drivers/STM32F1xx_HAL_Driver/Src/stm32f1xx_hal.o
                0x0000000020000010                uwTickPrio
 .data.Stat     0x0000000020000014        0x1 FATFS/Target/user_diskio.o
 *fill*         0x0000000020000015        0x3 
 .data.USER_Driver
                0x0000000020000018       0x14 FATFS/Target/user_diskio.o
                0x0000000020000018                USER_Driver
 .data.USBD_CDC
                0x000000002000002c       0x38 Middlewares/ST/STM32_USB_Device_Library/Class/CDC/Src/usbd_cdc.o
                0x000000002000002c                USBD_CDC
 .data.USBD_CDC_CfgFSDesc
                0x0000000020000064       0x43 Middlewares/ST/STM32_USB_Device_Library/Class/CDC/Src/usbd_cdc.o
                0x0000000020000064                USBD_CDC_CfgFSDesc
 *fill*         0x00000000200000a7        0x1 
 .data.USBD_CDC_CfgHSDesc
                0x00000000200000a8       0x43 Middlewares/ST/STM32_USB_Device_Library/Class/CDC/Src/usbd_cdc.o
                0x00000000200000a8                USBD_CDC_CfgHSDesc
 *fill*         0x00000000200000eb        0x1 
 .data.USBD_CDC_DeviceQualifierDesc
                0x00000000200000ec        0xa Middlewares/ST/STM32_USB_Device_Library/Class/CDC/Src/usbd_cdc.o
 *fill*         0x00000000200000f6        0x2 
 .data.USBD_CDC_OtherSpeedCfgDesc
                0x00000000200000f8       0x43 Middlewares/ST/STM32_USB_Device_Library/Class/CDC/Src/usbd_cdc.o
                0x00000000200000f8                USBD_CDC_OtherSpeedCfgDesc
 *fill*         0x000000002000013b        0x1 
 .data.uxCriticalNesting
                0x000000002000013c        0x4 Middlewares/Third_Party/FreeRTOS/Source/portable/GCC/ARM_CM3/port.o
 .data.USBD_Interface_fops_FS
                0x0000000020000140       0x10 USB_DEVICE/App/usbd_cdc_if.o
                0x0000000020000140                USBD_Interface_fops_FS
 .data.FS_Desc  0x0000000020000150       0x1c USB_DEVICE/App/usbd_desc.o
                0x0000000020000150                FS_Desc
 .data.USBD_FS_DeviceDesc
                0x000000002000016c       0x12 USB_DEVICE/App/usbd_desc.o
                0x000000002000016c                USBD_FS_DeviceDesc
 *fill*         0x000000002000017e        0x2 
 .data.USBD_LangIDDesc
                0x0000000020000180        0x4 USB_DEVICE/App/usbd_desc.o
                0x0000000020000180                USBD_LangIDDesc
 .data.USBD_StringSerial
                0x0000000020000184       0x1a USB_DEVICE/App/usbd_desc.o
                0x0000000020000184                USBD_StringSerial
                0x00000000200001a0                . = ALIGN (0x4)
 *fill*         0x000000002000019e        0x2 
                0x00000000200001a0                _edata = .

.igot.plt       0x00000000200001a0        0x0 load address 0x0000000008006b0c
 .igot.plt      0x00000000200001a0        0x0 c:/st/stm32cubeide_1.3.0/stm32cubeide/plugins/com.st.stm32cube.ide.mcu.externaltools.gnu-tools-for-stm32.7-2018-q2-update.win32_1.0.0.201904181610/tools/bin/../lib/gcc/arm-none-eabi/7.3.1/thumb/v7-m/crtbegin.o
                0x00000000200001a0                . = ALIGN (0x4)

.bss            0x00000000200001a0     0x3498 load address 0x0000000008006b0c
                0x00000000200001a0                _sbss = .
                0x00000000200001a0                __bss_start__ = _sbss
 *(.bss)
 .bss           0x00000000200001a0       0x1c c:/st/stm32cubeide_1.3.0/stm32cubeide/plugins/com.st.stm32cube.ide.mcu.externaltools.gnu-tools-for-stm32.7-2018-q2-update.win32_1.0.0.201904181610/tools/bin/../lib/gcc/arm-none-eabi/7.3.1/thumb/v7-m/crtbegin.o
 *(.bss*)
 .bss.SSD1306   0x00000000200001bc        0x6 Core/Src/ssd1306.o
 .bss.SSD1306_Buffer
                0x00000000200001c2      0x410 Core/Src/ssd1306.o
 .bss.cfgidx.8619
                0x00000000200005d2        0x1 Middlewares/ST/STM32_USB_Device_Library/Core/Src/usbd_ctlreq.o
 *fill*         0x00000000200005d3        0x1 
 .bss.disk      0x00000000200005d4        0xc Middlewares/Third_Party/FatFs/src/ff_gen_drv.o
                0x00000000200005d4                disk
 .bss.Idle_Stack
                0x00000000200005e0      0x200 Middlewares/Third_Party/FreeRTOS/Source/CMSIS_RTOS_V2/cmsis_os2.o
 .bss.Idle_TCB  0x00000000200007e0       0x5c Middlewares/Third_Party/FreeRTOS/Source/CMSIS_RTOS_V2/cmsis_os2.o
 .bss.KernelState
                0x000000002000083c        0x4 Middlewares/Third_Party/FreeRTOS/Source/CMSIS_RTOS_V2/cmsis_os2.o
 .bss.Timer_Stack
                0x0000000020000840      0x400 Middlewares/Third_Party/FreeRTOS/Source/CMSIS_RTOS_V2/cmsis_os2.o
 .bss.Timer_TCB
                0x0000000020000c40       0x5c Middlewares/Third_Party/FreeRTOS/Source/CMSIS_RTOS_V2/cmsis_os2.o
 .bss.pxCurrentTCB
                0x0000000020000c9c        0x4 Middlewares/Third_Party/FreeRTOS/Source/tasks.o
                0x0000000020000c9c                pxCurrentTCB
 .bss.pxDelayedTaskList
                0x0000000020000ca0        0x4 Middlewares/Third_Party/FreeRTOS/Source/tasks.o
 .bss.pxOverflowDelayedTaskList
                0x0000000020000ca4        0x4 Middlewares/Third_Party/FreeRTOS/Source/tasks.o
 .bss.pxReadyTasksLists
                0x0000000020000ca8      0x460 Middlewares/Third_Party/FreeRTOS/Source/tasks.o
 .bss.uxCurrentNumberOfTasks
                0x0000000020001108        0x4 Middlewares/Third_Party/FreeRTOS/Source/tasks.o
 .bss.uxDeletedTasksWaitingCleanUp
                0x000000002000110c        0x4 Middlewares/Third_Party/FreeRTOS/Source/tasks.o
 .bss.uxPendedTicks
                0x0000000020001110        0x4 Middlewares/Third_Party/FreeRTOS/Source/tasks.o
 .bss.uxSchedulerSuspended
                0x0000000020001114        0x4 Middlewares/Third_Party/FreeRTOS/Source/tasks.o
 .bss.uxTaskNumber
                0x0000000020001118        0x4 Middlewares/Third_Party/FreeRTOS/Source/tasks.o
 .bss.uxTopReadyPriority
                0x000000002000111c        0x4 Middlewares/Third_Party/FreeRTOS/Source/tasks.o
 .bss.xDelayedTaskList1
                0x0000000020001120       0x14 Middlewares/Third_Party/FreeRTOS/Source/tasks.o
 .bss.xDelayedTaskList2
                0x0000000020001134       0x14 Middlewares/Third_Party/FreeRTOS/Source/tasks.o
 .bss.xNextTaskUnblockTime
                0x0000000020001148        0x4 Middlewares/Third_Party/FreeRTOS/Source/tasks.o
 .bss.xNumOfOverflows
                0x000000002000114c        0x4 Middlewares/Third_Party/FreeRTOS/Source/tasks.o
 .bss.xPendingReadyList
                0x0000000020001150       0x14 Middlewares/Third_Party/FreeRTOS/Source/tasks.o
 .bss.xSchedulerRunning
                0x0000000020001164        0x4 Middlewares/Third_Party/FreeRTOS/Source/tasks.o
 .bss.xSuspendedTaskList
                0x0000000020001168       0x14 Middlewares/Third_Party/FreeRTOS/Source/tasks.o
 .bss.xTasksWaitingTermination
                0x000000002000117c       0x14 Middlewares/Third_Party/FreeRTOS/Source/tasks.o
 .bss.xTickCount
                0x0000000020001190        0x4 Middlewares/Third_Party/FreeRTOS/Source/tasks.o
 .bss.xYieldPending
                0x0000000020001194        0x4 Middlewares/Third_Party/FreeRTOS/Source/tasks.o
 .bss.pxCurrentTimerList
                0x0000000020001198        0x4 Middlewares/Third_Party/FreeRTOS/Source/timers.o
 .bss.pxOverflowTimerList
                0x000000002000119c        0x4 Middlewares/Third_Party/FreeRTOS/Source/timers.o
 .bss.ucStaticTimerQueueStorage.5505
                0x00000000200011a0       0xa0 Middlewares/Third_Party/FreeRTOS/Source/timers.o
 .bss.xActiveTimerList1
                0x0000000020001240       0x14 Middlewares/Third_Party/FreeRTOS/Source/timers.o
 .bss.xActiveTimerList2
                0x0000000020001254       0x14 Middlewares/Third_Party/FreeRTOS/Source/timers.o
 .bss.xLastTime.5454
                0x0000000020001268        0x4 Middlewares/Third_Party/FreeRTOS/Source/timers.o
 .bss.xStaticTimerQueue.5504
                0x000000002000126c       0x50 Middlewares/Third_Party/FreeRTOS/Source/timers.o
 .bss.xTimerQueue
                0x00000000200012bc        0x4 Middlewares/Third_Party/FreeRTOS/Source/timers.o
 .bss.xTimerTaskHandle
                0x00000000200012c0        0x4 Middlewares/Third_Party/FreeRTOS/Source/timers.o
 .bss.ucMaxSysCallPriority
                0x00000000200012c4        0x1 Middlewares/Third_Party/FreeRTOS/Source/portable/GCC/ARM_CM3/port.o
 *fill*         0x00000000200012c5        0x3 
 .bss.ulMaxPRIGROUPValue
                0x00000000200012c8        0x4 Middlewares/Third_Party/FreeRTOS/Source/portable/GCC/ARM_CM3/port.o
 .bss.pxEnd     0x00000000200012cc        0x4 Middlewares/Third_Party/FreeRTOS/Source/portable/MemMang/heap_4.o
 .bss.ucHeap    0x00000000200012d0      0xc00 Middlewares/Third_Party/FreeRTOS/Source/portable/MemMang/heap_4.o
 .bss.xBlockAllocatedBit
                0x0000000020001ed0        0x4 Middlewares/Third_Party/FreeRTOS/Source/portable/MemMang/heap_4.o
 .bss.xFreeBytesRemaining
                0x0000000020001ed4        0x4 Middlewares/Third_Party/FreeRTOS/Source/portable/MemMang/heap_4.o
 .bss.xMinimumEverFreeBytesRemaining
                0x0000000020001ed8        0x4 Middlewares/Third_Party/FreeRTOS/Source/portable/MemMang/heap_4.o
 .bss.xStart    0x0000000020001edc        0x8 Middlewares/Third_Party/FreeRTOS/Source/portable/MemMang/heap_4.o
 .bss.mem.8684  0x0000000020001ee4      0x220 USB_DEVICE/Target/usbd_conf.o
 *(COMMON)
 COMMON         0x0000000020002104      0x188 Core/Src/main.o
                0x0000000020002104                defaultTaskHandle
                0x0000000020002108                hspi2
                0x0000000020002160                huart3
                0x00000000200021a0                hi2c1
                0x00000000200021f4                buzzerQueueHandle
                0x00000000200021f8                dysplayQueueHandle
                0x00000000200021fc                keyboardQueueHandle
                0x0000000020002200                huart1
                0x0000000020002240                dysplayTaskHandle
                0x0000000020002244                buzzerTaskHandle
                0x0000000020002248                keyboardTaskHandle
                0x000000002000224c                htim2
 COMMON         0x000000002000228c        0x4 Drivers/STM32F1xx_HAL_Driver/Src/stm32f1xx_hal.o
                0x000000002000228c                uwTick
 COMMON         0x0000000020002290      0x468 FATFS/App/fatfs.o
                0x0000000020002290                USERPath
                0x0000000020002294                retUSER
                0x0000000020002298                USERFile
                0x00000000200024c4                USERFatFS
 COMMON         0x00000000200026f8       0x40 Middlewares/Third_Party/FreeRTOS/Source/queue.o
                0x00000000200026f8                xQueueRegistry
 COMMON         0x0000000020002738      0x2c4 USB_DEVICE/App/usb_device.o
                0x0000000020002738                hUsbDeviceFS
 COMMON         0x00000000200029fc      0x7d0 USB_DEVICE/App/usbd_cdc_if.o
                0x00000000200029fc                UserRxBufferFS
                0x0000000020002de4                UserTxBufferFS
 COMMON         0x00000000200031cc      0x200 USB_DEVICE/App/usbd_desc.o
                0x00000000200031cc                USBD_StrDesc
 COMMON         0x00000000200033cc      0x26c USB_DEVICE/Target/usbd_conf.o
                0x00000000200033cc                hpcd_USB_FS
                0x0000000020003638                . = ALIGN (0x4)
                0x0000000020003638                _ebss = .
                0x0000000020003638                __bss_end__ = _ebss

._user_heap_stack
                0x0000000020003638      0x600 load address 0x0000000008006b0c
                0x0000000020003638                . = ALIGN (0x8)
                0x0000000020003638                PROVIDE (end = .)
                [!provide]                        PROVIDE (_end = .)
                0x0000000020003838                . = (. + _Min_Heap_Size)
 *fill*         0x0000000020003638      0x200 
                0x0000000020003c38                . = (. + _Min_Stack_Size)
 *fill*         0x0000000020003838      0x400 
                0x0000000020003c38                . = ALIGN (0x8)

/DISCARD/
 libc.a(*)
 libm.a(*)
 libgcc.a(*)

.ARM.attributes
                0x0000000000000000       0x29
 *(.ARM.attributes)
 .ARM.attributes
                0x0000000000000000       0x1d c:/st/stm32cubeide_1.3.0/stm32cubeide/plugins/com.st.stm32cube.ide.mcu.externaltools.gnu-tools-for-stm32.7-2018-q2-update.win32_1.0.0.201904181610/tools/bin/../lib/gcc/arm-none-eabi/7.3.1/thumb/v7-m/crti.o
 .ARM.attributes
                0x000000000000001d       0x2d c:/st/stm32cubeide_1.3.0/stm32cubeide/plugins/com.st.stm32cube.ide.mcu.externaltools.gnu-tools-for-stm32.7-2018-q2-update.win32_1.0.0.201904181610/tools/bin/../lib/gcc/arm-none-eabi/7.3.1/thumb/v7-m/crtbegin.o
 .ARM.attributes
                0x000000000000004a       0x33 Core/Src/Buzzer.o
 .ARM.attributes
                0x000000000000007d       0x33 Core/Src/fonts.o
 .ARM.attributes
                0x00000000000000b0       0x33 Core/Src/main.o
 .ARM.attributes
                0x00000000000000e3       0x33 Core/Src/ssd1306.o
 .ARM.attributes
                0x0000000000000116       0x33 Core/Src/stm32f1xx_hal_msp.o
 .ARM.attributes
                0x0000000000000149       0x33 Core/Src/stm32f1xx_it.o
 .ARM.attributes
                0x000000000000017c       0x33 Core/Src/system_stm32f1xx.o
 .ARM.attributes
                0x00000000000001af       0x21 Core/Startup/startup_stm32f103c8tx.o
 .ARM.attributes
                0x00000000000001d0       0x33 Drivers/STM32F1xx_HAL_Driver/Src/stm32f1xx_hal.o
 .ARM.attributes
                0x0000000000000203       0x33 Drivers/STM32F1xx_HAL_Driver/Src/stm32f1xx_hal_cortex.o
 .ARM.attributes
                0x0000000000000236       0x33 Drivers/STM32F1xx_HAL_Driver/Src/stm32f1xx_hal_gpio.o
 .ARM.attributes
                0x0000000000000269       0x33 Drivers/STM32F1xx_HAL_Driver/Src/stm32f1xx_hal_i2c.o
 .ARM.attributes
                0x000000000000029c       0x33 Drivers/STM32F1xx_HAL_Driver/Src/stm32f1xx_hal_pcd.o
 .ARM.attributes
                0x00000000000002cf       0x33 Drivers/STM32F1xx_HAL_Driver/Src/stm32f1xx_hal_pcd_ex.o
 .ARM.attributes
                0x0000000000000302       0x33 Drivers/STM32F1xx_HAL_Driver/Src/stm32f1xx_hal_rcc.o
 .ARM.attributes
                0x0000000000000335       0x33 Drivers/STM32F1xx_HAL_Driver/Src/stm32f1xx_hal_rcc_ex.o
 .ARM.attributes
                0x0000000000000368       0x33 Drivers/STM32F1xx_HAL_Driver/Src/stm32f1xx_hal_spi.o
 .ARM.attributes
                0x000000000000039b       0x33 Drivers/STM32F1xx_HAL_Driver/Src/stm32f1xx_hal_tim.o
 .ARM.attributes
                0x00000000000003ce       0x33 Drivers/STM32F1xx_HAL_Driver/Src/stm32f1xx_hal_tim_ex.o
 .ARM.attributes
                0x0000000000000401       0x33 Drivers/STM32F1xx_HAL_Driver/Src/stm32f1xx_hal_uart.o
 .ARM.attributes
                0x0000000000000434       0x33 Drivers/STM32F1xx_HAL_Driver/Src/stm32f1xx_ll_usb.o
 .ARM.attributes
                0x0000000000000467       0x33 FATFS/App/fatfs.o
 .ARM.attributes
                0x000000000000049a       0x33 FATFS/Target/user_diskio.o
 .ARM.attributes
                0x00000000000004cd       0x33 Middlewares/ST/STM32_USB_Device_Library/Class/CDC/Src/usbd_cdc.o
 .ARM.attributes
                0x0000000000000500       0x33 Middlewares/ST/STM32_USB_Device_Library/Core/Src/usbd_core.o
 .ARM.attributes
                0x0000000000000533       0x33 Middlewares/ST/STM32_USB_Device_Library/Core/Src/usbd_ctlreq.o
 .ARM.attributes
                0x0000000000000566       0x33 Middlewares/ST/STM32_USB_Device_Library/Core/Src/usbd_ioreq.o
 .ARM.attributes
                0x0000000000000599       0x33 Middlewares/Third_Party/FatFs/src/ff_gen_drv.o
 .ARM.attributes
                0x00000000000005cc       0x33 Middlewares/Third_Party/FreeRTOS/Source/CMSIS_RTOS_V2/cmsis_os2.o
 .ARM.attributes
                0x00000000000005ff       0x33 Middlewares/Third_Party/FreeRTOS/Source/list.o
 .ARM.attributes
                0x0000000000000632       0x33 Middlewares/Third_Party/FreeRTOS/Source/queue.o
 .ARM.attributes
                0x0000000000000665       0x33 Middlewares/Third_Party/FreeRTOS/Source/tasks.o
 .ARM.attributes
                0x0000000000000698       0x33 Middlewares/Third_Party/FreeRTOS/Source/timers.o
 .ARM.attributes
                0x00000000000006cb       0x33 Middlewares/Third_Party/FreeRTOS/Source/portable/GCC/ARM_CM3/port.o
 .ARM.attributes
                0x00000000000006fe       0x33 Middlewares/Third_Party/FreeRTOS/Source/portable/MemMang/heap_4.o
 .ARM.attributes
                0x0000000000000731       0x33 USB_DEVICE/App/usb_device.o
 .ARM.attributes
                0x0000000000000764       0x33 USB_DEVICE/App/usbd_cdc_if.o
 .ARM.attributes
                0x0000000000000797       0x33 USB_DEVICE/App/usbd_desc.o
 .ARM.attributes
                0x00000000000007ca       0x33 USB_DEVICE/Target/usbd_conf.o
 .ARM.attributes
                0x00000000000007fd       0x2d c:/st/stm32cubeide_1.3.0/stm32cubeide/plugins/com.st.stm32cube.ide.mcu.externaltools.gnu-tools-for-stm32.7-2018-q2-update.win32_1.0.0.201904181610/tools/bin/../lib/gcc/arm-none-eabi/7.3.1/../../../../arm-none-eabi/lib/thumb/v7-m\libc_nano.a(lib_a-init.o)
 .ARM.attributes
                0x000000000000082a       0x2d c:/st/stm32cubeide_1.3.0/stm32cubeide/plugins/com.st.stm32cube.ide.mcu.externaltools.gnu-tools-for-stm32.7-2018-q2-update.win32_1.0.0.201904181610/tools/bin/../lib/gcc/arm-none-eabi/7.3.1/../../../../arm-none-eabi/lib/thumb/v7-m\libc_nano.a(lib_a-memcpy-stub.o)
 .ARM.attributes
                0x0000000000000857       0x2d c:/st/stm32cubeide_1.3.0/stm32cubeide/plugins/com.st.stm32cube.ide.mcu.externaltools.gnu-tools-for-stm32.7-2018-q2-update.win32_1.0.0.201904181610/tools/bin/../lib/gcc/arm-none-eabi/7.3.1/../../../../arm-none-eabi/lib/thumb/v7-m\libc_nano.a(lib_a-memset.o)
 .ARM.attributes
                0x0000000000000884       0x1d c:/st/stm32cubeide_1.3.0/stm32cubeide/plugins/com.st.stm32cube.ide.mcu.externaltools.gnu-tools-for-stm32.7-2018-q2-update.win32_1.0.0.201904181610/tools/bin/../lib/gcc/arm-none-eabi/7.3.1/thumb/v7-m/crtn.o
OUTPUT(SpeedGPS.elf elf32-littlearm)

.debug_info     0x0000000000000000    0x30fbc
 .debug_info    0x0000000000000000      0x3c4 Core/Src/Buzzer.o
 .debug_info    0x00000000000003c4      0x272 Core/Src/fonts.o
 .debug_info    0x0000000000000636     0x2e82 Core/Src/main.o
 .debug_info    0x00000000000034b8      0xcf9 Core/Src/ssd1306.o
 .debug_info    0x00000000000041b1     0x1477 Core/Src/stm32f1xx_hal_msp.o
 .debug_info    0x0000000000005628      0x6ca Core/Src/stm32f1xx_it.o
 .debug_info    0x0000000000005cf2      0x436 Core/Src/system_stm32f1xx.o
 .debug_info    0x0000000000006128       0x22 Core/Startup/startup_stm32f103c8tx.o
 .debug_info    0x000000000000614a      0x7d1 Drivers/STM32F1xx_HAL_Driver/Src/stm32f1xx_hal.o
 .debug_info    0x000000000000691b      0xca4 Drivers/STM32F1xx_HAL_Driver/Src/stm32f1xx_hal_cortex.o
 .debug_info    0x00000000000075bf      0x691 Drivers/STM32F1xx_HAL_Driver/Src/stm32f1xx_hal_gpio.o
 .debug_info    0x0000000000007c50     0x3521 Drivers/STM32F1xx_HAL_Driver/Src/stm32f1xx_hal_i2c.o
 .debug_info    0x000000000000b171     0x130a Drivers/STM32F1xx_HAL_Driver/Src/stm32f1xx_hal_pcd.o
 .debug_info    0x000000000000c47b      0x754 Drivers/STM32F1xx_HAL_Driver/Src/stm32f1xx_hal_pcd_ex.o
 .debug_info    0x000000000000cbcf      0x9db Drivers/STM32F1xx_HAL_Driver/Src/stm32f1xx_hal_rcc.o
 .debug_info    0x000000000000d5aa      0x48c Drivers/STM32F1xx_HAL_Driver/Src/stm32f1xx_hal_rcc_ex.o
 .debug_info    0x000000000000da36     0x1be9 Drivers/STM32F1xx_HAL_Driver/Src/stm32f1xx_hal_spi.o
 .debug_info    0x000000000000f61f     0x34b1 Drivers/STM32F1xx_HAL_Driver/Src/stm32f1xx_hal_tim.o
 .debug_info    0x0000000000012ad0     0x12fa Drivers/STM32F1xx_HAL_Driver/Src/stm32f1xx_hal_tim_ex.o
 .debug_info    0x0000000000013dca     0x1643 Drivers/STM32F1xx_HAL_Driver/Src/stm32f1xx_hal_uart.o
 .debug_info    0x000000000001540d     0x1584 Drivers/STM32F1xx_HAL_Driver/Src/stm32f1xx_ll_usb.o
 .debug_info    0x0000000000016991      0x5c1 FATFS/App/fatfs.o
 .debug_info    0x0000000000016f52      0xc24 FATFS/Target/user_diskio.o
 .debug_info    0x0000000000017b76     0x1a6c Middlewares/ST/STM32_USB_Device_Library/Class/CDC/Src/usbd_cdc.o
 .debug_info    0x00000000000195e2     0x14f9 Middlewares/ST/STM32_USB_Device_Library/Core/Src/usbd_core.o
 .debug_info    0x000000000001aadb     0x154d Middlewares/ST/STM32_USB_Device_Library/Core/Src/usbd_ctlreq.o
 .debug_info    0x000000000001c028     0x101d Middlewares/ST/STM32_USB_Device_Library/Core/Src/usbd_ioreq.o
 .debug_info    0x000000000001d045      0x539 Middlewares/Third_Party/FatFs/src/ff_gen_drv.o
 .debug_info    0x000000000001d57e     0x4976 Middlewares/Third_Party/FreeRTOS/Source/CMSIS_RTOS_V2/cmsis_os2.o
 .debug_info    0x0000000000021ef4      0xac2 Middlewares/Third_Party/FreeRTOS/Source/list.o
 .debug_info    0x00000000000229b6     0x2d6c Middlewares/Third_Party/FreeRTOS/Source/queue.o
 .debug_info    0x0000000000025722     0x3611 Middlewares/Third_Party/FreeRTOS/Source/tasks.o
 .debug_info    0x0000000000028d33     0x20fa Middlewares/Third_Party/FreeRTOS/Source/timers.o
 .debug_info    0x000000000002ae2d      0x507 Middlewares/Third_Party/FreeRTOS/Source/portable/GCC/ARM_CM3/port.o
 .debug_info    0x000000000002b334      0xca2 Middlewares/Third_Party/FreeRTOS/Source/portable/MemMang/heap_4.o
 .debug_info    0x000000000002bfd6      0xf2c USB_DEVICE/App/usb_device.o
 .debug_info    0x000000000002cf02     0x10e8 USB_DEVICE/App/usbd_cdc_if.o
 .debug_info    0x000000000002dfea      0xe90 USB_DEVICE/App/usbd_desc.o
 .debug_info    0x000000000002ee7a     0x2142 USB_DEVICE/Target/usbd_conf.o

.debug_abbrev   0x0000000000000000     0x66ca
 .debug_abbrev  0x0000000000000000      0x12f Core/Src/Buzzer.o
 .debug_abbrev  0x000000000000012f       0xdc Core/Src/fonts.o
 .debug_abbrev  0x000000000000020b      0x3bc Core/Src/main.o
 .debug_abbrev  0x00000000000005c7      0x264 Core/Src/ssd1306.o
 .debug_abbrev  0x000000000000082b      0x27c Core/Src/stm32f1xx_hal_msp.o
 .debug_abbrev  0x0000000000000aa7      0x1c2 Core/Src/stm32f1xx_it.o
 .debug_abbrev  0x0000000000000c69      0x134 Core/Src/system_stm32f1xx.o
 .debug_abbrev  0x0000000000000d9d       0x12 Core/Startup/startup_stm32f103c8tx.o
 .debug_abbrev  0x0000000000000daf      0x251 Drivers/STM32F1xx_HAL_Driver/Src/stm32f1xx_hal.o
 .debug_abbrev  0x0000000000001000      0x30c Drivers/STM32F1xx_HAL_Driver/Src/stm32f1xx_hal_cortex.o
 .debug_abbrev  0x000000000000130c      0x1e9 Drivers/STM32F1xx_HAL_Driver/Src/stm32f1xx_hal_gpio.o
 .debug_abbrev  0x00000000000014f5      0x3cf Drivers/STM32F1xx_HAL_Driver/Src/stm32f1xx_hal_i2c.o
 .debug_abbrev  0x00000000000018c4      0x327 Drivers/STM32F1xx_HAL_Driver/Src/stm32f1xx_hal_pcd.o
 .debug_abbrev  0x0000000000001beb      0x1b6 Drivers/STM32F1xx_HAL_Driver/Src/stm32f1xx_hal_pcd_ex.o
 .debug_abbrev  0x0000000000001da1      0x2ac Drivers/STM32F1xx_HAL_Driver/Src/stm32f1xx_hal_rcc.o
 .debug_abbrev  0x000000000000204d      0x1c9 Drivers/STM32F1xx_HAL_Driver/Src/stm32f1xx_hal_rcc_ex.o
 .debug_abbrev  0x0000000000002216      0x358 Drivers/STM32F1xx_HAL_Driver/Src/stm32f1xx_hal_spi.o
 .debug_abbrev  0x000000000000256e      0x343 Drivers/STM32F1xx_HAL_Driver/Src/stm32f1xx_hal_tim.o
 .debug_abbrev  0x00000000000028b1      0x2a3 Drivers/STM32F1xx_HAL_Driver/Src/stm32f1xx_hal_tim_ex.o
 .debug_abbrev  0x0000000000002b54      0x2fe Drivers/STM32F1xx_HAL_Driver/Src/stm32f1xx_hal_uart.o
 .debug_abbrev  0x0000000000002e52      0x2bc Drivers/STM32F1xx_HAL_Driver/Src/stm32f1xx_ll_usb.o
 .debug_abbrev  0x000000000000310e      0x1a7 FATFS/App/fatfs.o
 .debug_abbrev  0x00000000000032b5      0x25e FATFS/Target/user_diskio.o
 .debug_abbrev  0x0000000000003513      0x306 Middlewares/ST/STM32_USB_Device_Library/Class/CDC/Src/usbd_cdc.o
 .debug_abbrev  0x0000000000003819      0x327 Middlewares/ST/STM32_USB_Device_Library/Core/Src/usbd_core.o
 .debug_abbrev  0x0000000000003b40      0x3b3 Middlewares/ST/STM32_USB_Device_Library/Core/Src/usbd_ctlreq.o
 .debug_abbrev  0x0000000000003ef3      0x1fc Middlewares/ST/STM32_USB_Device_Library/Core/Src/usbd_ioreq.o
 .debug_abbrev  0x00000000000040ef      0x21b Middlewares/Third_Party/FatFs/src/ff_gen_drv.o
 .debug_abbrev  0x000000000000430a      0x49b Middlewares/Third_Party/FreeRTOS/Source/CMSIS_RTOS_V2/cmsis_os2.o
 .debug_abbrev  0x00000000000047a5      0x1ed Middlewares/Third_Party/FreeRTOS/Source/list.o
 .debug_abbrev  0x0000000000004992      0x478 Middlewares/Third_Party/FreeRTOS/Source/queue.o
 .debug_abbrev  0x0000000000004e0a      0x45b Middlewares/Third_Party/FreeRTOS/Source/tasks.o
 .debug_abbrev  0x0000000000005265      0x3ee Middlewares/Third_Party/FreeRTOS/Source/timers.o
 .debug_abbrev  0x0000000000005653      0x23b Middlewares/Third_Party/FreeRTOS/Source/portable/GCC/ARM_CM3/port.o
 .debug_abbrev  0x000000000000588e      0x317 Middlewares/Third_Party/FreeRTOS/Source/portable/MemMang/heap_4.o
 .debug_abbrev  0x0000000000005ba5      0x203 USB_DEVICE/App/usb_device.o
 .debug_abbrev  0x0000000000005da8      0x2bf USB_DEVICE/App/usbd_cdc_if.o
 .debug_abbrev  0x0000000000006067      0x338 USB_DEVICE/App/usbd_desc.o
 .debug_abbrev  0x000000000000639f      0x32b USB_DEVICE/Target/usbd_conf.o

.debug_loc      0x0000000000000000    0x151e7
 .debug_loc     0x0000000000000000       0xcd Core/Src/Buzzer.o
 .debug_loc     0x00000000000000cd      0x157 Core/Src/main.o
 .debug_loc     0x0000000000000224      0x1d9 Core/Src/ssd1306.o
 .debug_loc     0x00000000000003fd      0x188 Core/Src/stm32f1xx_hal_msp.o
 .debug_loc     0x0000000000000585       0xcd Core/Src/system_stm32f1xx.o
 .debug_loc     0x0000000000000652       0xf3 Drivers/STM32F1xx_HAL_Driver/Src/stm32f1xx_hal.o
 .debug_loc     0x0000000000000745      0x457 Drivers/STM32F1xx_HAL_Driver/Src/stm32f1xx_hal_cortex.o
 .debug_loc     0x0000000000000b9c      0x2f6 Drivers/STM32F1xx_HAL_Driver/Src/stm32f1xx_hal_gpio.o
 .debug_loc     0x0000000000000e92     0x2f6c Drivers/STM32F1xx_HAL_Driver/Src/stm32f1xx_hal_i2c.o
 .debug_loc     0x0000000000003dfe      0x999 Drivers/STM32F1xx_HAL_Driver/Src/stm32f1xx_hal_pcd.o
 .debug_loc     0x0000000000004797       0xd4 Drivers/STM32F1xx_HAL_Driver/Src/stm32f1xx_hal_pcd_ex.o
 .debug_loc     0x000000000000486b      0x486 Drivers/STM32F1xx_HAL_Driver/Src/stm32f1xx_hal_rcc.o
 .debug_loc     0x0000000000004cf1      0x29d Drivers/STM32F1xx_HAL_Driver/Src/stm32f1xx_hal_rcc_ex.o
 .debug_loc     0x0000000000004f8e     0x154a Drivers/STM32F1xx_HAL_Driver/Src/stm32f1xx_hal_spi.o
 .debug_loc     0x00000000000064d8     0x2ee6 Drivers/STM32F1xx_HAL_Driver/Src/stm32f1xx_hal_tim.o
 .debug_loc     0x00000000000093be      0xa55 Drivers/STM32F1xx_HAL_Driver/Src/stm32f1xx_hal_tim_ex.o
 .debug_loc     0x0000000000009e13     0x1360 Drivers/STM32F1xx_HAL_Driver/Src/stm32f1xx_hal_uart.o
 .debug_loc     0x000000000000b173      0xff4 Drivers/STM32F1xx_HAL_Driver/Src/stm32f1xx_ll_usb.o
 .debug_loc     0x000000000000c167       0x63 FATFS/Target/user_diskio.o
 .debug_loc     0x000000000000c1ca      0x658 Middlewares/ST/STM32_USB_Device_Library/Class/CDC/Src/usbd_cdc.o
 .debug_loc     0x000000000000c822      0x703 Middlewares/ST/STM32_USB_Device_Library/Core/Src/usbd_core.o
 .debug_loc     0x000000000000cf25      0x927 Middlewares/ST/STM32_USB_Device_Library/Core/Src/usbd_ctlreq.o
 .debug_loc     0x000000000000d84c      0x23c Middlewares/ST/STM32_USB_Device_Library/Core/Src/usbd_ioreq.o
 .debug_loc     0x000000000000da88      0x222 Middlewares/Third_Party/FatFs/src/ff_gen_drv.o
 .debug_loc     0x000000000000dcaa     0x2abd Middlewares/Third_Party/FreeRTOS/Source/CMSIS_RTOS_V2/cmsis_os2.o
 .debug_loc     0x0000000000010767       0x94 Middlewares/Third_Party/FreeRTOS/Source/list.o
 .debug_loc     0x00000000000107fb     0x13cb Middlewares/Third_Party/FreeRTOS/Source/queue.o