Archive member included to satisfy reference by file (symbol)

c:/st/stm32cubeide_1.3.0/stm32cubeide/plugins/com.st.stm32cube.ide.mcu.externaltools.gnu-tools-for-stm32.7-2018-q2-update.win32_1.0.0.201904181610/tools/bin/../lib/gcc/arm-none-eabi/7.3.1/../../../../arm-none-eabi/lib/thumb/v7-m\libstdc++_nano.a(del_ops.o)
                              Core/Src/nmea_parser.o (operator delete(void*, unsigned int))
c:/st/stm32cubeide_1.3.0/stm32cubeide/plugins/com.st.stm32cube.ide.mcu.externaltools.gnu-tools-for-stm32.7-2018-q2-update.win32_1.0.0.201904181610/tools/bin/../lib/gcc/arm-none-eabi/7.3.1/../../../../arm-none-eabi/lib/thumb/v7-m\libstdc++_nano.a(del_op.o)
                              c:/st/stm32cubeide_1.3.0/stm32cubeide/plugins/com.st.stm32cube.ide.mcu.externaltools.gnu-tools-for-stm32.7-2018-q2-update.win32_1.0.0.201904181610/tools/bin/../lib/gcc/arm-none-eabi/7.3.1/../../../../arm-none-eabi/lib/thumb/v7-m\libstdc++_nano.a(del_ops.o) (operator delete(void*))
c:/st/stm32cubeide_1.3.0/stm32cubeide/plugins/com.st.stm32cube.ide.mcu.externaltools.gnu-tools-for-stm32.7-2018-q2-update.win32_1.0.0.201904181610/tools/bin/../lib/gcc/arm-none-eabi/7.3.1/../../../../arm-none-eabi/lib/thumb/v7-m\libc_nano.a(lib_a-errno.o)
                              Core/Src/syscalls.o (__errno)
c:/st/stm32cubeide_1.3.0/stm32cubeide/plugins/com.st.stm32cube.ide.mcu.externaltools.gnu-tools-for-stm32.7-2018-q2-update.win32_1.0.0.201904181610/tools/bin/../lib/gcc/arm-none-eabi/7.3.1/../../../../arm-none-eabi/lib/thumb/v7-m\libc_nano.a(lib_a-exit.o)
                              c:/st/stm32cubeide_1.3.0/stm32cubeide/plugins/com.st.stm32cube.ide.mcu.externaltools.gnu-tools-for-stm32.7-2018-q2-update.win32_1.0.0.201904181610/tools/bin/../lib/gcc/arm-none-eabi/7.3.1/../../../../arm-none-eabi/lib/thumb/v7-m/crt0.o (exit)
c:/st/stm32cubeide_1.3.0/stm32cubeide/plugins/com.st.stm32cube.ide.mcu.externaltools.gnu-tools-for-stm32.7-2018-q2-update.win32_1.0.0.201904181610/tools/bin/../lib/gcc/arm-none-eabi/7.3.1/../../../../arm-none-eabi/lib/thumb/v7-m\libc_nano.a(lib_a-impure.o)
                              c:/st/stm32cubeide_1.3.0/stm32cubeide/plugins/com.st.stm32cube.ide.mcu.externaltools.gnu-tools-for-stm32.7-2018-q2-update.win32_1.0.0.201904181610/tools/bin/../lib/gcc/arm-none-eabi/7.3.1/../../../../arm-none-eabi/lib/thumb/v7-m\libc_nano.a(lib_a-exit.o) (_global_impure_ptr)
c:/st/stm32cubeide_1.3.0/stm32cubeide/plugins/com.st.stm32cube.ide.mcu.externaltools.gnu-tools-for-stm32.7-2018-q2-update.win32_1.0.0.201904181610/tools/bin/../lib/gcc/arm-none-eabi/7.3.1/../../../../arm-none-eabi/lib/thumb/v7-m\libc_nano.a(lib_a-init.o)
                              c:/st/stm32cubeide_1.3.0/stm32cubeide/plugins/com.st.stm32cube.ide.mcu.externaltools.gnu-tools-for-stm32.7-2018-q2-update.win32_1.0.0.201904181610/tools/bin/../lib/gcc/arm-none-eabi/7.3.1/../../../../arm-none-eabi/lib/thumb/v7-m/crt0.o (__libc_init_array)
c:/st/stm32cubeide_1.3.0/stm32cubeide/plugins/com.st.stm32cube.ide.mcu.externaltools.gnu-tools-for-stm32.7-2018-q2-update.win32_1.0.0.201904181610/tools/bin/../lib/gcc/arm-none-eabi/7.3.1/../../../../arm-none-eabi/lib/thumb/v7-m\libc_nano.a(lib_a-malloc.o)
                              c:/st/stm32cubeide_1.3.0/stm32cubeide/plugins/com.st.stm32cube.ide.mcu.externaltools.gnu-tools-for-stm32.7-2018-q2-update.win32_1.0.0.201904181610/tools/bin/../lib/gcc/arm-none-eabi/7.3.1/../../../../arm-none-eabi/lib/thumb/v7-m\libstdc++_nano.a(del_op.o) (free)
c:/st/stm32cubeide_1.3.0/stm32cubeide/plugins/com.st.stm32cube.ide.mcu.externaltools.gnu-tools-for-stm32.7-2018-q2-update.win32_1.0.0.201904181610/tools/bin/../lib/gcc/arm-none-eabi/7.3.1/../../../../arm-none-eabi/lib/thumb/v7-m\libc_nano.a(lib_a-memcpy-stub.o)
                              Middlewares/Third_Party/FreeRTOS/Source/CMSIS_RTOS_V2/cmsis_os2.o (memcpy)
c:/st/stm32cubeide_1.3.0/stm32cubeide/plugins/com.st.stm32cube.ide.mcu.externaltools.gnu-tools-for-stm32.7-2018-q2-update.win32_1.0.0.201904181610/tools/bin/../lib/gcc/arm-none-eabi/7.3.1/../../../../arm-none-eabi/lib/thumb/v7-m\libc_nano.a(lib_a-memset.o)
                              c:/st/stm32cubeide_1.3.0/stm32cubeide/plugins/com.st.stm32cube.ide.mcu.externaltools.gnu-tools-for-stm32.7-2018-q2-update.win32_1.0.0.201904181610/tools/bin/../lib/gcc/arm-none-eabi/7.3.1/../../../../arm-none-eabi/lib/thumb/v7-m/crt0.o (memset)
c:/st/stm32cubeide_1.3.0/stm32cubeide/plugins/com.st.stm32cube.ide.mcu.externaltools.gnu-tools-for-stm32.7-2018-q2-update.win32_1.0.0.201904181610/tools/bin/../lib/gcc/arm-none-eabi/7.3.1/../../../../arm-none-eabi/lib/thumb/v7-m\libc_nano.a(lib_a-nano-freer.o)
                              c:/st/stm32cubeide_1.3.0/stm32cubeide/plugins/com.st.stm32cube.ide.mcu.externaltools.gnu-tools-for-stm32.7-2018-q2-update.win32_1.0.0.201904181610/tools/bin/../lib/gcc/arm-none-eabi/7.3.1/../../../../arm-none-eabi/lib/thumb/v7-m\libc_nano.a(lib_a-malloc.o) (_free_r)
[...]
Memory Configuration

Name             Origin             Length             Attributes
RAM              0x0000000020000000 0x0000000000005000 xrw
FLASH            0x0000000008000000 0x0000000000010000 xr
*default*        0x0000000000000000 0xffffffffffffffff

Linker script and memory map

LOAD c:/st/stm32cubeide_1.3.0/stm32cubeide/plugins/com.st.stm32cube.ide.mcu.externaltools.gnu-tools-for-stm32.7-2018-q2-update.win32_1.0.0.201904181610/tools/bin/../lib/gcc/arm-none-eabi/7.3.1/thumb/v7-m/crti.o
LOAD c:/st/stm32cubeide_1.3.0/stm32cubeide/plugins/com.st.stm32cube.ide.mcu.externaltools.gnu-tools-for-stm32.7-2018-q2-update.win32_1.0.0.201904181610/tools/bin/../lib/gcc/arm-none-eabi/7.3.1/thumb/v7-m/crtbegin.o
LOAD c:/st/stm32cubeide_1.3.0/stm32cubeide/plugins/com.st.stm32cube.ide.mcu.externaltools.gnu-tools-for-stm32.7-2018-q2-update.win32_1.0.0.201904181610/tools/bin/../lib/gcc/arm-none-eabi/7.3.1/../../../../arm-none-eabi/lib/thumb/v7-m/crt0.o
LOAD Core/Src/Buzzer.o
LOAD Core/Src/accelerometer.o
LOAD Core/Src/fonts.o
LOAD Core/Src/freertos.o
LOAD Core/Src/keyboard.o
LOAD Core/Src/main.o
LOAD Core/Src/nmea_parser.o
LOAD Core/Src/ssd1306.o
LOAD Core/Src/stm32f1xx_hal_msp.o
LOAD Core/Src/stm32f1xx_it.o
LOAD Core/Src/syscalls.o
LOAD Core/Src/sysmem.o
LOAD Core/Src/system_stm32f1xx.o
LOAD Core/Startup/startup_stm32f103c8tx.o
LOAD Drivers/STM32F1xx_HAL_Driver/Src/stm32f1xx_hal.o
LOAD Drivers/STM32F1xx_HAL_Driver/Src/stm32f1xx_hal_cortex.o
LOAD Drivers/STM32F1xx_HAL_Driver/Src/stm32f1xx_hal_dma.o
LOAD Drivers/STM32F1xx_HAL_Driver/Src/stm32f1xx_hal_exti.o
LOAD Drivers/STM32F1xx_HAL_Driver/Src/stm32f1xx_hal_flash.o
LOAD Drivers/STM32F1xx_HAL_Driver/Src/stm32f1xx_hal_flash_ex.o
LOAD Drivers/STM32F1xx_HAL_Driver/Src/stm32f1xx_hal_gpio.o
LOAD Drivers/STM32F1xx_HAL_Driver/Src/stm32f1xx_hal_gpio_ex.o
LOAD Drivers/STM32F1xx_HAL_Driver/Src/stm32f1xx_hal_i2c.o
LOAD Drivers/STM32F1xx_HAL_Driver/Src/stm32f1xx_hal_pcd.o
LOAD Drivers/STM32F1xx_HAL_Driver/Src/stm32f1xx_hal_pcd_ex.o
LOAD Drivers/STM32F1xx_HAL_Driver/Src/stm32f1xx_hal_pwr.o
LOAD Drivers/STM32F1xx_HAL_Driver/Src/stm32f1xx_hal_rcc.o
LOAD Drivers/STM32F1xx_HAL_Driver/Src/stm32f1xx_hal_rcc_ex.o
LOAD Drivers/STM32F1xx_HAL_Driver/Src/stm32f1xx_hal_spi.o
LOAD Drivers/STM32F1xx_HAL_Driver/Src/stm32f1xx_hal_tim.o
LOAD Drivers/STM32F1xx_HAL_Driver/Src/stm32f1xx_hal_tim_ex.o
LOAD Drivers/STM32F1xx_HAL_Driver/Src/stm32f1xx_hal_uart.o
LOAD Drivers/STM32F1xx_HAL_Driver/Src/stm32f1xx_ll_usb.o
LOAD FATFS/App/fatfs.o
LOAD FATFS/Target/user_diskio.o
LOAD Middlewares/ST/STM32_USB_Device_Library/Class/CDC/Src/usbd_cdc.o
LOAD Middlewares/ST/STM32_USB_Device_Library/Core/Src/usbd_core.o
LOAD Middlewares/ST/STM32_USB_Device_Library/Core/Src/usbd_ctlreq.o
LOAD Middlewares/ST/STM32_USB_Device_Library/Core/Src/usbd_ioreq.o
LOAD Middlewares/Third_Party/FatFs/src/diskio.o
LOAD Middlewares/Third_Party/FatFs/src/ff.o
LOAD Middlewares/Third_Party/FatFs/src/ff_gen_drv.o
LOAD Middlewares/Third_Party/FatFs/src/option/syscall.o
LOAD Middlewares/Third_Party/FreeRTOS/Source/CMSIS_RTOS_V2/cmsis_os2.o
LOAD Middlewares/Third_Party/FreeRTOS/Source/croutine.o
LOAD Middlewares/Third_Party/FreeRTOS/Source/event_groups.o
LOAD Middlewares/Third_Party/FreeRTOS/Source/list.o
LOAD Middlewares/Third_Party/FreeRTOS/Source/queue.o
LOAD Middlewares/Third_Party/FreeRTOS/Source/stream_buffer.o
LOAD Middlewares/Third_Party/FreeRTOS/Source/tasks.o
LOAD Middlewares/Third_Party/FreeRTOS/Source/timers.o
LOAD Middlewares/Third_Party/FreeRTOS/Source/portable/GCC/ARM_CM3/port.o
LOAD Middlewares/Third_Party/FreeRTOS/Source/portable/MemMang/heap_4.o
LOAD USB_DEVICE/App/usb_device.o
LOAD USB_DEVICE/App/usbd_cdc_if.o
LOAD USB_DEVICE/App/usbd_desc.o
LOAD USB_DEVICE/Target/usbd_conf.o
START GROUP
LOAD c:/st/stm32cubeide_1.3.0/stm32cubeide/plugins/com.st.stm32cube.ide.mcu.externaltools.gnu-tools-for-stm32.7-2018-q2-update.win32_1.0.0.201904181610/tools/bin/../lib/gcc/arm-none-eabi/7.3.1/../../../../arm-none-eabi/lib/thumb/v7-m\libstdc++_nano.a
LOAD c:/st/stm32cubeide_1.3.0/stm32cubeide/plugins/com.st.stm32cube.ide.mcu.externaltools.gnu-tools-for-stm32.7-2018-q2-update.win32_1.0.0.201904181610/tools/bin/../lib/gcc/arm-none-eabi/7.3.1/../../../../arm-none-eabi/lib/thumb/v7-m\libsupc++_nano.a
END GROUP
LOAD c:/st/stm32cubeide_1.3.0/stm32cubeide/plugins/com.st.stm32cube.ide.mcu.externaltools.gnu-tools-for-stm32.7-2018-q2-update.win32_1.0.0.201904181610/tools/bin/../lib/gcc/arm-none-eabi/7.3.1/../../../../arm-none-eabi/lib/thumb/v7-m\libstdc++_nano.a
LOAD c:/st/stm32cubeide_1.3.0/stm32cubeide/plugins/com.st.stm32cube.ide.mcu.externaltools.gnu-tools-for-stm32.7-2018-q2-update.win32_1.0.0.201904181610/tools/bin/../lib/gcc/arm-none-eabi/7.3.1/../../../../arm-none-eabi/lib/thumb/v7-m\libm.a
LOAD c:/st/stm32cubeide_1.3.0/stm32cubeide/plugins/com.st.stm32cube.ide.mcu.externaltools.gnu-tools-for-stm32.7-2018-q2-update.win32_1.0.0.201904181610/tools/bin/../lib/gcc/arm-none-eabi/7.3.1/../../../../arm-none-eabi/lib/thumb/v7-m\libc_nano.a
START GROUP
LOAD c:/st/stm32cubeide_1.3.0/stm32cubeide/plugins/com.st.stm32cube.ide.mcu.externaltools.gnu-tools-for-stm32.7-2018-q2-update.win32_1.0.0.201904181610/tools/bin/../lib/gcc/arm-none-eabi/7.3.1/thumb/v7-m\libgcc.a
LOAD c:/st/stm32cubeide_1.3.0/stm32cubeide/plugins/com.st.stm32cube.ide.mcu.externaltools.gnu-tools-for-stm32.7-2018-q2-update.win32_1.0.0.201904181610/tools/bin/../lib/gcc/arm-none-eabi/7.3.1/../../../../arm-none-eabi/lib/thumb/v7-m\libc_nano.a
END GROUP
START GROUP
LOAD c:/st/stm32cubeide_1.3.0/stm32cubeide/plugins/com.st.stm32cube.ide.mcu.externaltools.gnu-tools-for-stm32.7-2018-q2-update.win32_1.0.0.201904181610/tools/bin/../lib/gcc/arm-none-eabi/7.3.1/thumb/v7-m\libgcc.a
LOAD c:/st/stm32cubeide_1.3.0/stm32cubeide/plugins/com.st.stm32cube.ide.mcu.externaltools.gnu-tools-for-stm32.7-2018-q2-update.win32_1.0.0.201904181610/tools/bin/../lib/gcc/arm-none-eabi/7.3.1/../../../../arm-none-eabi/lib/thumb/v7-m\libc_nano.a
LOAD c:/st/stm32cubeide_1.3.0/stm32cubeide/plugins/com.st.stm32cube.ide.mcu.externaltools.gnu-tools-for-stm32.7-2018-q2-update.win32_1.0.0.201904181610/tools/bin/../lib/gcc/arm-none-eabi/7.3.1/../../../../arm-none-eabi/lib/thumb/v7-m\libnosys.a
END GROUP
START GROUP
LOAD c:/st/stm32cubeide_1.3.0/stm32cubeide/plugins/com.st.stm32cube.ide.mcu.externaltools.gnu-tools-for-stm32.7-2018-q2-update.win32_1.0.0.201904181610/tools/bin/../lib/gcc/arm-none-eabi/7.3.1/thumb/v7-m\libgcc.a
LOAD c:/st/stm32cubeide_1.3.0/stm32cubeide/plugins/com.st.stm32cube.ide.mcu.externaltools.gnu-tools-for-stm32.7-2018-q2-update.win32_1.0.0.201904181610/tools/bin/../lib/gcc/arm-none-eabi/7.3.1/../../../../arm-none-eabi/lib/thumb/v7-m\libc_nano.a
LOAD c:/st/stm32cubeide_1.3.0/stm32cubeide/plugins/com.st.stm32cube.ide.mcu.externaltools.gnu-tools-for-stm32.7-2018-q2-update.win32_1.0.0.201904181610/tools/bin/../lib/gcc/arm-none-eabi/7.3.1/../../../../arm-none-eabi/lib/thumb/v7-m\libnosys.a
END GROUP
LOAD c:/st/stm32cubeide_1.3.0/stm32cubeide/plugins/com.st.stm32cube.ide.mcu.externaltools.gnu-tools-for-stm32.7-2018-q2-update.win32_1.0.0.201904181610/tools/bin/../lib/gcc/arm-none-eabi/7.3.1/thumb/v7-m/crtend.o
LOAD c:/st/stm32cubeide_1.3.0/stm32cubeide/plugins/com.st.stm32cube.ide.mcu.externaltools.gnu-tools-for-stm32.7-2018-q2-update.win32_1.0.0.201904181610/tools/bin/../lib/gcc/arm-none-eabi/7.3.1/thumb/v7-m/crtn.o
                0x0000000020005000                _estack = (ORIGIN (RAM) + LENGTH (RAM))
                0x0000000000000200                _Min_Heap_Size = 0x200
                0x0000000000000400                _Min_Stack_Size = 0x400

.isr_vector     0x0000000008000000      0x10c
                0x0000000008000000                . = ALIGN (0x4)
 *(.isr_vector)
 .isr_vector    0x0000000008000000      0x10c Core/Startup/startup_stm32f103c8tx.o
                0x0000000008000000                g_pfnVectors
                0x000000000800010c                . = ALIGN (0x4)

.text           0x0000000008000110     0x9c88
                0x0000000008000110                . = ALIGN (0x4)
 *(.text)
 .text          0x0000000008000110       0x40 c:/st/stm32cubeide_1.3.0/stm32cubeide/plugins/com.st.stm32cube.ide.mcu.externaltools.gnu-tools-for-stm32.7-2018-q2-update.win32_1.0.0.201904181610/tools/bin/../lib/gcc/arm-none-eabi/7.3.1/thumb/v7-m/crtbegin.o
 .text          0x0000000008000150       0x10 c:/st/stm32cubeide_1.3.0/stm32cubeide/plugins/com.st.stm32cube.ide.mcu.externaltools.gnu-tools-for-stm32.7-2018-q2-update.win32_1.0.0.201904181610/tools/bin/../lib/gcc/arm-none-eabi/7.3.1/../../../../arm-none-eabi/lib/thumb/v7-m\libc_nano.a(lib_a-strlen.o)
                0x0000000008000150                strlen
 .text          0x0000000008000160      0x378 c:/st/stm32cubeide_1.3.0/stm32cubeide/plugins/com.st.stm32cube.ide.mcu.externaltools.gnu-tools-for-stm32.7-2018-q2-update.win32_1.0.0.201904181610/tools/bin/../lib/gcc/arm-none-eabi/7.3.1/thumb/v7-m\libgcc.a(_arm_addsubdf3.o)
                0x0000000008000160                __aeabi_drsub
                0x0000000008000168                __aeabi_dsub
                0x0000000008000168                __subdf3
                0x000000000800016c                __aeabi_dadd
                0x000000000800016c                __adddf3
                0x00000000080003e4                __floatunsidf
                0x00000000080003e4                __aeabi_ui2d
                0x0000000008000404                __floatsidf
                0x0000000008000404                __aeabi_i2d
                0x0000000008000428                __aeabi_f2d
                0x0000000008000428                __extendsfdf2
                0x000000000800046c                __floatundidf
                0x000000000800046c                __aeabi_ul2d
                0x000000000800047c                __floatdidf
                0x000000000800047c                __aeabi_l2d
 .text          0x00000000080004d8      0x424 c:/st/stm32cubeide_1.3.0/stm32cubeide/plugins/com.st.stm32cube.ide.mcu.externaltools.gnu-tools-for-stm32.7-2018-q2-update.win32_1.0.0.201904181610/tools/bin/../lib/gcc/arm-none-eabi/7.3.1/thumb/v7-m\libgcc.a(_arm_muldivdf3.o)
                0x00000000080004d8                __aeabi_dmul
                0x00000000080004d8                __muldf3
                0x000000000800072c                __divdf3
                0x000000000800072c                __aeabi_ddiv
 .text          0x00000000080008fc      0x110 c:/st/stm32cubeide_1.3.0/stm32cubeide/plugins/com.st.stm32cube.ide.mcu.externaltools.gnu-tools-for-stm32.7-2018-q2-update.win32_1.0.0.201904181610/tools/bin/../lib/gcc/arm-none-eabi/7.3.1/thumb/v7-m\libgcc.a(_arm_cmpdf2.o)
                0x00000000080008fc                __gtdf2
                0x00000000080008fc                __gedf2
                0x0000000008000904                __ltdf2
                0x0000000008000904                __ledf2
                0x000000000800090c                __nedf2
                0x000000000800090c                __eqdf2
                0x000000000800090c                __cmpdf2
                0x0000000008000988                __aeabi_cdrcmple
                0x0000000008000998                __aeabi_cdcmpeq
                0x0000000008000998                __aeabi_cdcmple
                0x00000000080009a8                __aeabi_dcmpeq
                0x00000000080009bc                __aeabi_dcmplt
                0x00000000080009d0                __aeabi_dcmple
                0x00000000080009e4                __aeabi_dcmpge
                0x00000000080009f8                __aeabi_dcmpgt
 .text          0x0000000008000a0c       0x2c c:/st/stm32cubeide_1.3.0/stm32cubeide/plugins/com.st.stm32cube.ide.mcu.externaltools.gnu-tools-for-stm32.7-2018-q2-update.win32_1.0.0.201904181610/tools/bin/../lib/gcc/arm-none-eabi/7.3.1/thumb/v7-m\libgcc.a(_arm_unorddf2.o)
                0x0000000008000a0c                __unorddf2
                0x0000000008000a0c                __aeabi_dcmpun
 .text          0x0000000008000a38       0x50 c:/st/stm32cubeide_1.3.0/stm32cubeide/plugins/com.st.stm32cube.ide.mcu.externaltools.gnu-tools-for-stm32.7-2018-q2-update.win32_1.0.0.201904181610/tools/bin/../lib/gcc/arm-none-eabi/7.3.1/thumb/v7-m\libgcc.a(_arm_fixdfsi.o)
                0x0000000008000a38                __aeabi_d2iz
                0x0000000008000a38                __fixdfsi
 .text          0x0000000008000a88      0x21c c:/st/stm32cubeide_1.3.0/stm32cubeide/plugins/com.st.stm32cube.ide.mcu.externaltools.gnu-tools-for-stm32.7-2018-q2-update.win32_1.0.0.201904181610/tools/bin/../lib/gcc/arm-none-eabi/7.3.1/thumb/v7-m\libgcc.a(_arm_addsubsf3.o)
                0x0000000008000a88                __aeabi_frsub
                0x0000000008000a90                __subsf3
                0x0000000008000a90                __aeabi_fsub
                0x0000000008000a94                __aeabi_fadd
                0x0000000008000a94                __addsf3
                0x0000000008000bf4                __aeabi_ui2f
                0x0000000008000bf4                __floatunsisf
                0x0000000008000bfc                __aeabi_i2f
                0x0000000008000bfc                __floatsisf
                0x0000000008000c18                __aeabi_ul2f
                0x0000000008000c18                __floatundisf
                0x0000000008000c28                __aeabi_l2f
                0x0000000008000c28                __floatdisf
 .text          0x0000000008000ca4      0x2a0 c:/st/stm32cubeide_1.3.0/stm32cubeide/plugins/com.st.stm32cube.ide.mcu.externaltools.gnu-tools-for-stm32.7-2018-q2-update.win32_1.0.0.201904181610/tools/bin/../lib/gcc/arm-none-eabi/7.3.1/thumb/v7-m\libgcc.a(_arm_muldivsf3.o)
                0x0000000008000ca4                __mulsf3
                0x0000000008000ca4                __aeabi_fmul
                0x0000000008000e0c                __aeabi_fdiv
                0x0000000008000e0c                __divsf3
 *(.text*)
 .text.BuzzerSetFreq
                0x0000000008000f44       0x18 Core/Src/Buzzer.o
                0x0000000008000f44                BuzzerSetFreq
 .text.BuzzerSetVolume
                0x0000000008000f5c        0xe Core/Src/Buzzer.o
                0x0000000008000f5c                BuzzerSetVolume
 *fill*         0x0000000008000f6a        0x2 
 .text.I2C_Write
                0x0000000008000f6c       0x30 Core/Src/accelerometer.o
                0x0000000008000f6c                I2C_Write
 .text.I2C_ReadMulti
                0x0000000008000f9c       0x48 Core/Src/accelerometer.o
                0x0000000008000f9c                I2C_ReadMulti
 .text.I2C_Read
                0x0000000008000fe4       0x44 Core/Src/accelerometer.o
                0x0000000008000fe4                I2C_Read
 .text.I2C_IsDeviceConnected
                0x0000000008001028       0x1c Core/Src/accelerometer.o
                0x0000000008001028                I2C_IsDeviceConnected
 .text.MPU9250_Init
                0x0000000008001044      0x16c Core/Src/accelerometer.o
                0x0000000008001044                MPU9250_Init
 .text.TM_MPU9250_ReadAcce
                0x00000000080011b0       0x70 Core/Src/accelerometer.o
                0x00000000080011b0                TM_MPU9250_ReadAcce
 .text.TM_MPU9250_ReadGyro
                0x0000000008001220       0x70 Core/Src/accelerometer.o
                0x0000000008001220                TM_MPU9250_ReadGyro
 .text.TM_MPU9250_ReadMag
                0x0000000008001290       0x5e Core/Src/accelerometer.o
                0x0000000008001290                TM_MPU9250_ReadMag
 *fill*         0x00000000080012ee        0x2 
 .text.StartgpsNMEA_ParserTask
                0x00000000080012f0       0x20 Core/Src/main.o
                0x00000000080012f0                StartgpsNMEA_ParserTask
 .text.StartDefaultTask
                0x0000000008001310       0xa4 Core/Src/main.o
                0x0000000008001310                StartDefaultTask
 .text.StartBuzzerTask
                0x00000000080013b4       0x3c Core/Src/main.o
                0x00000000080013b4                StartBuzzerTask
 .text.StartKeyboardTask
                0x00000000080013f0      0x1ac Core/Src/main.o
                0x00000000080013f0                StartKeyboardTask
 .text.StartDysplayTask
                0x000000000800159c      0x160 Core/Src/main.o
                0x000000000800159c                StartDysplayTask
 .text.StartAccelTask
                0x00000000080016fc       0x4c Core/Src/main.o
                0x00000000080016fc                StartAccelTask
 .text.SystemClock_Config
                0x0000000008001748       0x6e Core/Src/main.o
                0x0000000008001748                SystemClock_Config
 *fill*         0x00000000080017b6        0x2 
 .text.startup.main
                0x00000000080017b8      0x388 Core/Src/main.o
                0x00000000080017b8                main
 .text.Error_Handler
                0x0000000008001b40        0x2 Core/Src/main.o
                0x0000000008001b40                Error_Handler
 *fill*         0x0000000008001b42        0x2 
 .text.ssd1306_WriteCommand
                0x0000000008001b44       0x28 Core/Src/ssd1306.o
 .text.ssd1306_Fill
                0x0000000008001b6c       0x1c Core/Src/ssd1306.o
                0x0000000008001b6c                ssd1306_Fill
 .text.ssd1306_UpdateScreen
                0x0000000008001b88       0x4c Core/Src/ssd1306.o
                0x0000000008001b88                ssd1306_UpdateScreen
 .text.ssd1306_Init
                0x0000000008001bd4       0xcc Core/Src/ssd1306.o
                0x0000000008001bd4                ssd1306_Init
 .text.ssd1306_DrawPixel
                0x0000000008001ca0       0x40 Core/Src/ssd1306.o
                0x0000000008001ca0                ssd1306_DrawPixel
 .text.ssd1306_WriteChar
                0x0000000008001ce0       0x9c Core/Src/ssd1306.o
                0x0000000008001ce0                ssd1306_WriteChar
 .text.ssd1306_WriteString
                0x0000000008001d7c       0x2a Core/Src/ssd1306.o
                0x0000000008001d7c                ssd1306_WriteString
 *fill*         0x0000000008001da6        0x2 
 .text.ssd1306_SetCursor
                0x0000000008001da8        0xc Core/Src/ssd1306.o
                0x0000000008001da8                ssd1306_SetCursor
 .text.HAL_MspInit
                0x0000000008001db4       0x50 Core/Src/stm32f1xx_hal_msp.o
                0x0000000008001db4                HAL_MspInit
 .text.HAL_I2C_MspInit
                0x0000000008001e04       0x78 Core/Src/stm32f1xx_hal_msp.o
                0x0000000008001e04                HAL_I2C_MspInit
 .text.HAL_SPI_MspInit
                0x0000000008001e7c       0x78 Core/Src/stm32f1xx_hal_msp.o
                0x0000000008001e7c                HAL_SPI_MspInit
 .text.HAL_TIM_PWM_MspInit
                0x0000000008001ef4       0x24 Core/Src/stm32f1xx_hal_msp.o
                0x0000000008001ef4                HAL_TIM_PWM_MspInit
 .text.HAL_TIM_MspPostInit
                0x0000000008001f18       0x48 Core/Src/stm32f1xx_hal_msp.o
                0x0000000008001f18                HAL_TIM_MspPostInit
 .text.HAL_UART_MspInit
                0x0000000008001f60       0xec Core/Src/stm32f1xx_hal_msp.o
                0x0000000008001f60                HAL_UART_MspInit
 .text.NMI_Handler
                0x000000000800204c        0x2 Core/Src/stm32f1xx_it.o
                0x000000000800204c                NMI_Handler
 .text.HardFault_Handler
                0x000000000800204e        0x2 Core/Src/stm32f1xx_it.o
                0x000000000800204e                HardFault_Handler
 .text.MemManage_Handler
                0x0000000008002050        0x2 Core/Src/stm32f1xx_it.o
                0x0000000008002050                MemManage_Handler
 .text.BusFault_Handler
                0x0000000008002052        0x2 Core/Src/stm32f1xx_it.o
                0x0000000008002052                BusFault_Handler
 .text.UsageFault_Handler
                0x0000000008002054        0x2 Core/Src/stm32f1xx_it.o
                0x0000000008002054                UsageFault_Handler
 .text.DebugMon_Handler
                0x0000000008002056        0x2 Core/Src/stm32f1xx_it.o
                0x0000000008002056                DebugMon_Handler
 .text.SysTick_Handler
                0x0000000008002058       0x18 Core/Src/stm32f1xx_it.o
                0x0000000008002058                SysTick_Handler
 .text.USB_LP_CAN1_RX0_IRQHandler
                0x0000000008002070        0xc Core/Src/stm32f1xx_it.o
                0x0000000008002070                USB_LP_CAN1_RX0_IRQHandler
 .text.USART1_IRQHandler
                0x000000000800207c       0x44 Core/Src/stm32f1xx_it.o
                0x000000000800207c                USART1_IRQHandler
 .text._sbrk    0x00000000080020c0       0x34 Core/Src/sysmem.o
                0x00000000080020c0                _sbrk
 .text.SystemInit
                0x00000000080020f4       0x4c Core/Src/system_stm32f1xx.o
                0x00000000080020f4                SystemInit
 .text.Reset_Handler
                0x0000000008002140       0x48 Core/Startup/startup_stm32f103c8tx.o
                0x0000000008002140                Reset_Handler
 .text.Default_Handler
                0x0000000008002188        0x2 Core/Startup/startup_stm32f103c8tx.o
                0x0000000008002188                RTC_Alarm_IRQHandler
                0x0000000008002188                EXTI2_IRQHandler
                0x0000000008002188                TIM1_CC_IRQHandler
                0x0000000008002188                PVD_IRQHandler
                0x0000000008002188                EXTI3_IRQHandler
                0x0000000008002188                EXTI0_IRQHandler
                0x0000000008002188                I2C2_EV_IRQHandler
                0x0000000008002188                ADC1_2_IRQHandler
                0x0000000008002188                SPI1_IRQHandler
                0x0000000008002188                TAMPER_IRQHandler
                0x0000000008002188                DMA1_Channel4_IRQHandler
                0x0000000008002188                USART3_IRQHandler
                0x0000000008002188                RTC_IRQHandler
                0x0000000008002188                DMA1_Channel7_IRQHandler
                0x0000000008002188                CAN1_RX1_IRQHandler
                0x0000000008002188                TIM4_IRQHandler
                0x0000000008002188                I2C1_EV_IRQHandler
                0x0000000008002188                DMA1_Channel6_IRQHandler
                0x0000000008002188                TIM3_IRQHandler
                0x0000000008002188                RCC_IRQHandler
                0x0000000008002188                TIM1_TRG_COM_IRQHandler
                0x0000000008002188                DMA1_Channel1_IRQHandler
                0x0000000008002188                Default_Handler
                0x0000000008002188                EXTI15_10_IRQHandler
                0x0000000008002188                EXTI9_5_IRQHandler
                0x0000000008002188                SPI2_IRQHandler
                0x0000000008002188                DMA1_Channel5_IRQHandler
                0x0000000008002188                EXTI4_IRQHandler
                0x0000000008002188                USB_HP_CAN1_TX_IRQHandler
                0x0000000008002188                DMA1_Channel3_IRQHandler
                0x0000000008002188                TIM1_UP_IRQHandler
                0x0000000008002188                WWDG_IRQHandler
                0x0000000008002188                TIM2_IRQHandler
                0x0000000008002188                TIM1_BRK_IRQHandler
                0x0000000008002188                EXTI1_IRQHandler
                0x0000000008002188                USART2_IRQHandler
                0x0000000008002188                I2C2_ER_IRQHandler
                0x0000000008002188                DMA1_Channel2_IRQHandler
                0x0000000008002188                CAN1_SCE_IRQHandler
                0x0000000008002188                FLASH_IRQHandler
                0x0000000008002188                I2C1_ER_IRQHandler
                0x0000000008002188                USBWakeUp_IRQHandler
 *fill*         0x000000000800218a        0x2 
 .text.HAL_InitTick
                0x000000000800218c       0x48 Drivers/STM32F1xx_HAL_Driver/Src/stm32f1xx_hal.o
                0x000000000800218c                HAL_InitTick
 .text.HAL_Init
                0x00000000080021d4       0x24 Drivers/STM32F1xx_HAL_Driver/Src/stm32f1xx_hal.o
                0x00000000080021d4                HAL_Init
 .text.HAL_IncTick
                0x00000000080021f8       0x18 Drivers/STM32F1xx_HAL_Driver/Src/stm32f1xx_hal.o
                0x00000000080021f8                HAL_IncTick
 .text.HAL_GetTick
                0x0000000008002210        0xc Drivers/STM32F1xx_HAL_Driver/Src/stm32f1xx_hal.o
                0x0000000008002210                HAL_GetTick
 .text.HAL_Delay
                0x000000000800221c       0x24 Drivers/STM32F1xx_HAL_Driver/Src/stm32f1xx_hal.o
                0x000000000800221c                HAL_Delay
 .text.HAL_NVIC_SetPriorityGrouping
                0x0000000008002240       0x24 Drivers/STM32F1xx_HAL_Driver/Src/stm32f1xx_hal_cortex.o
                0x0000000008002240                HAL_NVIC_SetPriorityGrouping
 .text.HAL_NVIC_SetPriority
                0x0000000008002264       0x68 Drivers/STM32F1xx_HAL_Driver/Src/stm32f1xx_hal_cortex.o
                0x0000000008002264                HAL_NVIC_SetPriority
 .text.HAL_NVIC_EnableIRQ
                0x00000000080022cc       0x1c Drivers/STM32F1xx_HAL_Driver/Src/stm32f1xx_hal_cortex.o
                0x00000000080022cc                HAL_NVIC_EnableIRQ
 .text.HAL_SYSTICK_Config
                0x00000000080022e8       0x2c Drivers/STM32F1xx_HAL_Driver/Src/stm32f1xx_hal_cortex.o
                0x00000000080022e8                HAL_SYSTICK_Config
 .text.HAL_DMA_Abort_IT
                0x0000000008002314       0x90 Drivers/STM32F1xx_HAL_Driver/Src/stm32f1xx_hal_dma.o
                0x0000000008002314                HAL_DMA_Abort_IT
 .text.HAL_GPIO_Init
                0x00000000080023a4      0x1c0 Drivers/STM32F1xx_HAL_Driver/Src/stm32f1xx_hal_gpio.o
                0x00000000080023a4                HAL_GPIO_Init
 .text.HAL_GPIO_ReadPin
                0x0000000008002564        0xc Drivers/STM32F1xx_HAL_Driver/Src/stm32f1xx_hal_gpio.o
                0x0000000008002564                HAL_GPIO_ReadPin
 .text.HAL_GPIO_WritePin
                0x0000000008002570        0xa Drivers/STM32F1xx_HAL_Driver/Src/stm32f1xx_hal_gpio.o
                0x0000000008002570                HAL_GPIO_WritePin
 .text.I2C_IsAcknowledgeFailed
                0x000000000800257a       0x32 Drivers/STM32F1xx_HAL_Driver/Src/stm32f1xx_hal_i2c.o
 .text.I2C_WaitOnMasterAddressFlagUntilTimeout
                0x00000000080025ac       0x74 Drivers/STM32F1xx_HAL_Driver/Src/stm32f1xx_hal_i2c.o
 .text.I2C_WaitOnBTFFlagUntilTimeout
                0x0000000008002620       0x4c Drivers/STM32F1xx_HAL_Driver/Src/stm32f1xx_hal_i2c.o
 .text.I2C_WaitOnRXNEFlagUntilTimeout
                0x000000000800266c       0x5e Drivers/STM32F1xx_HAL_Driver/Src/stm32f1xx_hal_i2c.o
 .text.I2C_WaitOnFlagUntilTimeout
                0x00000000080026ca       0x62 Drivers/STM32F1xx_HAL_Driver/Src/stm32f1xx_hal_i2c.o
 .text.I2C_WaitOnTXEFlagUntilTimeout
                0x000000000800272c       0x4c Drivers/STM32F1xx_HAL_Driver/Src/stm32f1xx_hal_i2c.o
 .text.I2C_RequestMemoryWrite
                0x0000000008002778       0x9c Drivers/STM32F1xx_HAL_Driver/Src/stm32f1xx_hal_i2c.o
 .text.HAL_I2C_Init
                0x0000000008002814      0x148 Drivers/STM32F1xx_HAL_Driver/Src/stm32f1xx_hal_i2c.o
                0x0000000008002814                HAL_I2C_Init
 .text.HAL_I2C_Master_Transmit
                0x000000000800295c      0x19c Drivers/STM32F1xx_HAL_Driver/Src/stm32f1xx_hal_i2c.o
                0x000000000800295c                HAL_I2C_Master_Transmit
 .text.HAL_I2C_Master_Receive
                0x0000000008002af8      0x2f4 Drivers/STM32F1xx_HAL_Driver/Src/stm32f1xx_hal_i2c.o
                0x0000000008002af8                HAL_I2C_Master_Receive
 .text.HAL_I2C_Mem_Write
                0x0000000008002dec      0x120 Drivers/STM32F1xx_HAL_Driver/Src/stm32f1xx_hal_i2c.o
                0x0000000008002dec                HAL_I2C_Mem_Write
 .text.HAL_I2C_IsDeviceReady
                0x0000000008002f0c      0x154 Drivers/STM32F1xx_HAL_Driver/Src/stm32f1xx_hal_i2c.o
                0x0000000008002f0c                HAL_I2C_IsDeviceReady
 .text.HAL_I2C_GetError
                0x0000000008003060        0x4 Drivers/STM32F1xx_HAL_Driver/Src/stm32f1xx_hal_i2c.o
                0x0000000008003060                HAL_I2C_GetError
 .text.HAL_PCD_Init
                0x0000000008003064       0xea Drivers/STM32F1xx_HAL_Driver/Src/stm32f1xx_hal_pcd.o
                0x0000000008003064                HAL_PCD_Init
 .text.HAL_PCD_Start
                0x000000000800314e       0x2e Drivers/STM32F1xx_HAL_Driver/Src/stm32f1xx_hal_pcd.o
                0x000000000800314e                HAL_PCD_Start
 .text.HAL_PCD_SetAddress
                0x000000000800317c       0x28 Drivers/STM32F1xx_HAL_Driver/Src/stm32f1xx_hal_pcd.o
                0x000000000800317c                HAL_PCD_SetAddress
 .text.HAL_PCD_EP_Open
                0x00000000080031a4       0x66 Drivers/STM32F1xx_HAL_Driver/Src/stm32f1xx_hal_pcd.o
                0x00000000080031a4                HAL_PCD_EP_Open
 .text.HAL_PCD_EP_Close
                0x000000000800320a       0x52 Drivers/STM32F1xx_HAL_Driver/Src/stm32f1xx_hal_pcd.o
                0x000000000800320a                HAL_PCD_EP_Close
 .text.HAL_PCD_EP_Receive
                0x000000000800325c       0x30 Drivers/STM32F1xx_HAL_Driver/Src/stm32f1xx_hal_pcd.o
                0x000000000800325c                HAL_PCD_EP_Receive
 .text.HAL_PCD_EP_GetRxCount
                0x000000000800328c        0xe Drivers/STM32F1xx_HAL_Driver/Src/stm32f1xx_hal_pcd.o
                0x000000000800328c                HAL_PCD_EP_GetRxCount
 .text.HAL_PCD_EP_Transmit
                0x000000000800329a       0x2c Drivers/STM32F1xx_HAL_Driver/Src/stm32f1xx_hal_pcd.o
                0x000000000800329a                HAL_PCD_EP_Transmit
 *fill*         0x00000000080032c6        0x2 
 .text.HAL_PCD_IRQHandler
                0x00000000080032c8      0x42c Drivers/STM32F1xx_HAL_Driver/Src/stm32f1xx_hal_pcd.o
                0x00000000080032c8                HAL_PCD_IRQHandler
 .text.HAL_PCD_EP_SetStall
                0x00000000080036f4       0x68 Drivers/STM32F1xx_HAL_Driver/Src/stm32f1xx_hal_pcd.o
                0x00000000080036f4                HAL_PCD_EP_SetStall
 .text.HAL_PCD_EP_ClrStall
                0x000000000800375c       0x66 Drivers/STM32F1xx_HAL_Driver/Src/stm32f1xx_hal_pcd.o
                0x000000000800375c                HAL_PCD_EP_ClrStall
 .text.HAL_PCDEx_PMAConfig
                0x00000000080037c2       0x32 Drivers/STM32F1xx_HAL_Driver/Src/stm32f1xx_hal_pcd_ex.o
                0x00000000080037c2                HAL_PCDEx_PMAConfig
 .text.HAL_RCC_OscConfig
                0x00000000080037f4      0x33c Drivers/STM32F1xx_HAL_Driver/Src/stm32f1xx_hal_rcc.o
                0x00000000080037f4                HAL_RCC_OscConfig
 .text.HAL_RCC_GetSysClockFreq
                0x0000000008003b30       0x74 Drivers/STM32F1xx_HAL_Driver/Src/stm32f1xx_hal_rcc.o
                0x0000000008003b30                HAL_RCC_GetSysClockFreq
 .text.HAL_RCC_ClockConfig
                0x0000000008003ba4      0x138 Drivers/STM32F1xx_HAL_Driver/Src/stm32f1xx_hal_rcc.o
                0x0000000008003ba4                HAL_RCC_ClockConfig
 .text.HAL_RCC_GetPCLK1Freq
                0x0000000008003cdc       0x20 Drivers/STM32F1xx_HAL_Driver/Src/stm32f1xx_hal_rcc.o
                0x0000000008003cdc                HAL_RCC_GetPCLK1Freq
 .text.HAL_RCC_GetPCLK2Freq
                0x0000000008003cfc       0x20 Drivers/STM32F1xx_HAL_Driver/Src/stm32f1xx_hal_rcc.o
                0x0000000008003cfc                HAL_RCC_GetPCLK2Freq
 .text.HAL_RCCEx_PeriphCLKConfig
                0x0000000008003d1c       0xf0 Drivers/STM32F1xx_HAL_Driver/Src/stm32f1xx_hal_rcc_ex.o
                0x0000000008003d1c                HAL_RCCEx_PeriphCLKConfig
 .text.HAL_SPI_Init
                0x0000000008003e0c       0x76 Drivers/STM32F1xx_HAL_Driver/Src/stm32f1xx_hal_spi.o
                0x0000000008003e0c                HAL_SPI_Init
 *fill*         0x0000000008003e82        0x2 
 .text.TIM_OC1_SetConfig
                0x0000000008003e84       0x50 Drivers/STM32F1xx_HAL_Driver/Src/stm32f1xx_hal_tim.o
 .text.TIM_OC3_SetConfig
                0x0000000008003ed4       0x54 Drivers/STM32F1xx_HAL_Driver/Src/stm32f1xx_hal_tim.o
 .text.TIM_OC4_SetConfig
                0x0000000008003f28       0x44 Drivers/STM32F1xx_HAL_Driver/Src/stm32f1xx_hal_tim.o
 .text.TIM_Base_SetConfig
                0x0000000008003f6c       0x70 Drivers/STM32F1xx_HAL_Driver/Src/stm32f1xx_hal_tim.o
                0x0000000008003f6c                TIM_Base_SetConfig
 .text.HAL_TIM_PWM_Init
                0x0000000008003fdc       0x34 Drivers/STM32F1xx_HAL_Driver/Src/stm32f1xx_hal_tim.o
                0x0000000008003fdc                HAL_TIM_PWM_Init
 .text.TIM_OC2_SetConfig
                0x0000000008004010       0x58 Drivers/STM32F1xx_HAL_Driver/Src/stm32f1xx_hal_tim.o
                0x0000000008004010                TIM_OC2_SetConfig
 .text.HAL_TIM_PWM_ConfigChannel
                0x0000000008004068       0xc4 Drivers/STM32F1xx_HAL_Driver/Src/stm32f1xx_hal_tim.o
                0x0000000008004068                HAL_TIM_PWM_ConfigChannel
 .text.TIM_CCxChannelCmd
                0x000000000800412c       0x1c Drivers/STM32F1xx_HAL_Driver/Src/stm32f1xx_hal_tim.o
                0x000000000800412c                TIM_CCxChannelCmd
 .text.HAL_TIM_OC_Start
                0x0000000008004148       0x38 Drivers/STM32F1xx_HAL_Driver/Src/stm32f1xx_hal_tim.o
                0x0000000008004148                HAL_TIM_OC_Start
 .text.HAL_TIMEx_MasterConfigSynchronization
                0x0000000008004180       0x3c Drivers/STM32F1xx_HAL_Driver/Src/stm32f1xx_hal_tim_ex.o
                0x0000000008004180                HAL_TIMEx_MasterConfigSynchronization
 .text.UART_EndRxTransfer
                0x00000000080041bc       0x1a Drivers/STM32F1xx_HAL_Driver/Src/stm32f1xx_hal_uart.o
 *fill*         0x00000000080041d6        0x2 
 .text.UART_SetConfig
                0x00000000080041d8       0x74 Drivers/STM32F1xx_HAL_Driver/Src/stm32f1xx_hal_uart.o
 .text.HAL_UART_Init
                0x000000000800424c       0x5c Drivers/STM32F1xx_HAL_Driver/Src/stm32f1xx_hal_uart.o
                0x000000000800424c                HAL_UART_Init
 .text.HAL_UART_Receive_IT
                0x00000000080042a8       0x4e Drivers/STM32F1xx_HAL_Driver/Src/stm32f1xx_hal_uart.o
                0x00000000080042a8                HAL_UART_Receive_IT
 .text.HAL_UART_TxCpltCallback
                0x00000000080042f6        0x2 Drivers/STM32F1xx_HAL_Driver/Src/stm32f1xx_hal_uart.o
                0x00000000080042f6                HAL_UART_TxCpltCallback
 .text.HAL_UART_RxCpltCallback
                0x00000000080042f8        0x2 Drivers/STM32F1xx_HAL_Driver/Src/stm32f1xx_hal_uart.o
                0x00000000080042f8                HAL_UART_RxCpltCallback
 .text.UART_Receive_IT
                0x00000000080042fa       0x76 Drivers/STM32F1xx_HAL_Driver/Src/stm32f1xx_hal_uart.o
 .text.HAL_UART_ErrorCallback
                0x0000000008004370        0x2 Drivers/STM32F1xx_HAL_Driver/Src/stm32f1xx_hal_uart.o
                0x0000000008004370                HAL_UART_ErrorCallback
 *fill*         0x0000000008004372        0x2 
 .text.HAL_UART_IRQHandler
                0x0000000008004374      0x140 Drivers/STM32F1xx_HAL_Driver/Src/stm32f1xx_hal_uart.o
                0x0000000008004374                HAL_UART_IRQHandler
 .text.UART_DMAAbortOnError
                0x00000000080044b4       0x10 Drivers/STM32F1xx_HAL_Driver/Src/stm32f1xx_hal_uart.o
 .text.USB_CoreInit
                0x00000000080044c4        0xe Drivers/STM32F1xx_HAL_Driver/Src/stm32f1xx_ll_usb.o
                0x00000000080044c4                USB_CoreInit
 .text.USB_EnableGlobalInt
                0x00000000080044d2       0x10 Drivers/STM32F1xx_HAL_Driver/Src/stm32f1xx_ll_usb.o
                0x00000000080044d2                USB_EnableGlobalInt
 .text.USB_DisableGlobalInt
                0x00000000080044e2       0x14 Drivers/STM32F1xx_HAL_Driver/Src/stm32f1xx_ll_usb.o
                0x00000000080044e2                USB_DisableGlobalInt
 .text.USB_SetCurrentMode
                0x00000000080044f6        0x4 Drivers/STM32F1xx_HAL_Driver/Src/stm32f1xx_ll_usb.o
                0x00000000080044f6                USB_SetCurrentMode
 .text.USB_DevInit
                0x00000000080044fa       0x34 Drivers/STM32F1xx_HAL_Driver/Src/stm32f1xx_ll_usb.o
                0x00000000080044fa                USB_DevInit
 *fill*         0x000000000800452e        0x2 
 .text.USB_ActivateEndpoint
                0x0000000008004530      0x2b4 Drivers/STM32F1xx_HAL_Driver/Src/stm32f1xx_ll_usb.o
                0x0000000008004530                USB_ActivateEndpoint
 .text.USB_DeactivateEndpoint
                0x00000000080047e4      0x18c Drivers/STM32F1xx_HAL_Driver/Src/stm32f1xx_ll_usb.o
                0x00000000080047e4                USB_DeactivateEndpoint
 .text.USB_EPSetStall
                0x0000000008004970       0x38 Drivers/STM32F1xx_HAL_Driver/Src/stm32f1xx_ll_usb.o
                0x0000000008004970                USB_EPSetStall
 .text.USB_EPClearStall
                0x00000000080049a8       0x86 Drivers/STM32F1xx_HAL_Driver/Src/stm32f1xx_ll_usb.o
                0x00000000080049a8                USB_EPClearStall
 .text.USB_SetDevAddress
                0x0000000008004a2e        0xc Drivers/STM32F1xx_HAL_Driver/Src/stm32f1xx_ll_usb.o
                0x0000000008004a2e                USB_SetDevAddress
 .text.USB_DevConnect
                0x0000000008004a3a        0x4 Drivers/STM32F1xx_HAL_Driver/Src/stm32f1xx_ll_usb.o
                0x0000000008004a3a                USB_DevConnect
 .text.USB_DevDisconnect
                0x0000000008004a3e        0x4 Drivers/STM32F1xx_HAL_Driver/Src/stm32f1xx_ll_usb.o
                0x0000000008004a3e                USB_DevDisconnect
 .text.USB_ReadInterrupts
                0x0000000008004a42        0x6 Drivers/STM32F1xx_HAL_Driver/Src/stm32f1xx_ll_usb.o
                0x0000000008004a42                USB_ReadInterrupts
 .text.USB_EP0_OutStart
                0x0000000008004a48        0x4 Drivers/STM32F1xx_HAL_Driver/Src/stm32f1xx_ll_usb.o
                0x0000000008004a48                USB_EP0_OutStart
 .text.USB_WritePMA
                0x0000000008004a4c       0x20 Drivers/STM32F1xx_HAL_Driver/Src/stm32f1xx_ll_usb.o
                0x0000000008004a4c                USB_WritePMA
 .text.USB_EPStartXfer
                0x0000000008004a6c      0x1a8 Drivers/STM32F1xx_HAL_Driver/Src/stm32f1xx_ll_usb.o
                0x0000000008004a6c                USB_EPStartXfer
 .text.USB_ReadPMA
                0x0000000008004c14       0x38 Drivers/STM32F1xx_HAL_Driver/Src/stm32f1xx_ll_usb.o
                0x0000000008004c14                USB_ReadPMA
 .text.MX_FATFS_Init
                0x0000000008004c4c       0x1c FATFS/App/fatfs.o
                0x0000000008004c4c                MX_FATFS_Init
 .text.USER_initialize
                0x0000000008004c68       0x10 FATFS/Target/user_diskio.o
                0x0000000008004c68                USER_initialize
 .text.USER_read
                0x0000000008004c78        0x4 FATFS/Target/user_diskio.o
                0x0000000008004c78                USER_read
 .text.USER_ioctl
                0x0000000008004c7c        0x4 FATFS/Target/user_diskio.o
                0x0000000008004c7c                USER_ioctl
 .text.USER_write
                0x0000000008004c80        0x4 FATFS/Target/user_diskio.o
                0x0000000008004c80                USER_write
 .text.USER_status
                0x0000000008004c84       0x10 FATFS/Target/user_diskio.o
                0x0000000008004c84                USER_status
 .text.USBD_CDC_EP0_RxReady
                0x0000000008004c94       0x28 Middlewares/ST/STM32_USB_Device_Library/Class/CDC/Src/usbd_cdc.o
 .text.USBD_CDC_GetFSCfgDesc
                0x0000000008004cbc        0xc Middlewares/ST/STM32_USB_Device_Library/Class/CDC/Src/usbd_cdc.o
 .text.USBD_CDC_GetHSCfgDesc
                0x0000000008004cc8        0xc Middlewares/ST/STM32_USB_Device_Library/Class/CDC/Src/usbd_cdc.o
 .text.USBD_CDC_GetOtherSpeedCfgDesc
                0x0000000008004cd4        0xc Middlewares/ST/STM32_USB_Device_Library/Class/CDC/Src/usbd_cdc.o
 .text.USBD_CDC_GetDeviceQualifierDescriptor
                0x0000000008004ce0        0xc Middlewares/ST/STM32_USB_Device_Library/Class/CDC/Src/usbd_cdc.o
                0x0000000008004ce0                USBD_CDC_GetDeviceQualifierDescriptor
 .text.USBD_CDC_DataOut
                0x0000000008004cec       0x2e Middlewares/ST/STM32_USB_Device_Library/Class/CDC/Src/usbd_cdc.o
 .text.USBD_CDC_DataIn
                0x0000000008004d1a       0x40 Middlewares/ST/STM32_USB_Device_Library/Class/CDC/Src/usbd_cdc.o
 .text.USBD_CDC_Setup
                0x0000000008004d5a       0xbc Middlewares/ST/STM32_USB_Device_Library/Class/CDC/Src/usbd_cdc.o
 .text.USBD_CDC_DeInit
                0x0000000008004e16       0x42 Middlewares/ST/STM32_USB_Device_Library/Class/CDC/Src/usbd_cdc.o
 .text.USBD_CDC_Init
                0x0000000008004e58       0xa6 Middlewares/ST/STM32_USB_Device_Library/Class/CDC/Src/usbd_cdc.o
 .text.USBD_CDC_RegisterInterface
                0x0000000008004efe        0xe Middlewares/ST/STM32_USB_Device_Library/Class/CDC/Src/usbd_cdc.o
                0x0000000008004efe                USBD_CDC_RegisterInterface
 .text.USBD_CDC_SetTxBuffer
                0x0000000008004f0c       0x10 Middlewares/ST/STM32_USB_Device_Library/Class/CDC/Src/usbd_cdc.o
                0x0000000008004f0c                USBD_CDC_SetTxBuffer
 .text.USBD_CDC_SetRxBuffer
                0x0000000008004f1c        0xc Middlewares/ST/STM32_USB_Device_Library/Class/CDC/Src/usbd_cdc.o
                0x0000000008004f1c                USBD_CDC_SetRxBuffer
 .text.USBD_CDC_ReceivePacket
                0x0000000008004f28       0x26 Middlewares/ST/STM32_USB_Device_Library/Class/CDC/Src/usbd_cdc.o
                0x0000000008004f28                USBD_CDC_ReceivePacket
 .text.USBD_Init
                0x0000000008004f4e       0x2a Middlewares/ST/STM32_USB_Device_Library/Core/Src/usbd_core.o
                0x0000000008004f4e                USBD_Init
 .text.USBD_RegisterClass
                0x0000000008004f78        0xe Middlewares/ST/STM32_USB_Device_Library/Core/Src/usbd_core.o
                0x0000000008004f78                USBD_RegisterClass
 .text.USBD_Start
                0x0000000008004f86        0xa Middlewares/ST/STM32_USB_Device_Library/Core/Src/usbd_core.o
                0x0000000008004f86                USBD_Start
 .text.USBD_SetClassConfig
                0x0000000008004f90       0x16 Middlewares/ST/STM32_USB_Device_Library/Core/Src/usbd_core.o
                0x0000000008004f90                USBD_SetClassConfig
 .text.USBD_ClrClassConfig
                0x0000000008004fa6        0xe Middlewares/ST/STM32_USB_Device_Library/Core/Src/usbd_core.o
                0x0000000008004fa6                USBD_ClrClassConfig
 .text.USBD_LL_SetupStage
                0x0000000008004fb4       0x5a Middlewares/ST/STM32_USB_Device_Library/Core/Src/usbd_core.o
                0x0000000008004fb4                USBD_LL_SetupStage
 .text.USBD_LL_DataOutStage
                0x000000000800500e       0x74 Middlewares/ST/STM32_USB_Device_Library/Core/Src/usbd_core.o
                0x000000000800500e                USBD_LL_DataOutStage
 .text.USBD_LL_DataInStage
                0x0000000008005082       0xb6 Middlewares/ST/STM32_USB_Device_Library/Core/Src/usbd_core.o
                0x0000000008005082                USBD_LL_DataInStage
 .text.USBD_LL_Reset
                0x0000000008005138       0x4e Middlewares/ST/STM32_USB_Device_Library/Core/Src/usbd_core.o
                0x0000000008005138                USBD_LL_Reset
 .text.USBD_LL_SetSpeed
                0x0000000008005186        0x6 Middlewares/ST/STM32_USB_Device_Library/Core/Src/usbd_core.o
                0x0000000008005186                USBD_LL_SetSpeed
 .text.USBD_LL_Suspend
                0x000000000800518c       0x12 Middlewares/ST/STM32_USB_Device_Library/Core/Src/usbd_core.o
                0x000000000800518c                USBD_LL_Suspend
 .text.USBD_LL_Resume
                0x000000000800519e       0x14 Middlewares/ST/STM32_USB_Device_Library/Core/Src/usbd_core.o
                0x000000000800519e                USBD_LL_Resume
 .text.USBD_LL_SOF
                0x00000000080051b2       0x18 Middlewares/ST/STM32_USB_Device_Library/Core/Src/usbd_core.o
                0x00000000080051b2                USBD_LL_SOF
 .text.USBD_CtlError.constprop.1
                0x00000000080051ca       0x16 Middlewares/ST/STM32_USB_Device_Library/Core/Src/usbd_ctlreq.o
 .text.USBD_StdDevReq
                0x00000000080051e0      0x248 Middlewares/ST/STM32_USB_Device_Library/Core/Src/usbd_ctlreq.o
                0x00000000080051e0                USBD_StdDevReq
 .text.USBD_StdItfReq
                0x0000000008005428       0x4a Middlewares/ST/STM32_USB_Device_Library/Core/Src/usbd_ctlreq.o
                0x0000000008005428                USBD_StdItfReq
 .text.USBD_StdEPReq
                0x0000000008005472      0x112 Middlewares/ST/STM32_USB_Device_Library/Core/Src/usbd_ctlreq.o
                0x0000000008005472                USBD_StdEPReq
 .text.USBD_ParseSetupRequest
                0x0000000008005584       0x28 Middlewares/ST/STM32_USB_Device_Library/Core/Src/usbd_ctlreq.o
                0x0000000008005584                USBD_ParseSetupRequest
 .text.USBD_CtlError
                0x00000000080055ac       0x16 Middlewares/ST/STM32_USB_Device_Library/Core/Src/usbd_ctlreq.o
                0x00000000080055ac                USBD_CtlError
 .text.USBD_GetString
                0x00000000080055c2       0x38 Middlewares/ST/STM32_USB_Device_Library/Core/Src/usbd_ctlreq.o
                0x00000000080055c2                USBD_GetString
 .text.USBD_CtlSendData
                0x00000000080055fa       0x1a Middlewares/ST/STM32_USB_Device_Library/Core/Src/usbd_ioreq.o
                0x00000000080055fa                USBD_CtlSendData
 .text.USBD_CtlContinueSendData
                0x0000000008005614       0x10 Middlewares/ST/STM32_USB_Device_Library/Core/Src/usbd_ioreq.o
                0x0000000008005614                USBD_CtlContinueSendData
 .text.USBD_CtlPrepareRx
                0x0000000008005624       0x1e Middlewares/ST/STM32_USB_Device_Library/Core/Src/usbd_ioreq.o
                0x0000000008005624                USBD_CtlPrepareRx
 .text.USBD_CtlContinueRx
                0x0000000008005642       0x10 Middlewares/ST/STM32_USB_Device_Library/Core/Src/usbd_ioreq.o
                0x0000000008005642                USBD_CtlContinueRx
 .text.USBD_CtlSendStatus
                0x0000000008005652       0x16 Middlewares/ST/STM32_USB_Device_Library/Core/Src/usbd_ioreq.o
                0x0000000008005652                USBD_CtlSendStatus
 .text.USBD_CtlReceiveStatus
                0x0000000008005668       0x16 Middlewares/ST/STM32_USB_Device_Library/Core/Src/usbd_ioreq.o
                0x0000000008005668                USBD_CtlReceiveStatus
 *fill*         0x000000000800567e        0x2 
 .text.FATFS_LinkDriverEx
                0x0000000008005680       0x44 Middlewares/Third_Party/FatFs/src/ff_gen_drv.o
                0x0000000008005680                FATFS_LinkDriverEx
 .text.FATFS_LinkDriver
                0x00000000080056c4        0x6 Middlewares/Third_Party/FatFs/src/ff_gen_drv.o
                0x00000000080056c4                FATFS_LinkDriver
 *fill*         0x00000000080056ca        0x2 
 .text.osKernelInitialize
                0x00000000080056cc       0x38 Middlewares/Third_Party/FreeRTOS/Source/CMSIS_RTOS_V2/cmsis_os2.o
                0x00000000080056cc                osKernelInitialize
 .text.osKernelStart
                0x0000000008005704       0x40 Middlewares/Third_Party/FreeRTOS/Source/CMSIS_RTOS_V2/cmsis_os2.o
                0x0000000008005704                osKernelStart
 .text.osThreadNew
                0x0000000008005744       0xb8 Middlewares/Third_Party/FreeRTOS/Source/CMSIS_RTOS_V2/cmsis_os2.o
                0x0000000008005744                osThreadNew
 .text.osDelay  0x00000000080057fc       0x38 Middlewares/Third_Party/FreeRTOS/Source/CMSIS_RTOS_V2/cmsis_os2.o
                0x00000000080057fc                osDelay
 .text.osSemaphoreNew
                0x0000000008005834       0xb0 Middlewares/Third_Party/FreeRTOS/Source/CMSIS_RTOS_V2/cmsis_os2.o
                0x0000000008005834                osSemaphoreNew
 .text.osSemaphoreAcquire
                0x00000000080058e4       0x7c Middlewares/Third_Party/FreeRTOS/Source/CMSIS_RTOS_V2/cmsis_os2.o
                0x00000000080058e4                osSemaphoreAcquire
 .text.osSemaphoreRelease
                0x0000000008005960       0x74 Middlewares/Third_Party/FreeRTOS/Source/CMSIS_RTOS_V2/cmsis_os2.o
                0x0000000008005960                osSemaphoreRelease
 .text.osMessageQueueNew
                0x00000000080059d4       0x90 Middlewares/Third_Party/FreeRTOS/Source/CMSIS_RTOS_V2/cmsis_os2.o
                0x00000000080059d4                osMessageQueueNew
 .text.osMessageQueuePut
                0x0000000008005a64       0x88 Middlewares/Third_Party/FreeRTOS/Source/CMSIS_RTOS_V2/cmsis_os2.o
                0x0000000008005a64                osMessageQueuePut
 .text.osMessageQueueGet
                0x0000000008005aec       0x84 Middlewares/Third_Party/FreeRTOS/Source/CMSIS_RTOS_V2/cmsis_os2.o
                0x0000000008005aec                osMessageQueueGet
 .text.vApplicationGetIdleTaskMemory
                0x0000000008005b70       0x18 Middlewares/Third_Party/FreeRTOS/Source/CMSIS_RTOS_V2/cmsis_os2.o
                0x0000000008005b70                vApplicationGetIdleTaskMemory
 .text.vApplicationGetTimerTaskMemory
                0x0000000008005b88       0x18 Middlewares/Third_Party/FreeRTOS/Source/CMSIS_RTOS_V2/cmsis_os2.o
                0x0000000008005b88                vApplicationGetTimerTaskMemory
 .text.vListInitialise
                0x0000000008005ba0       0x16 Middlewares/Third_Party/FreeRTOS/Source/list.o
                0x0000000008005ba0                vListInitialise
 .text.vListInitialiseItem
                0x0000000008005bb6        0x6 Middlewares/Third_Party/FreeRTOS/Source/list.o
                0x0000000008005bb6                vListInitialiseItem
 .text.vListInsertEnd
                0x0000000008005bbc       0x18 Middlewares/Third_Party/FreeRTOS/Source/list.o
                0x0000000008005bbc                vListInsertEnd
 .text.vListInsert
                0x0000000008005bd4       0x2e Middlewares/Third_Party/FreeRTOS/Source/list.o
                0x0000000008005bd4                vListInsert
 .text.uxListRemove
                0x0000000008005c02       0x22 Middlewares/Third_Party/FreeRTOS/Source/list.o
                0x0000000008005c02                uxListRemove
 .text.prvIsQueueEmpty
                0x0000000008005c24       0x16 Middlewares/Third_Party/FreeRTOS/Source/queue.o
 .text.prvCopyDataToQueue
                0x0000000008005c3a       0x66 Middlewares/Third_Party/FreeRTOS/Source/queue.o
 .text.prvCopyDataFromQueue
                0x0000000008005ca0       0x28 Middlewares/Third_Party/FreeRTOS/Source/queue.o
 .text.prvUnlockQueue
                0x0000000008005cc8       0x70 Middlewares/Third_Party/FreeRTOS/Source/queue.o
 .text.xQueueGenericReset
                0x0000000008005d38       0x80 Middlewares/Third_Party/FreeRTOS/Source/queue.o
                0x0000000008005d38                xQueueGenericReset
 .text.xQueueGenericCreateStatic
                0x0000000008005db8       0x9a Middlewares/Third_Party/FreeRTOS/Source/queue.o
                0x0000000008005db8                xQueueGenericCreateStatic
 .text.xQueueGenericCreate
                0x0000000008005e52       0x4e Middlewares/Third_Party/FreeRTOS/Source/queue.o
                0x0000000008005e52                xQueueGenericCreate
 .text.xQueueCreateCountingSemaphoreStatic
                0x0000000008005ea0       0x44 Middlewares/Third_Party/FreeRTOS/Source/queue.o
                0x0000000008005ea0                xQueueCreateCountingSemaphoreStatic
 .text.xQueueCreateCountingSemaphore
                0x0000000008005ee4       0x3c Middlewares/Third_Party/FreeRTOS/Source/queue.o
                0x0000000008005ee4                xQueueCreateCountingSemaphore
 .text.xQueueGenericSend
                0x0000000008005f20      0x164 Middlewares/Third_Party/FreeRTOS/Source/queue.o
                0x0000000008005f20                xQueueGenericSend
 .text.xQueueGenericSendFromISR
                0x0000000008006084       0xc2 Middlewares/Third_Party/FreeRTOS/Source/queue.o
                0x0000000008006084                xQueueGenericSendFromISR
 .text.xQueueGiveFromISR
                0x0000000008006146       0xa8 Middlewares/Third_Party/FreeRTOS/Source/queue.o
                0x0000000008006146                xQueueGiveFromISR
 *fill*         0x00000000080061ee        0x2 
 .text.xQueueReceive
                0x00000000080061f0      0x140 Middlewares/Third_Party/FreeRTOS/Source/queue.o
                0x00000000080061f0                xQueueReceive
 .text.xQueueSemaphoreTake
                0x0000000008006330      0x184 Middlewares/Third_Party/FreeRTOS/Source/queue.o
                0x0000000008006330                xQueueSemaphoreTake
 .text.xQueueReceiveFromISR
                0x00000000080064b4       0x9e Middlewares/Third_Party/FreeRTOS/Source/queue.o
                0x00000000080064b4                xQueueReceiveFromISR
 *fill*         0x0000000008006552        0x2 
 .text.vQueueAddToRegistry
                0x0000000008006554       0x24 Middlewares/Third_Party/FreeRTOS/Source/queue.o
                0x0000000008006554                vQueueAddToRegistry
 .text.vQueueUnregisterQueue
                0x0000000008006578       0x28 Middlewares/Third_Party/FreeRTOS/Source/queue.o
                0x0000000008006578                vQueueUnregisterQueue
 .text.vQueueDelete
                0x00000000080065a0       0x2e Middlewares/Third_Party/FreeRTOS/Source/queue.o
                0x00000000080065a0                vQueueDelete
 .text.vQueueWaitForMessageRestricted
                0x00000000080065ce       0x46 Middlewares/Third_Party/FreeRTOS/Source/queue.o
                0x00000000080065ce                vQueueWaitForMessageRestricted
 .text.prvAddNewTaskToReadyList
                0x0000000008006614      0x100 Middlewares/Third_Party/FreeRTOS/Source/tasks.o
 .text.prvDeleteTCB
                0x0000000008006714       0x36 Middlewares/Third_Party/FreeRTOS/Source/tasks.o
 *fill*         0x000000000800674a        0x2 
 .text.prvIdleTask
                0x000000000800674c       0x64 Middlewares/Third_Party/FreeRTOS/Source/tasks.o
 .text.prvResetNextTaskUnblockTime
                0x00000000080067b0       0x24 Middlewares/Third_Party/FreeRTOS/Source/tasks.o
 .text.prvInitialiseNewTask.isra.2
                0x00000000080067d4       0x86 Middlewares/Third_Party/FreeRTOS/Source/tasks.o
 *fill*         0x000000000800685a        0x2 
 .text.prvAddCurrentTaskToDelayedList
                0x000000000800685c       0x74 Middlewares/Third_Party/FreeRTOS/Source/tasks.o
 .text.xTaskCreateStatic
                0x00000000080068d0       0x6e Middlewares/Third_Party/FreeRTOS/Source/tasks.o
                0x00000000080068d0                xTaskCreateStatic
 .text.xTaskCreate
                0x000000000800693e       0x5a Middlewares/Third_Party/FreeRTOS/Source/tasks.o
                0x000000000800693e                xTaskCreate
 .text.vTaskStartScheduler
                0x0000000008006998       0x88 Middlewares/Third_Party/FreeRTOS/Source/tasks.o
                0x0000000008006998                vTaskStartScheduler
 .text.vTaskSuspendAll
                0x0000000008006a20       0x10 Middlewares/Third_Party/FreeRTOS/Source/tasks.o
                0x0000000008006a20                vTaskSuspendAll
 .text.xTaskGetTickCount
                0x0000000008006a30        0xc Middlewares/Third_Party/FreeRTOS/Source/tasks.o
                0x0000000008006a30                xTaskGetTickCount
 .text.xTaskIncrementTick
                0x0000000008006a3c      0x120 Middlewares/Third_Party/FreeRTOS/Source/tasks.o
                0x0000000008006a3c                xTaskIncrementTick
 .text.xTaskResumeAll
                0x0000000008006b5c       0xe8 Middlewares/Third_Party/FreeRTOS/Source/tasks.o
                0x0000000008006b5c                xTaskResumeAll
 .text.vTaskDelay
                0x0000000008006c44       0x48 Middlewares/Third_Party/FreeRTOS/Source/tasks.o
                0x0000000008006c44                vTaskDelay
 .text.vTaskSwitchContext
                0x0000000008006c8c       0x78 Middlewares/Third_Party/FreeRTOS/Source/tasks.o
                0x0000000008006c8c                vTaskSwitchContext
 .text.vTaskPlaceOnEventList
                0x0000000008006d04       0x34 Middlewares/Third_Party/FreeRTOS/Source/tasks.o
                0x0000000008006d04                vTaskPlaceOnEventList
 .text.vTaskPlaceOnEventListRestricted
                0x0000000008006d38       0x40 Middlewares/Third_Party/FreeRTOS/Source/tasks.o
                0x0000000008006d38                vTaskPlaceOnEventListRestricted
 .text.xTaskRemoveFromEventList
                0x0000000008006d78       0x80 Middlewares/Third_Party/FreeRTOS/Source/tasks.o
                0x0000000008006d78                xTaskRemoveFromEventList
 .text.vTaskInternalSetTimeOutState
                0x0000000008006df8       0x18 Middlewares/Third_Party/FreeRTOS/Source/tasks.o
                0x0000000008006df8                vTaskInternalSetTimeOutState
 .text.xTaskCheckForTimeOut
                0x0000000008006e10       0x78 Middlewares/Third_Party/FreeRTOS/Source/tasks.o
                0x0000000008006e10                xTaskCheckForTimeOut
 .text.vTaskMissedYield
                0x0000000008006e88        0xc Middlewares/Third_Party/FreeRTOS/Source/tasks.o
                0x0000000008006e88                vTaskMissedYield
 .text.xTaskGetSchedulerState
                0x0000000008006e94       0x20 Middlewares/Third_Party/FreeRTOS/Source/tasks.o
                0x0000000008006e94                xTaskGetSchedulerState
 .text.xTaskPriorityInherit
                0x0000000008006eb4       0x84 Middlewares/Third_Party/FreeRTOS/Source/tasks.o
                0x0000000008006eb4                xTaskPriorityInherit
 .text.xTaskPriorityDisinherit
                0x0000000008006f38       0x84 Middlewares/Third_Party/FreeRTOS/Source/tasks.o
                0x0000000008006f38                xTaskPriorityDisinherit
 .text.vTaskPriorityDisinheritAfterTimeout
                0x0000000008006fbc       0x9c Middlewares/Third_Party/FreeRTOS/Source/tasks.o
                0x0000000008006fbc                vTaskPriorityDisinheritAfterTimeout
 .text.pvTaskIncrementMutexHeldCount
                0x0000000008007058       0x18 Middlewares/Third_Party/FreeRTOS/Source/tasks.o
                0x0000000008007058                pvTaskIncrementMutexHeldCount
 .text.prvCheckForValidListAndQueue
                0x0000000008007070       0x68 Middlewares/Third_Party/FreeRTOS/Source/timers.o
 .text.prvInsertTimerInActiveList
                0x00000000080070d8       0x3c Middlewares/Third_Party/FreeRTOS/Source/timers.o
 .text.xTimerCreateTimerTask
                0x0000000008007114       0x64 Middlewares/Third_Party/FreeRTOS/Source/timers.o
                0x0000000008007114                xTimerCreateTimerTask
 .text.xTimerGenericCommand
                0x0000000008007178       0x58 Middlewares/Third_Party/FreeRTOS/Source/timers.o
                0x0000000008007178                xTimerGenericCommand
 .text.prvSwitchTimerLists
                0x00000000080071d0       0x7c Middlewares/Third_Party/FreeRTOS/Source/timers.o
 .text.prvTimerTask
                0x000000000800724c      0x1d0 Middlewares/Third_Party/FreeRTOS/Source/timers.o
 .text.prvTaskExitError
                0x000000000800741c       0x40 Middlewares/Third_Party/FreeRTOS/Source/portable/GCC/ARM_CM3/port.o
 .text.unlikely.prvPortStartFirstTask
                0x000000000800745c       0x20 Middlewares/Third_Party/FreeRTOS/Source/portable/GCC/ARM_CM3/port.o
 .text.pxPortInitialiseStack
                0x000000000800747c       0x24 Middlewares/Third_Party/FreeRTOS/Source/portable/GCC/ARM_CM3/port.o
                0x000000000800747c                pxPortInitialiseStack
 .text.SVC_Handler
                0x00000000080074a0       0x24 Middlewares/Third_Party/FreeRTOS/Source/portable/GCC/ARM_CM3/port.o
                0x00000000080074a0                SVC_Handler
 .text.vPortEnterCritical
                0x00000000080074c4       0x44 Middlewares/Third_Party/FreeRTOS/Source/portable/GCC/ARM_CM3/port.o
                0x00000000080074c4                vPortEnterCritical
 .text.vPortExitCritical
                0x0000000008007508       0x28 Middlewares/Third_Party/FreeRTOS/Source/portable/GCC/ARM_CM3/port.o
                0x0000000008007508                vPortExitCritical
 .text.PendSV_Handler
                0x0000000008007530       0x44 Middlewares/Third_Party/FreeRTOS/Source/portable/GCC/ARM_CM3/port.o
                0x0000000008007530                PendSV_Handler
 .text.xPortSysTickHandler
                0x0000000008007574       0x2c Middlewares/Third_Party/FreeRTOS/Source/portable/GCC/ARM_CM3/port.o
                0x0000000008007574                xPortSysTickHandler
 .text.vPortSetupTimerInterrupt
                0x00000000080075a0       0x34 Middlewares/Third_Party/FreeRTOS/Source/portable/GCC/ARM_CM3/port.o
                0x00000000080075a0                vPortSetupTimerInterrupt
 .text.xPortStartScheduler
                0x00000000080075d4       0xb4 Middlewares/Third_Party/FreeRTOS/Source/portable/GCC/ARM_CM3/port.o
                0x00000000080075d4                xPortStartScheduler
 .text.vPortValidateInterruptPriority
                0x0000000008007688       0x5c Middlewares/Third_Party/FreeRTOS/Source/portable/GCC/ARM_CM3/port.o
                0x0000000008007688                vPortValidateInterruptPriority
 .text.unlikely.prvInsertBlockIntoFreeList
                0x00000000080076e4       0x48 Middlewares/Third_Party/FreeRTOS/Source/portable/MemMang/heap_4.o
 .text.pvPortMalloc
                0x000000000800772c      0x11c Middlewares/Third_Party/FreeRTOS/Source/portable/MemMang/heap_4.o
                0x000000000800772c                pvPortMalloc
 .text.vPortFree
                0x0000000008007848       0x70 Middlewares/Third_Party/FreeRTOS/Source/portable/MemMang/heap_4.o
                0x0000000008007848                vPortFree
 .text.MX_USB_DEVICE_Init
                0x00000000080078b8       0x50 USB_DEVICE/App/usb_device.o
                0x00000000080078b8                MX_USB_DEVICE_Init
 .text.CDC_DeInit_FS
                0x0000000008007908        0x4 USB_DEVICE/App/usbd_cdc_if.o
 .text.CDC_Control_FS
                0x000000000800790c        0x4 USB_DEVICE/App/usbd_cdc_if.o
 .text.CDC_Receive_FS
                0x0000000008007910       0x1c USB_DEVICE/App/usbd_cdc_if.o
 .text.CDC_Init_FS
                0x000000000800792c       0x28 USB_DEVICE/App/usbd_cdc_if.o
 .text.USBD_FS_DeviceDescriptor
                0x0000000008007954        0xc USB_DEVICE/App/usbd_desc.o
                0x0000000008007954                USBD_FS_DeviceDescriptor
 .text.USBD_FS_LangIDStrDescriptor
                0x0000000008007960        0xc USB_DEVICE/App/usbd_desc.o
                0x0000000008007960                USBD_FS_LangIDStrDescriptor
 .text.IntToUnicode
                0x000000000800796c       0x2a USB_DEVICE/App/usbd_desc.o
 *fill*         0x0000000008007996        0x2 
 .text.USBD_FS_SerialStrDescriptor
                0x0000000008007998       0x40 USB_DEVICE/App/usbd_desc.o
                0x0000000008007998                USBD_FS_SerialStrDescriptor
 .text.USBD_FS_ManufacturerStrDescriptor
                0x00000000080079d8       0x1c USB_DEVICE/App/usbd_desc.o
                0x00000000080079d8                USBD_FS_ManufacturerStrDescriptor
 .text.USBD_FS_ProductStrDescriptor
                0x00000000080079f4       0x1c USB_DEVICE/App/usbd_desc.o
                0x00000000080079f4                USBD_FS_ProductStrDescriptor
 .text.USBD_FS_ConfigStrDescriptor
                0x0000000008007a10       0x1c USB_DEVICE/App/usbd_desc.o
                0x0000000008007a10                USBD_FS_ConfigStrDescriptor
 .text.USBD_FS_InterfaceStrDescriptor
                0x0000000008007a2c       0x1c USB_DEVICE/App/usbd_desc.o
                0x0000000008007a2c                USBD_FS_InterfaceStrDescriptor
 .text.HAL_PCD_MspInit
                0x0000000008007a48       0x40 USB_DEVICE/Target/usbd_conf.o
                0x0000000008007a48                HAL_PCD_MspInit
 .text.HAL_PCD_SetupStageCallback
                0x0000000008007a88        0xc USB_DEVICE/Target/usbd_conf.o
                0x0000000008007a88                HAL_PCD_SetupStageCallback
 .text.HAL_PCD_DataOutStageCallback
                0x0000000008007a94       0x10 USB_DEVICE/Target/usbd_conf.o
                0x0000000008007a94                HAL_PCD_DataOutStageCallback
 .text.HAL_PCD_DataInStageCallback
                0x0000000008007aa4        0xe USB_DEVICE/Target/usbd_conf.o
                0x0000000008007aa4                HAL_PCD_DataInStageCallback
 .text.HAL_PCD_SOFCallback
                0x0000000008007ab2        0x8 USB_DEVICE/Target/usbd_conf.o
                0x0000000008007ab2                HAL_PCD_SOFCallback
 .text.HAL_PCD_ResetCallback
                0x0000000008007aba       0x24 USB_DEVICE/Target/usbd_conf.o
                0x0000000008007aba                HAL_PCD_ResetCallback
 *fill*         0x0000000008007ade        0x2 
 .text.HAL_PCD_SuspendCallback
                0x0000000008007ae0       0x20 USB_DEVICE/Target/usbd_conf.o
                0x0000000008007ae0                HAL_PCD_SuspendCallback
 .text.HAL_PCD_ResumeCallback
                0x0000000008007b00        0x8 USB_DEVICE/Target/usbd_conf.o
                0x0000000008007b00                HAL_PCD_ResumeCallback
 .text.USBD_LL_Init
                0x0000000008007b08       0x84 USB_DEVICE/Target/usbd_conf.o
                0x0000000008007b08                USBD_LL_Init
 .text.USBD_LL_Start
                0x0000000008007b8c       0x1c USB_DEVICE/Target/usbd_conf.o
                0x0000000008007b8c                USBD_LL_Start
 .text.USBD_LL_OpenEP
                0x0000000008007ba8       0x20 USB_DEVICE/Target/usbd_conf.o
                0x0000000008007ba8                USBD_LL_OpenEP
 .text.USBD_LL_CloseEP
                0x0000000008007bc8       0x1c USB_DEVICE/Target/usbd_conf.o
                0x0000000008007bc8                USBD_LL_CloseEP
 .text.USBD_LL_StallEP
                0x0000000008007be4       0x1c USB_DEVICE/Target/usbd_conf.o
                0x0000000008007be4                USBD_LL_StallEP
 .text.USBD_LL_ClearStallEP
                0x0000000008007c00       0x1c USB_DEVICE/Target/usbd_conf.o
                0x0000000008007c00                USBD_LL_ClearStallEP
 .text.USBD_LL_IsStallEP
                0x0000000008007c1c       0x20 USB_DEVICE/Target/usbd_conf.o
                0x0000000008007c1c                USBD_LL_IsStallEP
 .text.USBD_LL_SetUSBAddress
                0x0000000008007c3c       0x1c USB_DEVICE/Target/usbd_conf.o
                0x0000000008007c3c                USBD_LL_SetUSBAddress
 .text.USBD_LL_Transmit
                0x0000000008007c58       0x1c USB_DEVICE/Target/usbd_conf.o
                0x0000000008007c58                USBD_LL_Transmit
 .text.USBD_LL_PrepareReceive
                0x0000000008007c74       0x1c USB_DEVICE/Target/usbd_conf.o
                0x0000000008007c74                USBD_LL_PrepareReceive
 .text.USBD_LL_GetRxDataSize
                0x0000000008007c90        0x8 USB_DEVICE/Target/usbd_conf.o
                0x0000000008007c90                USBD_LL_GetRxDataSize
 .text.USBD_static_malloc
                0x0000000008007c98        0x8 USB_DEVICE/Target/usbd_conf.o
                0x0000000008007c98                USBD_static_malloc
 .text.USBD_static_free
                0x0000000008007ca0        0x2 USB_DEVICE/Target/usbd_conf.o
                0x0000000008007ca0                USBD_static_free
 .text.HAL_PCDEx_SetConnectionState
                0x0000000008007ca2        0x2 USB_DEVICE/Target/usbd_conf.o
                0x0000000008007ca2                HAL_PCDEx_SetConnectionState
 .text.__errno  0x0000000008007ca4        0xc c:/st/stm32cubeide_1.3.0/stm32cubeide/plugins/com.st.stm32cube.ide.mcu.externaltools.gnu-tools-for-stm32.7-2018-q2-update.win32_1.0.0.201904181610/tools/bin/../lib/gcc/arm-none-eabi/7.3.1/../../../../arm-none-eabi/lib/thumb/v7-m\libc_nano.a(lib_a-errno.o)
                0x0000000008007ca4                __errno
 .text.__libc_init_array
                0x0000000008007cb0       0x48 c:/st/stm32cubeide_1.3.0/stm32cubeide/plugins/com.st.stm32cube.ide.mcu.externaltools.gnu-tools-for-stm32.7-2018-q2-update.win32_1.0.0.201904181610/tools/bin/../lib/gcc/arm-none-eabi/7.3.1/../../../../arm-none-eabi/lib/thumb/v7-m\libc_nano.a(lib_a-init.o)
                0x0000000008007cb0                __libc_init_array
 .text.malloc   0x0000000008007cf8       0x10 c:/st/stm32cubeide_1.3.0/stm32cubeide/plugins/com.st.stm32cube.ide.mcu.externaltools.gnu-tools-for-stm32.7-2018-q2-update.win32_1.0.0.201904181610/tools/bin/../lib/gcc/arm-none-eabi/7.3.1/../../../../arm-none-eabi/lib/thumb/v7-m\libc_nano.a(lib_a-malloc.o)
                0x0000000008007cf8                malloc
 .text.memcpy   0x0000000008007d08       0x16 c:/st/stm32cubeide_1.3.0/stm32cubeide/plugins/com.st.stm32cube.ide.mcu.externaltools.gnu-tools-for-stm32.7-2018-q2-update.win32_1.0.0.201904181610/tools/bin/../lib/gcc/arm-none-eabi/7.3.1/../../../../arm-none-eabi/lib/thumb/v7-m\libc_nano.a(lib_a-memcpy-stub.o)
                0x0000000008007d08                memcpy
 .text.memset   0x0000000008007d1e       0x10 c:/st/stm32cubeide_1.3.0/stm32cubeide/plugins/com.st.stm32cube.ide.mcu.externaltools.gnu-tools-for-stm32.7-2018-q2-update.win32_1.0.0.201904181610/tools/bin/../lib/gcc/arm-none-eabi/7.3.1/../../../../arm-none-eabi/lib/thumb/v7-m\libc_nano.a(lib_a-memset.o)
                0x0000000008007d1e                memset
 *fill*         0x0000000008007d2e        0x2 
 .text._free_r  0x0000000008007d30       0x98 c:/st/stm32cubeide_1.3.0/stm32cubeide/plugins/com.st.stm32cube.ide.mcu.externaltools.gnu-tools-for-stm32.7-2018-q2-update.win32_1.0.0.201904181610/tools/bin/../lib/gcc/arm-none-eabi/7.3.1/../../../../arm-none-eabi/lib/thumb/v7-m\libc_nano.a(lib_a-nano-freer.o)
                0x0000000008007d30                _free_r
 .text._malloc_r
                0x0000000008007dc8       0xb4 c:/st/stm32cubeide_1.3.0/stm32cubeide/plugins/com.st.stm32cube.ide.mcu.externaltools.gnu-tools-for-stm32.7-2018-q2-update.win32_1.0.0.201904181610/tools/bin/../lib/gcc/arm-none-eabi/7.3.1/../../../../arm-none-eabi/lib/thumb/v7-m\libc_nano.a(lib_a-nano-mallocr.o)
                0x0000000008007dc8                _malloc_r
 .text.__cvt    0x0000000008007e7c       0xb8 c:/st/stm32cubeide_1.3.0/stm32cubeide/plugins/com.st.stm32cube.ide.mcu.externaltools.gnu-tools-for-stm32.7-2018-q2-update.win32_1.0.0.201904181610/tools/bin/../lib/gcc/arm-none-eabi/7.3.1/../../../../arm-none-eabi/lib/thumb/v7-m\libc_nano.a(lib_a-nano-vfprintf_float.o)
                0x0000000008007e7c                __cvt
 .text.__exponent
                0x0000000008007f34       0x6a c:/st/stm32cubeide_1.3.0/stm32cubeide/plugins/com.st.stm32cube.ide.mcu.externaltools.gnu-tools-for-stm32.7-2018-q2-update.win32_1.0.0.201904181610/tools/bin/../lib/gcc/arm-none-eabi/7.3.1/../../../../arm-none-eabi/lib/thumb/v7-m\libc_nano.a(lib_a-nano-vfprintf_float.o)
                0x0000000008007f34                __exponent
 *fill*         0x0000000008007f9e        0x2 
 .text._printf_float
                0x0000000008007fa0      0x46c c:/st/stm32cubeide_1.3.0/stm32cubeide/plugins/com.st.stm32cube.ide.mcu.externaltools.gnu-tools-for-stm32.7-2018-q2-update.win32_1.0.0.201904181610/tools/bin/../lib/gcc/arm-none-eabi/7.3.1/../../../../arm-none-eabi/lib/thumb/v7-m\libc_nano.a(lib_a-nano-vfprintf_float.o)
                0x0000000008007fa0                _printf_float
 .text._printf_common
                0x000000000800840c       0xec c:/st/stm32cubeide_1.3.0/stm32cubeide/plugins/com.st.stm32cube.ide.mcu.externaltools.gnu-tools-for-stm32.7-2018-q2-update.win32_1.0.0.201904181610/tools/bin/../lib/gcc/arm-none-eabi/7.3.1/../../../../arm-none-eabi/lib/thumb/v7-m\libc_nano.a(lib_a-nano-vfprintf_i.o)
                0x000000000800840c                _printf_common
 .text._printf_i
                0x00000000080084f8      0x224 c:/st/stm32cubeide_1.3.0/stm32cubeide/plugins/com.st.stm32cube.ide.mcu.externaltools.gnu-tools-for-stm32.7-2018-q2-update.win32_1.0.0.201904181610/tools/bin/../lib/gcc/arm-none-eabi/7.3.1/../../../../arm-none-eabi/lib/thumb/v7-m\libc_nano.a(lib_a-nano-vfprintf_i.o)
                0x00000000080084f8                _printf_i
 .text._sbrk_r  0x000000000800871c       0x20 c:/st/stm32cubeide_1.3.0/stm32cubeide/plugins/com.st.stm32cube.ide.mcu.externaltools.gnu-tools-for-stm32.7-2018-q2-update.win32_1.0.0.201904181610/tools/bin/../lib/gcc/arm-none-eabi/7.3.1/../../../../arm-none-eabi/lib/thumb/v7-m\libc_nano.a(lib_a-sbrkr.o)
                0x000000000800871c                _sbrk_r
 .text.sprintf  0x000000000800873c       0x40 c:/st/stm32cubeide_1.3.0/stm32cubeide/plugins/com.st.stm32cube.ide.mcu.externaltools.gnu-tools-for-stm32.7-2018-q2-update.win32_1.0.0.201904181610/tools/bin/../lib/gcc/arm-none-eabi/7.3.1/../../../../arm-none-eabi/lib/thumb/v7-m\libc_nano.a(lib_a-sprintf.o)
                0x000000000800873c                siprintf
                0x000000000800873c                sprintf
 .text.quorem   0x000000000800877c      0x11c c:/st/stm32cubeide_1.3.0/stm32cubeide/plugins/com.st.stm32cube.ide.mcu.externaltools.gnu-tools-for-stm32.7-2018-q2-update.win32_1.0.0.201904181610/tools/bin/../lib/gcc/arm-none-eabi/7.3.1/../../../../arm-none-eabi/lib/thumb/v7-m\libc_nano.a(lib_a-dtoa.o)
 .text._dtoa_r  0x0000000008008898      0xb68 c:/st/stm32cubeide_1.3.0/stm32cubeide/plugins/com.st.stm32cube.ide.mcu.externaltools.gnu-tools-for-stm32.7-2018-q2-update.win32_1.0.0.201904181610/tools/bin/../lib/gcc/arm-none-eabi/7.3.1/../../../../arm-none-eabi/lib/thumb/v7-m\libc_nano.a(lib_a-dtoa.o)
                0x0000000008008898                _dtoa_r
 .text._localeconv_r
                0x0000000008009400       0x1c c:/st/stm32cubeide_1.3.0/stm32cubeide/plugins/com.st.stm32cube.ide.mcu.externaltools.gnu-tools-for-stm32.7-2018-q2-update.win32_1.0.0.201904181610/tools/bin/../lib/gcc/arm-none-eabi/7.3.1/../../../../arm-none-eabi/lib/thumb/v7-m\libc_nano.a(lib_a-localeconv.o)
                0x0000000008009400                _localeconv_r
 .text.memchr   0x000000000800941c       0x1c c:/st/stm32cubeide_1.3.0/stm32cubeide/plugins/com.st.stm32cube.ide.mcu.externaltools.gnu-tools-for-stm32.7-2018-q2-update.win32_1.0.0.201904181610/tools/bin/../lib/gcc/arm-none-eabi/7.3.1/../../../../arm-none-eabi/lib/thumb/v7-m\libc_nano.a(lib_a-memchr-stub.o)
                0x000000000800941c                memchr
 .text.__malloc_lock
                0x0000000008009438        0x2 c:/st/stm32cubeide_1.3.0/stm32cubeide/plugins/com.st.stm32cube.ide.mcu.externaltools.gnu-tools-for-stm32.7-2018-q2-update.win32_1.0.0.201904181610/tools/bin/../lib/gcc/arm-none-eabi/7.3.1/../../../../arm-none-eabi/lib/thumb/v7-m\libc_nano.a(lib_a-mlock.o)
                0x0000000008009438                __malloc_lock
 .text.__malloc_unlock
                0x000000000800943a        0x2 c:/st/stm32cubeide_1.3.0/stm32cubeide/plugins/com.st.stm32cube.ide.mcu.externaltools.gnu-tools-for-stm32.7-2018-q2-update.win32_1.0.0.201904181610/tools/bin/../lib/gcc/arm-none-eabi/7.3.1/../../../../arm-none-eabi/lib/thumb/v7-m\libc_nano.a(lib_a-mlock.o)
                0x000000000800943a                __malloc_unlock
 .text._Balloc  0x000000000800943c       0x68 c:/st/stm32cubeide_1.3.0/stm32cubeide/plugins/com.st.stm32cube.ide.mcu.externaltools.gnu-tools-for-stm32.7-2018-q2-update.win32_1.0.0.201904181610/tools/bin/../lib/gcc/arm-none-eabi/7.3.1/../../../../arm-none-eabi/lib/thumb/v7-m\libc_nano.a(lib_a-mprec.o)
                0x000000000800943c                _Balloc
 .text._Bfree   0x00000000080094a4       0x2e c:/st/stm32cubeide_1.3.0/stm32cubeide/plugins/com.st.stm32cube.ide.mcu.externaltools.gnu-tools-for-stm32.7-2018-q2-update.win32_1.0.0.201904181610/tools/bin/../lib/gcc/arm-none-eabi/7.3.1/../../../../arm-none-eabi/lib/thumb/v7-m\libc_nano.a(lib_a-mprec.o)
                0x00000000080094a4                _Bfree
 .text.__multadd
                0x00000000080094d2       0x76 c:/st/stm32cubeide_1.3.0/stm32cubeide/plugins/com.st.stm32cube.ide.mcu.externaltools.gnu-tools-for-stm32.7-2018-q2-update.win32_1.0.0.201904181610/tools/bin/../lib/gcc/arm-none-eabi/7.3.1/../../../../arm-none-eabi/lib/thumb/v7-m\libc_nano.a(lib_a-mprec.o)
                0x00000000080094d2                __multadd
 .text.__hi0bits
                0x0000000008009548       0x3e c:/st/stm32cubeide_1.3.0/stm32cubeide/plugins/com.st.stm32cube.ide.mcu.externaltools.gnu-tools-for-stm32.7-2018-q2-update.win32_1.0.0.201904181610/tools/bin/../lib/gcc/arm-none-eabi/7.3.1/../../../../arm-none-eabi/lib/thumb/v7-m\libc_nano.a(lib_a-mprec.o)
                0x0000000008009548                __hi0bits
 .text.__lo0bits
                0x0000000008009586       0x5e c:/st/stm32cubeide_1.3.0/stm32cubeide/plugins/com.st.stm32cube.ide.mcu.externaltools.gnu-tools-for-stm32.7-2018-q2-update.win32_1.0.0.201904181610/tools/bin/../lib/gcc/arm-none-eabi/7.3.1/../../../../arm-none-eabi/lib/thumb/v7-m\libc_nano.a(lib_a-mprec.o)
                0x0000000008009586                __lo0bits
 .text.__i2b    0x00000000080095e4       0x12 c:/st/stm32cubeide_1.3.0/stm32cubeide/plugins/com.st.stm32cube.ide.mcu.externaltools.gnu-tools-for-stm32.7-2018-q2-update.win32_1.0.0.201904181610/tools/bin/../lib/gcc/arm-none-eabi/7.3.1/../../../../arm-none-eabi/lib/thumb/v7-m\libc_nano.a(lib_a-mprec.o)
                0x00000000080095e4                __i2b
 .text.__multiply
                0x00000000080095f6      0x12a c:/st/stm32cubeide_1.3.0/stm32cubeide/plugins/com.st.stm32cube.ide.mcu.externaltools.gnu-tools-for-stm32.7-2018-q2-update.win32_1.0.0.201904181610/tools/bin/../lib/gcc/arm-none-eabi/7.3.1/../../../../arm-none-eabi/lib/thumb/v7-m\libc_nano.a(lib_a-mprec.o)
                0x00000000080095f6                __multiply
 .text.__pow5mult
                0x0000000008009720       0x9c c:/st/stm32cubeide_1.3.0/stm32cubeide/plugins/com.st.stm32cube.ide.mcu.externaltools.gnu-tools-for-stm32.7-2018-q2-update.win32_1.0.0.201904181610/tools/bin/../lib/gcc/arm-none-eabi/7.3.1/../../../../arm-none-eabi/lib/thumb/v7-m\libc_nano.a(lib_a-mprec.o)
                0x0000000008009720                __pow5mult
 .text.__lshift
                0x00000000080097bc       0xa8 c:/st/stm32cubeide_1.3.0/stm32cubeide/plugins/com.st.stm32cube.ide.mcu.externaltools.gnu-tools-for-stm32.7-2018-q2-update.win32_1.0.0.201904181610/tools/bin/../lib/gcc/arm-none-eabi/7.3.1/../../../../arm-none-eabi/lib/thumb/v7-m\libc_nano.a(lib_a-mprec.o)
                0x00000000080097bc                __lshift
 .text.__mcmp   0x0000000008009864       0x34 c:/st/stm32cubeide_1.3.0/stm32cubeide/plugins/com.st.stm32cube.ide.mcu.externaltools.gnu-tools-for-stm32.7-2018-q2-update.win32_1.0.0.201904181610/tools/bin/../lib/gcc/arm-none-eabi/7.3.1/../../../../arm-none-eabi/lib/thumb/v7-m\libc_nano.a(lib_a-mprec.o)
                0x0000000008009864                __mcmp
 .text.__mdiff  0x0000000008009898       0xbc c:/st/stm32cubeide_1.3.0/stm32cubeide/plugins/com.st.stm32cube.ide.mcu.externaltools.gnu-tools-for-stm32.7-2018-q2-update.win32_1.0.0.201904181610/tools/bin/../lib/gcc/arm-none-eabi/7.3.1/../../../../arm-none-eabi/lib/thumb/v7-m\libc_nano.a(lib_a-mprec.o)
                0x0000000008009898                __mdiff
 .text.__d2b    0x0000000008009954       0x9e c:/st/stm32cubeide_1.3.0/stm32cubeide/plugins/com.st.stm32cube.ide.mcu.externaltools.gnu-tools-for-stm32.7-2018-q2-update.win32_1.0.0.201904181610/tools/bin/../lib/gcc/arm-none-eabi/7.3.1/../../../../arm-none-eabi/lib/thumb/v7-m\libc_nano.a(lib_a-mprec.o)
                0x0000000008009954                __d2b
 .text._calloc_r
                0x00000000080099f2       0x1c c:/st/stm32cubeide_1.3.0/stm32cubeide/plugins/com.st.stm32cube.ide.mcu.externaltools.gnu-tools-for-stm32.7-2018-q2-update.win32_1.0.0.201904181610/tools/bin/../lib/gcc/arm-none-eabi/7.3.1/../../../../arm-none-eabi/lib/thumb/v7-m\libc_nano.a(lib_a-nano-callocr.o)
                0x00000000080099f2                _calloc_r
 .text.__ssputs_r
                0x0000000008009a0e       0xb4 c:/st/stm32cubeide_1.3.0/stm32cubeide/plugins/com.st.stm32cube.ide.mcu.externaltools.gnu-tools-for-stm32.7-2018-q2-update.win32_1.0.0.201904181610/tools/bin/../lib/gcc/arm-none-eabi/7.3.1/../../../../arm-none-eabi/lib/thumb/v7-m\libc_nano.a(lib_a-nano-svfprintf.o)
                0x0000000008009a0e                __ssputs_r
 *fill*         0x0000000008009ac2        0x2 
 .text._svfprintf_r
                0x0000000008009ac4      0x1f0 c:/st/stm32cubeide_1.3.0/stm32cubeide/plugins/com.st.stm32cube.ide.mcu.externaltools.gnu-tools-for-stm32.7-2018-q2-update.win32_1.0.0.201904181610/tools/bin/../lib/gcc/arm-none-eabi/7.3.1/../../../../arm-none-eabi/lib/thumb/v7-m\libc_nano.a(lib_a-nano-svfprintf.o)
                0x0000000008009ac4                _svfiprintf_r
                0x0000000008009ac4                _svfprintf_r
 .text.__ascii_mbtowc
                0x0000000008009cb4       0x24 c:/st/stm32cubeide_1.3.0/stm32cubeide/plugins/com.st.stm32cube.ide.mcu.externaltools.gnu-tools-for-stm32.7-2018-q2-update.win32_1.0.0.201904181610/tools/bin/../lib/gcc/arm-none-eabi/7.3.1/../../../../arm-none-eabi/lib/thumb/v7-m\libc_nano.a(lib_a-mbtowc_r.o)
                0x0000000008009cb4                __ascii_mbtowc
 .text.memmove  0x0000000008009cd8       0x32 c:/st/stm32cubeide_1.3.0/stm32cubeide/plugins/com.st.stm32cube.ide.mcu.externaltools.gnu-tools-for-stm32.7-2018-q2-update.win32_1.0.0.201904181610/tools/bin/../lib/gcc/arm-none-eabi/7.3.1/../../../../arm-none-eabi/lib/thumb/v7-m\libc_nano.a(lib_a-memmove.o)
                0x0000000008009cd8                memmove
 .text._realloc_r
                0x0000000008009d0a       0x4c c:/st/stm32cubeide_1.3.0/stm32cubeide/plugins/com.st.stm32cube.ide.mcu.externaltools.gnu-tools-for-stm32.7-2018-q2-update.win32_1.0.0.201904181610/tools/bin/../lib/gcc/arm-none-eabi/7.3.1/../../../../arm-none-eabi/lib/thumb/v7-m\libc_nano.a(lib_a-nano-reallocr.o)
                0x0000000008009d0a                _realloc_r
 .text.__ascii_wctomb
                0x0000000008009d56       0x1a c:/st/stm32cubeide_1.3.0/stm32cubeide/plugins/com.st.stm32cube.ide.mcu.externaltools.gnu-tools-for-stm32.7-2018-q2-update.win32_1.0.0.201904181610/tools/bin/../lib/gcc/arm-none-eabi/7.3.1/../../../../arm-none-eabi/lib/thumb/v7-m\libc_nano.a(lib_a-wctomb_r.o)
                0x0000000008009d56                __ascii_wctomb
 .text._malloc_usable_size_r
                0x0000000008009d70       0x10 c:/st/stm32cubeide_1.3.0/stm32cubeide/plugins/com.st.stm32cube.ide.mcu.externaltools.gnu-tools-for-stm32.7-2018-q2-update.win32_1.0.0.201904181610/tools/bin/../lib/gcc/arm-none-eabi/7.3.1/../../../../arm-none-eabi/lib/thumb/v7-m\libc_nano.a(lib_a-nano-msizer.o)
                0x0000000008009d70                _malloc_usable_size_r
 *(.glue_7)
 .glue_7        0x0000000008009d80        0x0 linker stubs
 *(.glue_7t)
 .glue_7t       0x0000000008009d80        0x0 linker stubs
 *(.eh_frame)
 .eh_frame      0x0000000008009d80        0x0 c:/st/stm32cubeide_1.3.0/stm32cubeide/plugins/com.st.stm32cube.ide.mcu.externaltools.gnu-tools-for-stm32.7-2018-q2-update.win32_1.0.0.201904181610/tools/bin/../lib/gcc/arm-none-eabi/7.3.1/thumb/v7-m/crtbegin.o
 *(.init)
 .init          0x0000000008009d80        0x4 c:/st/stm32cubeide_1.3.0/stm32cubeide/plugins/com.st.stm32cube.ide.mcu.externaltools.gnu-tools-for-stm32.7-2018-q2-update.win32_1.0.0.201904181610/tools/bin/../lib/gcc/arm-none-eabi/7.3.1/thumb/v7-m/crti.o
                0x0000000008009d80                _init
 .init          0x0000000008009d84        0x8 c:/st/stm32cubeide_1.3.0/stm32cubeide/plugins/com.st.stm32cube.ide.mcu.externaltools.gnu-tools-for-stm32.7-2018-q2-update.win32_1.0.0.201904181610/tools/bin/../lib/gcc/arm-none-eabi/7.3.1/thumb/v7-m/crtn.o
 *(.fini)
 .fini          0x0000000008009d8c        0x4 c:/st/stm32cubeide_1.3.0/stm32cubeide/plugins/com.st.stm32cube.ide.mcu.externaltools.gnu-tools-for-stm32.7-2018-q2-update.win32_1.0.0.201904181610/tools/bin/../lib/gcc/arm-none-eabi/7.3.1/thumb/v7-m/crti.o
                0x0000000008009d8c                _fini
 .fini          0x0000000008009d90        0x8 c:/st/stm32cubeide_1.3.0/stm32cubeide/plugins/com.st.stm32cube.ide.mcu.externaltools.gnu-tools-for-stm32.7-2018-q2-update.win32_1.0.0.201904181610/tools/bin/../lib/gcc/arm-none-eabi/7.3.1/thumb/v7-m/crtn.o
                0x0000000008009d98                . = ALIGN (0x4)
                0x0000000008009d98                _etext = .

.vfp11_veneer   0x0000000008009d98        0x0
 .vfp11_veneer  0x0000000008009d98        0x0 linker stubs

.v4_bx          0x0000000008009d98        0x0
 .v4_bx         0x0000000008009d98        0x0 linker stubs

.iplt           0x0000000008009d98        0x0
 .iplt          0x0000000008009d98        0x0 c:/st/stm32cubeide_1.3.0/stm32cubeide/plugins/com.st.stm32cube.ide.mcu.externaltools.gnu-tools-for-stm32.7-2018-q2-update.win32_1.0.0.201904181610/tools/bin/../lib/gcc/arm-none-eabi/7.3.1/thumb/v7-m/crtbegin.o

.rodata         0x0000000008009d98     0x19d0
                0x0000000008009d98                . = ALIGN (0x4)
 *(.rodata)
 .rodata        0x0000000008009d98       0x10 Drivers/STM32F1xx_HAL_Driver/Src/stm32f1xx_hal_rcc.o
 *(.rodata*)
 .rodata.Font11x18
                0x0000000008009da8      0xd5c Core/Src/fonts.o
 .rodata.Font7x10
                0x000000000800ab04      0x76c Core/Src/fonts.o
 .rodata.GPS_UARTQueue_attributes
                0x000000000800b270       0x18 Core/Src/main.o
                0x000000000800b270                GPS_UARTQueue_attributes
 .rodata.I2C_BinarySem_attributes
                0x000000000800b288       0x10 Core/Src/main.o
                0x000000000800b288                I2C_BinarySem_attributes
 .rodata.StartDefaultTask.str1.1
                0x000000000800b298       0x13 Core/Src/main.o
                                         0x15 (size before relaxing)
 .rodata.StartDysplayTask.str1.1
                0x000000000800b2ab       0x1b Core/Src/main.o
 *fill*         0x000000000800b2c6        0x2 
 .rodata.accelStructBinarySem_attributes
                0x000000000800b2c8       0x10 Core/Src/main.o
                0x000000000800b2c8                accelStructBinarySem_attributes
 .rodata.accelTask_attributes
                0x000000000800b2d8       0x24 Core/Src/main.o
                0x000000000800b2d8                accelTask_attributes
 .rodata.buzzerQueue_attributes
                0x000000000800b2fc       0x18 Core/Src/main.o
                0x000000000800b2fc                buzzerQueue_attributes
 .rodata.buzzerTask_attributes
                0x000000000800b314       0x24 Core/Src/main.o
                0x000000000800b314                buzzerTask_attributes
 .rodata.defaultTask_attributes
                0x000000000800b338       0x24 Core/Src/main.o
                0x000000000800b338                defaultTask_attributes
 .rodata.dysplayQueue_attributes
                0x000000000800b35c       0x18 Core/Src/main.o
                0x000000000800b35c                dysplayQueue_attributes
 .rodata.dysplayTask_attributes
                0x000000000800b374       0x24 Core/Src/main.o
                0x000000000800b374                dysplayTask_attributes
 .rodata.gpsNMEA_ParserT_attributes
                0x000000000800b398       0x24 Core/Src/main.o
                0x000000000800b398                gpsNMEA_ParserT_attributes
 .rodata.keyboardQueue_attributes
                0x000000000800b3bc       0x18 Core/Src/main.o
                0x000000000800b3bc                keyboardQueue_attributes
 .rodata.keyboardTask_attributes
                0x000000000800b3d4       0x24 Core/Src/main.o
                0x000000000800b3d4                keyboardTask_attributes
 .rodata.str1.1
                0x000000000800b3f8       0xa2 Core/Src/main.o
 .rodata.AHBPrescTable
                0x000000000800b49a       0x10 Core/Src/system_stm32f1xx.o
                0x000000000800b49a                AHBPrescTable
 .rodata.APBPrescTable
                0x000000000800b4aa        0x8 Core/Src/system_stm32f1xx.o
                0x000000000800b4aa                APBPrescTable
 .rodata.vTaskStartScheduler.str1.1
                0x000000000800b4b2        0x5 Middlewares/Third_Party/FreeRTOS/Source/tasks.o
 .rodata.prvCheckForValidListAndQueue.str1.1
                0x000000000800b4b7        0x5 Middlewares/Third_Party/FreeRTOS/Source/timers.o
 .rodata.xTimerCreateTimerTask.str1.1
                0x000000000800b4bc        0x8 Middlewares/Third_Party/FreeRTOS/Source/timers.o
 .rodata.USBD_FS_ConfigStrDescriptor.str1.1
                0x000000000800b4c4        0xb USB_DEVICE/App/usbd_desc.o
 .rodata.USBD_FS_InterfaceStrDescriptor.str1.1
                0x000000000800b4cf        0xe USB_DEVICE/App/usbd_desc.o
 .rodata.USBD_FS_ManufacturerStrDescriptor.str1.1
                0x000000000800b4dd       0x13 USB_DEVICE/App/usbd_desc.o
 .rodata.USBD_FS_ProductStrDescriptor.str1.1
                0x000000000800b4f0       0x16 USB_DEVICE/App/usbd_desc.o
 .rodata.CSWTCH.3
                0x000000000800b506        0x4 USB_DEVICE/Target/usbd_conf.o
 .rodata._printf_float.str1.1
                0x000000000800b50a       0x12 c:/st/stm32cubeide_1.3.0/stm32cubeide/plugins/com.st.stm32cube.ide.mcu.externaltools.gnu-tools-for-stm32.7-2018-q2-update.win32_1.0.0.201904181610/tools/bin/../lib/gcc/arm-none-eabi/7.3.1/../../../../arm-none-eabi/lib/thumb/v7-m\libc_nano.a(lib_a-nano-vfprintf_float.o)
 .rodata._printf_i.str1.1
                0x000000000800b51c       0x22 c:/st/stm32cubeide_1.3.0/stm32cubeide/plugins/com.st.stm32cube.ide.mcu.externaltools.gnu-tools-for-stm32.7-2018-q2-update.win32_1.0.0.201904181610/tools/bin/../lib/gcc/arm-none-eabi/7.3.1/../../../../arm-none-eabi/lib/thumb/v7-m\libc_nano.a(lib_a-nano-vfprintf_i.o)
 .rodata._dtoa_r.str1.1
                0x000000000800b53e        0xd c:/st/stm32cubeide_1.3.0/stm32cubeide/plugins/com.st.stm32cube.ide.mcu.externaltools.gnu-tools-for-stm32.7-2018-q2-update.win32_1.0.0.201904181610/tools/bin/../lib/gcc/arm-none-eabi/7.3.1/../../../../arm-none-eabi/lib/thumb/v7-m\libc_nano.a(lib_a-dtoa.o)
                                          0xf (size before relaxing)
 *fill*         0x000000000800b54b        0x5 
 .rodata.__mprec_bigtens
                0x000000000800b550       0x28 c:/st/stm32cubeide_1.3.0/stm32cubeide/plugins/com.st.stm32cube.ide.mcu.externaltools.gnu-tools-for-stm32.7-2018-q2-update.win32_1.0.0.201904181610/tools/bin/../lib/gcc/arm-none-eabi/7.3.1/../../../../arm-none-eabi/lib/thumb/v7-m\libc_nano.a(lib_a-mprec.o)
                0x000000000800b550                __mprec_bigtens
 .rodata.__mprec_tens
                0x000000000800b578       0xc8 c:/st/stm32cubeide_1.3.0/stm32cubeide/plugins/com.st.stm32cube.ide.mcu.externaltools.gnu-tools-for-stm32.7-2018-q2-update.win32_1.0.0.201904181610/tools/bin/../lib/gcc/arm-none-eabi/7.3.1/../../../../arm-none-eabi/lib/thumb/v7-m\libc_nano.a(lib_a-mprec.o)
                0x000000000800b578                __mprec_tens
 .rodata.p05.6084
                0x000000000800b640        0xc c:/st/stm32cubeide_1.3.0/stm32cubeide/plugins/com.st.stm32cube.ide.mcu.externaltools.gnu-tools-for-stm32.7-2018-q2-update.win32_1.0.0.201904181610/tools/bin/../lib/gcc/arm-none-eabi/7.3.1/../../../../arm-none-eabi/lib/thumb/v7-m\libc_nano.a(lib_a-mprec.o)
 .rodata._svfprintf_r.str1.1
                0x000000000800b64c       0x11 c:/st/stm32cubeide_1.3.0/stm32cubeide/plugins/com.st.stm32cube.ide.mcu.externaltools.gnu-tools-for-stm32.7-2018-q2-update.win32_1.0.0.201904181610/tools/bin/../lib/gcc/arm-none-eabi/7.3.1/../../../../arm-none-eabi/lib/thumb/v7-m\libc_nano.a(lib_a-nano-svfprintf.o)
 .rodata._setlocale_r.str1.1
                0x000000000800b65d        0x8 c:/st/stm32cubeide_1.3.0/stm32cubeide/plugins/com.st.stm32cube.ide.mcu.externaltools.gnu-tools-for-stm32.7-2018-q2-update.win32_1.0.0.201904181610/tools/bin/../lib/gcc/arm-none-eabi/7.3.1/../../../../arm-none-eabi/lib/thumb/v7-m\libc_nano.a(lib_a-locale.o)
                                          0x9 (size before relaxing)
 .rodata.str1.1
                0x000000000800b665        0x2 c:/st/stm32cubeide_1.3.0/stm32cubeide/plugins/com.st.stm32cube.ide.mcu.externaltools.gnu-tools-for-stm32.7-2018-q2-update.win32_1.0.0.201904181610/tools/bin/../lib/gcc/arm-none-eabi/7.3.1/../../../../arm-none-eabi/lib/thumb/v7-m\libc_nano.a(lib_a-locale.o)
 .rodata._ctype_
                0x000000000800b667      0x101 c:/st/stm32cubeide_1.3.0/stm32cubeide/plugins/com.st.stm32cube.ide.mcu.externaltools.gnu-tools-for-stm32.7-2018-q2-update.win32_1.0.0.201904181610/tools/bin/../lib/gcc/arm-none-eabi/7.3.1/../../../../arm-none-eabi/lib/thumb/v7-m\libc_nano.a(lib_a-ctype_.o)
                0x000000000800b667                _ctype_
                0x000000000800b768                . = ALIGN (0x4)

.rel.dyn        0x000000000800b768        0x0