keyboard.cpp:5:6:void Keyboard::Button::setDefaultBuzzer()	0	static
keyboard.cpp:12:15:buzzerStruct Keyboard::Button::getBuzzer(Keyboard::ButtonState)	0	static
keyboard.cpp:34:1:Keyboard::Button::Button(GPIO_TypeDef*, uint16_t, const char*)	16	static
keyboard.cpp:42:6:bool Keyboard::Button::readPin()	8	static
keyboard.cpp:82:6:void Keyboard::Button::btnShortPressed()	8	static
keyboard.cpp:87:6:void Keyboard::Button::btnLongPressed()	0	static
keyboard.cpp:91:6:void Keyboard::Button::btnShortReleased()	0	static
keyboard.cpp:95:6:void Keyboard::Button::btnLongReleased()	0	static
keyboard.cpp:102:6:bool Keyboard::Button::checkLongpress()	8	static
keyboard.cpp:47:13:Keyboard::ButtonState Keyboard::Button::getState()	8	static
keyboard.cpp:112:1:Keyboard::Hadler::Hadler(void**, void**)	24	static
keyboard.cpp:116:6:void Keyboard::Hadler::checkKeyboard()	24	static
