ssd1306.cpp:22:13:void ssd1306_WriteCommand(uint8_t)	32	static
ssd1306.cpp:86:6:void ssd1306_Fill(SSD1306_COLOR)	0	static
ssd1306.cpp:100:6:void ssd1306_UpdateScreen()	32	static
ssd1306.cpp:33:9:uint8_t ssd1306_Init()	8	static
ssd1306.cpp:120:6:void ssd1306_DrawPixel(uint8_t, uint8_t, SSD1306_COLOR)	12	static
ssd1306.cpp:151:6:char ssd1306_WriteChar(char, FontDef, SSD1306_COLOR)	64	static
ssd1306.cpp:190:6:char ssd1306_WriteString(const char*, FontDef, SSD1306_COLOR)	32	static
ssd1306.cpp:212:6:void ssd1306_SetCursor(uint8_t, uint8_t)	0	static
