stm32f1xx_hal_msp.c:66:6:HAL_MspInit	16	static
stm32f1xx_hal_msp.c:94:6:HAL_I2C_MspInit	32	static
stm32f1xx_hal_msp.c:130:6:HAL_I2C_MspDeInit	0	static
stm32f1xx_hal_msp.c:159:6:HAL_SPI_MspInit	32	static
stm32f1xx_hal_msp.c:199:6:HAL_SPI_MspDeInit	0	static
stm32f1xx_hal_msp.c:229:6:HAL_TIM_PWM_MspInit	8	static
stm32f1xx_hal_msp.c:245:6:HAL_TIM_MspPostInit	32	static
stm32f1xx_hal_msp.c:275:6:HAL_TIM_PWM_MspDeInit	0	static
stm32f1xx_hal_msp.c:297:6:HAL_UART_MspInit	40	static
stm32f1xx_hal_msp.c:366:6:HAL_UART_MspDeInit	8	static
stm32f1xx_hal_msp.c:415:6:HAL_PCD_MspInit	8	static
stm32f1xx_hal_msp.c:437:6:HAL_PCD_MspDeInit	0	static
