stm32f1xx_hal_msp.c:71:6:HAL_MspInit	16	static
stm32f1xx_hal_msp.c:99:6:HAL_I2C_MspInit	32	static
stm32f1xx_hal_msp.c:135:6:HAL_I2C_MspDeInit	0	static
stm32f1xx_hal_msp.c:164:6:HAL_SPI_MspInit	48	static
stm32f1xx_hal_msp.c:240:6:HAL_SPI_MspDeInit	8	static
stm32f1xx_hal_msp.c:276:6:HAL_TIM_PWM_MspInit	8	static
stm32f1xx_hal_msp.c:292:6:HAL_TIM_MspPostInit	32	static
stm32f1xx_hal_msp.c:322:6:HAL_TIM_PWM_MspDeInit	0	static
stm32f1xx_hal_msp.c:344:6:HAL_UART_MspInit	56	static
stm32f1xx_hal_msp.c:430:6:HAL_UART_MspDeInit	8	static
