stm32f1xx_it.c:79:6:NMI_Handler	0	static
stm32f1xx_it.c:92:6:HardFault_Handler	0	static
stm32f1xx_it.c:107:6:MemManage_Handler	0	static
stm32f1xx_it.c:122:6:BusFault_Handler	0	static
stm32f1xx_it.c:137:6:UsageFault_Handler	0	static
stm32f1xx_it.c:152:6:DebugMon_Handler	0	static
stm32f1xx_it.c:165:6:SysTick_Handler	8	static
stm32f1xx_it.c:194:6:DMA1_Channel2_IRQHandler	0	static
stm32f1xx_it.c:208:6:DMA1_Channel4_IRQHandler	0	static
stm32f1xx_it.c:222:6:DMA1_Channel5_IRQHandler	0	static
stm32f1xx_it.c:236:6:SPI2_IRQHandler	0	static
stm32f1xx_it.c:250:6:USART1_IRQHandler	8	static
stm32f1xx_it.c:284:6:EXTI15_10_IRQHandler	8	static
